[0.204s] DEBUG:colcon:Command line arguments: ['/usr/bin/colcon', 'build']
[0.204s] DEBUG:colcon:Parsed command line arguments: Namespace(log_base=None, log_level=None, verb_name='build', build_base='build', install_base='install', merge_install=False, symlink_install=False, test_result_base=None, continue_on_error=False, executor='parallel', parallel_workers=16, event_handlers=None, ignore_user_meta=False, metas=['./colcon.meta'], base_paths=['.'], packages_ignore=None, packages_ignore_regex=None, paths=None, packages_up_to=None, packages_up_to_regex=None, packages_above=None, packages_above_and_dependencies=None, packages_above_depth=None, packages_select_by_dep=None, packages_skip_by_dep=None, packages_skip_up_to=None, packages_select_build_failed=False, packages_skip_build_finished=False, packages_select_test_failures=False, packages_skip_test_passed=False, packages_select=None, packages_skip=None, packages_select_regex=None, packages_skip_regex=None, packages_start=None, packages_end=None, allow_overriding=[], cmake_args=None, cmake_target=None, cmake_target_skip_unavailable=False, cmake_clean_cache=False, cmake_clean_first=False, cmake_force_configure=False, ament_cmake_args=None, catkin_cmake_args=None, catkin_skip_building_tests=False, verb_parser=<colcon_defaults.argument_parser.defaults.DefaultArgumentsDecorator object at 0x7bf8ab618dd0>, verb_extension=<colcon_core.verb.build.BuildVerb object at 0x7bf8ab618bc0>, main=<bound method BuildVerb.main of <colcon_core.verb.build.BuildVerb object at 0x7bf8ab618bc0>>)
[0.273s] Level 1:colcon.colcon_core.package_discovery:discover_packages(colcon_meta) check parameters
[0.273s] Level 1:colcon.colcon_core.package_discovery:discover_packages(recursive) check parameters
[0.273s] Level 1:colcon.colcon_core.package_discovery:discover_packages(ignore) check parameters
[0.274s] Level 1:colcon.colcon_core.package_discovery:discover_packages(path) check parameters
[0.274s] Level 1:colcon.colcon_core.package_discovery:discover_packages(colcon_meta) discover
[0.274s] Level 1:colcon.colcon_core.package_discovery:discover_packages(recursive) discover
[0.274s] INFO:colcon.colcon_core.package_discovery:Crawling recursively for packages in '/workspace/dev/IsaacSim/CWJ/pro450_isaacsim_ws_601'
[0.274s] Level 1:colcon.colcon_core.package_identification:_identify(.) by extensions ['ignore', 'ignore_ament_install']
[0.274s] Level 1:colcon.colcon_core.package_identification:_identify(.) by extension 'ignore'
[0.274s] Level 1:colcon.colcon_core.package_identification:_identify(.) by extension 'ignore_ament_install'
[0.274s] Level 1:colcon.colcon_core.package_identification:_identify(.) by extensions ['colcon_pkg']
[0.275s] Level 1:colcon.colcon_core.package_identification:_identify(.) by extension 'colcon_pkg'
[0.275s] Level 1:colcon.colcon_core.package_identification:_identify(.) by extensions ['colcon_meta']
[0.275s] Level 1:colcon.colcon_core.package_identification:_identify(.) by extension 'colcon_meta'
[0.275s] Level 1:colcon.colcon_core.package_identification:_identify(.) by extensions ['ros']
[0.275s] Level 1:colcon.colcon_core.package_identification:_identify(.) by extension 'ros'
[0.317s] Level 1:colcon.colcon_core.package_identification:_identify(.) by extensions ['cmake', 'python']
[0.317s] Level 1:colcon.colcon_core.package_identification:_identify(.) by extension 'cmake'
[0.317s] Level 1:colcon.colcon_core.package_identification:_identify(.) by extension 'python'
[0.318s] Level 1:colcon.colcon_core.package_identification:_identify(.) by extensions ['python_setup_py']
[0.318s] Level 1:colcon.colcon_core.package_identification:_identify(.) by extension 'python_setup_py'
[0.318s] Level 1:colcon.colcon_core.package_identification:_identify(build) by extensions ['ignore', 'ignore_ament_install']
[0.318s] Level 1:colcon.colcon_core.package_identification:_identify(build) by extension 'ignore'
[0.318s] Level 1:colcon.colcon_core.package_identification:_identify(build) ignored
[0.319s] Level 1:colcon.colcon_core.package_identification:_identify(install) by extensions ['ignore', 'ignore_ament_install']
[0.319s] Level 1:colcon.colcon_core.package_identification:_identify(install) by extension 'ignore'
[0.319s] Level 1:colcon.colcon_core.package_identification:_identify(install) ignored
[0.320s] Level 1:colcon.colcon_core.package_identification:_identify(log) by extensions ['ignore', 'ignore_ament_install']
[0.320s] Level 1:colcon.colcon_core.package_identification:_identify(log) by extension 'ignore'
[0.320s] Level 1:colcon.colcon_core.package_identification:_identify(log) ignored
[0.320s] Level 1:colcon.colcon_core.package_identification:_identify(src) by extensions ['ignore', 'ignore_ament_install']
[0.320s] Level 1:colcon.colcon_core.package_identification:_identify(src) by extension 'ignore'
[0.320s] Level 1:colcon.colcon_core.package_identification:_identify(src) by extension 'ignore_ament_install'
[0.321s] Level 1:colcon.colcon_core.package_identification:_identify(src) by extensions ['colcon_pkg']
[0.321s] Level 1:colcon.colcon_core.package_identification:_identify(src) by extension 'colcon_pkg'
[0.321s] Level 1:colcon.colcon_core.package_identification:_identify(src) by extensions ['colcon_meta']
[0.321s] Level 1:colcon.colcon_core.package_identification:_identify(src) by extension 'colcon_meta'
[0.321s] Level 1:colcon.colcon_core.package_identification:_identify(src) by extensions ['ros']
[0.321s] Level 1:colcon.colcon_core.package_identification:_identify(src) by extension 'ros'
[0.321s] Level 1:colcon.colcon_core.package_identification:_identify(src) by extensions ['cmake', 'python']
[0.321s] Level 1:colcon.colcon_core.package_identification:_identify(src) by extension 'cmake'
[0.321s] Level 1:colcon.colcon_core.package_identification:_identify(src) by extension 'python'
[0.322s] Level 1:colcon.colcon_core.package_identification:_identify(src) by extensions ['python_setup_py']
[0.322s] Level 1:colcon.colcon_core.package_identification:_identify(src) by extension 'python_setup_py'
[0.322s] Level 1:colcon.colcon_core.package_identification:_identify(src/mycobot450_isaacsim-6.0.1) by extensions ['ignore', 'ignore_ament_install']
[0.322s] Level 1:colcon.colcon_core.package_identification:_identify(src/mycobot450_isaacsim-6.0.1) by extension 'ignore'
[0.322s] Level 1:colcon.colcon_core.package_identification:_identify(src/mycobot450_isaacsim-6.0.1) by extension 'ignore_ament_install'
[0.322s] Level 1:colcon.colcon_core.package_identification:_identify(src/mycobot450_isaacsim-6.0.1) by extensions ['colcon_pkg']
[0.323s] Level 1:colcon.colcon_core.package_identification:_identify(src/mycobot450_isaacsim-6.0.1) by extension 'colcon_pkg'
[0.323s] Level 1:colcon.colcon_core.package_identification:_identify(src/mycobot450_isaacsim-6.0.1) by extensions ['colcon_meta']
[0.323s] Level 1:colcon.colcon_core.package_identification:_identify(src/mycobot450_isaacsim-6.0.1) by extension 'colcon_meta'
[0.323s] Level 1:colcon.colcon_core.package_identification:_identify(src/mycobot450_isaacsim-6.0.1) by extensions ['ros']
[0.323s] Level 1:colcon.colcon_core.package_identification:_identify(src/mycobot450_isaacsim-6.0.1) by extension 'ros'
[0.323s] Level 1:colcon.colcon_core.package_identification:_identify(src/mycobot450_isaacsim-6.0.1) by extensions ['cmake', 'python']
[0.323s] Level 1:colcon.colcon_core.package_identification:_identify(src/mycobot450_isaacsim-6.0.1) by extension 'cmake'
[0.323s] Level 1:colcon.colcon_core.package_identification:_identify(src/mycobot450_isaacsim-6.0.1) by extension 'python'
[0.323s] Level 1:colcon.colcon_core.package_identification:_identify(src/mycobot450_isaacsim-6.0.1) by extensions ['python_setup_py']
[0.323s] Level 1:colcon.colcon_core.package_identification:_identify(src/mycobot450_isaacsim-6.0.1) by extension 'python_setup_py'
[0.324s] Level 1:colcon.colcon_core.package_identification:_identify(src/mycobot450_isaacsim-6.0.1/USD) by extensions ['ignore', 'ignore_ament_install']
[0.324s] Level 1:colcon.colcon_core.package_identification:_identify(src/mycobot450_isaacsim-6.0.1/USD) by extension 'ignore'
[0.324s] Level 1:colcon.colcon_core.package_identification:_identify(src/mycobot450_isaacsim-6.0.1/USD) by extension 'ignore_ament_install'
[0.324s] Level 1:colcon.colcon_core.package_identification:_identify(src/mycobot450_isaacsim-6.0.1/USD) by extensions ['colcon_pkg']
[0.324s] Level 1:colcon.colcon_core.package_identification:_identify(src/mycobot450_isaacsim-6.0.1/USD) by extension 'colcon_pkg'
[0.324s] Level 1:colcon.colcon_core.package_identification:_identify(src/mycobot450_isaacsim-6.0.1/USD) by extensions ['colcon_meta']
[0.324s] Level 1:colcon.colcon_core.package_identification:_identify(src/mycobot450_isaacsim-6.0.1/USD) by extension 'colcon_meta'
[0.324s] Level 1:colcon.colcon_core.package_identification:_identify(src/mycobot450_isaacsim-6.0.1/USD) by extensions ['ros']
[0.324s] Level 1:colcon.colcon_core.package_identification:_identify(src/mycobot450_isaacsim-6.0.1/USD) by extension 'ros'
[0.324s] Level 1:colcon.colcon_core.package_identification:_identify(src/mycobot450_isaacsim-6.0.1/USD) by extensions ['cmake', 'python']
[0.325s] Level 1:colcon.colcon_core.package_identification:_identify(src/mycobot450_isaacsim-6.0.1/USD) by extension 'cmake'
[0.325s] Level 1:colcon.colcon_core.package_identification:_identify(src/mycobot450_isaacsim-6.0.1/USD) by extension 'python'
[0.325s] Level 1:colcon.colcon_core.package_identification:_identify(src/mycobot450_isaacsim-6.0.1/USD) by extensions ['python_setup_py']
[0.325s] Level 1:colcon.colcon_core.package_identification:_identify(src/mycobot450_isaacsim-6.0.1/USD) by extension 'python_setup_py'
[0.325s] Level 1:colcon.colcon_core.package_identification:_identify(src/mycobot450_isaacsim-6.0.1/USD/mycobot_pro_450) by extensions ['ignore', 'ignore_ament_install']
[0.325s] Level 1:colcon.colcon_core.package_identification:_identify(src/mycobot450_isaacsim-6.0.1/USD/mycobot_pro_450) by extension 'ignore'
[0.325s] Level 1:colcon.colcon_core.package_identification:_identify(src/mycobot450_isaacsim-6.0.1/USD/mycobot_pro_450) by extension 'ignore_ament_install'
[0.325s] Level 1:colcon.colcon_core.package_identification:_identify(src/mycobot450_isaacsim-6.0.1/USD/mycobot_pro_450) by extensions ['colcon_pkg']
[0.326s] Level 1:colcon.colcon_core.package_identification:_identify(src/mycobot450_isaacsim-6.0.1/USD/mycobot_pro_450) by extension 'colcon_pkg'
[0.326s] Level 1:colcon.colcon_core.package_identification:_identify(src/mycobot450_isaacsim-6.0.1/USD/mycobot_pro_450) by extensions ['colcon_meta']
[0.326s] Level 1:colcon.colcon_core.package_identification:_identify(src/mycobot450_isaacsim-6.0.1/USD/mycobot_pro_450) by extension 'colcon_meta'
[0.326s] Level 1:colcon.colcon_core.package_identification:_identify(src/mycobot450_isaacsim-6.0.1/USD/mycobot_pro_450) by extensions ['ros']
[0.326s] Level 1:colcon.colcon_core.package_identification:_identify(src/mycobot450_isaacsim-6.0.1/USD/mycobot_pro_450) by extension 'ros'
[0.326s] Level 1:colcon.colcon_core.package_identification:_identify(src/mycobot450_isaacsim-6.0.1/USD/mycobot_pro_450) by extensions ['cmake', 'python']
[0.326s] Level 1:colcon.colcon_core.package_identification:_identify(src/mycobot450_isaacsim-6.0.1/USD/mycobot_pro_450) by extension 'cmake'
[0.326s] Level 1:colcon.colcon_core.package_identification:_identify(src/mycobot450_isaacsim-6.0.1/USD/mycobot_pro_450) by extension 'python'
[0.326s] Level 1:colcon.colcon_core.package_identification:_identify(src/mycobot450_isaacsim-6.0.1/USD/mycobot_pro_450) by extensions ['python_setup_py']
[0.326s] Level 1:colcon.colcon_core.package_identification:_identify(src/mycobot450_isaacsim-6.0.1/USD/mycobot_pro_450) by extension 'python_setup_py'
[0.327s] Level 1:colcon.colcon_core.package_identification:_identify(src/mycobot450_isaacsim-6.0.1/USD/mycobot_pro_450/payloads) by extensions ['ignore', 'ignore_ament_install']
[0.327s] Level 1:colcon.colcon_core.package_identification:_identify(src/mycobot450_isaacsim-6.0.1/USD/mycobot_pro_450/payloads) by extension 'ignore'
[0.327s] Level 1:colcon.colcon_core.package_identification:_identify(src/mycobot450_isaacsim-6.0.1/USD/mycobot_pro_450/payloads) by extension 'ignore_ament_install'
[0.327s] Level 1:colcon.colcon_core.package_identification:_identify(src/mycobot450_isaacsim-6.0.1/USD/mycobot_pro_450/payloads) by extensions ['colcon_pkg']
[0.327s] Level 1:colcon.colcon_core.package_identification:_identify(src/mycobot450_isaacsim-6.0.1/USD/mycobot_pro_450/payloads) by extension 'colcon_pkg'
[0.327s] Level 1:colcon.colcon_core.package_identification:_identify(src/mycobot450_isaacsim-6.0.1/USD/mycobot_pro_450/payloads) by extensions ['colcon_meta']
[0.327s] Level 1:colcon.colcon_core.package_identification:_identify(src/mycobot450_isaacsim-6.0.1/USD/mycobot_pro_450/payloads) by extension 'colcon_meta'
[0.328s] Level 1:colcon.colcon_core.package_identification:_identify(src/mycobot450_isaacsim-6.0.1/USD/mycobot_pro_450/payloads) by extensions ['ros']
[0.328s] Level 1:colcon.colcon_core.package_identification:_identify(src/mycobot450_isaacsim-6.0.1/USD/mycobot_pro_450/payloads) by extension 'ros'
[0.328s] Level 1:colcon.colcon_core.package_identification:_identify(src/mycobot450_isaacsim-6.0.1/USD/mycobot_pro_450/payloads) by extensions ['cmake', 'python']
[0.328s] Level 1:colcon.colcon_core.package_identification:_identify(src/mycobot450_isaacsim-6.0.1/USD/mycobot_pro_450/payloads) by extension 'cmake'
[0.328s] Level 1:colcon.colcon_core.package_identification:_identify(src/mycobot450_isaacsim-6.0.1/USD/mycobot_pro_450/payloads) by extension 'python'
[0.328s] Level 1:colcon.colcon_core.package_identification:_identify(src/mycobot450_isaacsim-6.0.1/USD/mycobot_pro_450/payloads) by extensions ['python_setup_py']
[0.328s] Level 1:colcon.colcon_core.package_identification:_identify(src/mycobot450_isaacsim-6.0.1/USD/mycobot_pro_450/payloads) by extension 'python_setup_py'
[0.328s] Level 1:colcon.colcon_core.package_identification:_identify(src/mycobot450_isaacsim-6.0.1/USD/mycobot_pro_450/payloads/Physics) by extensions ['ignore', 'ignore_ament_install']
[0.329s] Level 1:colcon.colcon_core.package_identification:_identify(src/mycobot450_isaacsim-6.0.1/USD/mycobot_pro_450/payloads/Physics) by extension 'ignore'
[0.329s] Level 1:colcon.colcon_core.package_identification:_identify(src/mycobot450_isaacsim-6.0.1/USD/mycobot_pro_450/payloads/Physics) by extension 'ignore_ament_install'
[0.329s] Level 1:colcon.colcon_core.package_identification:_identify(src/mycobot450_isaacsim-6.0.1/USD/mycobot_pro_450/payloads/Physics) by extensions ['colcon_pkg']
[0.329s] Level 1:colcon.colcon_core.package_identification:_identify(src/mycobot450_isaacsim-6.0.1/USD/mycobot_pro_450/payloads/Physics) by extension 'colcon_pkg'
[0.329s] Level 1:colcon.colcon_core.package_identification:_identify(src/mycobot450_isaacsim-6.0.1/USD/mycobot_pro_450/payloads/Physics) by extensions ['colcon_meta']
[0.329s] Level 1:colcon.colcon_core.package_identification:_identify(src/mycobot450_isaacsim-6.0.1/USD/mycobot_pro_450/payloads/Physics) by extension 'colcon_meta'
[0.329s] Level 1:colcon.colcon_core.package_identification:_identify(src/mycobot450_isaacsim-6.0.1/USD/mycobot_pro_450/payloads/Physics) by extensions ['ros']
[0.330s] Level 1:colcon.colcon_core.package_identification:_identify(src/mycobot450_isaacsim-6.0.1/USD/mycobot_pro_450/payloads/Physics) by extension 'ros'
[0.330s] Level 1:colcon.colcon_core.package_identification:_identify(src/mycobot450_isaacsim-6.0.1/USD/mycobot_pro_450/payloads/Physics) by extensions ['cmake', 'python']
[0.330s] Level 1:colcon.colcon_core.package_identification:_identify(src/mycobot450_isaacsim-6.0.1/USD/mycobot_pro_450/payloads/Physics) by extension 'cmake'
[0.330s] Level 1:colcon.colcon_core.package_identification:_identify(src/mycobot450_isaacsim-6.0.1/USD/mycobot_pro_450/payloads/Physics) by extension 'python'
[0.330s] Level 1:colcon.colcon_core.package_identification:_identify(src/mycobot450_isaacsim-6.0.1/USD/mycobot_pro_450/payloads/Physics) by extensions ['python_setup_py']
[0.330s] Level 1:colcon.colcon_core.package_identification:_identify(src/mycobot450_isaacsim-6.0.1/USD/mycobot_pro_450/payloads/Physics) by extension 'python_setup_py'
[0.330s] Level 1:colcon.colcon_core.package_identification:_identify(src/mycobot450_isaacsim-6.0.1/USD/mygripper_f100) by extensions ['ignore', 'ignore_ament_install']
[0.331s] Level 1:colcon.colcon_core.package_identification:_identify(src/mycobot450_isaacsim-6.0.1/USD/mygripper_f100) by extension 'ignore'
[0.331s] Level 1:colcon.colcon_core.package_identification:_identify(src/mycobot450_isaacsim-6.0.1/USD/mygripper_f100) by extension 'ignore_ament_install'
[0.331s] Level 1:colcon.colcon_core.package_identification:_identify(src/mycobot450_isaacsim-6.0.1/USD/mygripper_f100) by extensions ['colcon_pkg']
[0.331s] Level 1:colcon.colcon_core.package_identification:_identify(src/mycobot450_isaacsim-6.0.1/USD/mygripper_f100) by extension 'colcon_pkg'
[0.331s] Level 1:colcon.colcon_core.package_identification:_identify(src/mycobot450_isaacsim-6.0.1/USD/mygripper_f100) by extensions ['colcon_meta']
[0.331s] Level 1:colcon.colcon_core.package_identification:_identify(src/mycobot450_isaacsim-6.0.1/USD/mygripper_f100) by extension 'colcon_meta'
[0.331s] Level 1:colcon.colcon_core.package_identification:_identify(src/mycobot450_isaacsim-6.0.1/USD/mygripper_f100) by extensions ['ros']
[0.331s] Level 1:colcon.colcon_core.package_identification:_identify(src/mycobot450_isaacsim-6.0.1/USD/mygripper_f100) by extension 'ros'
[0.331s] Level 1:colcon.colcon_core.package_identification:_identify(src/mycobot450_isaacsim-6.0.1/USD/mygripper_f100) by extensions ['cmake', 'python']
[0.331s] Level 1:colcon.colcon_core.package_identification:_identify(src/mycobot450_isaacsim-6.0.1/USD/mygripper_f100) by extension 'cmake'
[0.332s] Level 1:colcon.colcon_core.package_identification:_identify(src/mycobot450_isaacsim-6.0.1/USD/mygripper_f100) by extension 'python'
[0.332s] Level 1:colcon.colcon_core.package_identification:_identify(src/mycobot450_isaacsim-6.0.1/USD/mygripper_f100) by extensions ['python_setup_py']
[0.332s] Level 1:colcon.colcon_core.package_identification:_identify(src/mycobot450_isaacsim-6.0.1/USD/mygripper_f100) by extension 'python_setup_py'
[0.332s] Level 1:colcon.colcon_core.package_identification:_identify(src/mycobot450_isaacsim-6.0.1/USD/mygripper_f100/payloads) by extensions ['ignore', 'ignore_ament_install']
[0.333s] Level 1:colcon.colcon_core.package_identification:_identify(src/mycobot450_isaacsim-6.0.1/USD/mygripper_f100/payloads) by extension 'ignore'
[0.333s] Level 1:colcon.colcon_core.package_identification:_identify(src/mycobot450_isaacsim-6.0.1/USD/mygripper_f100/payloads) by extension 'ignore_ament_install'
[0.333s] Level 1:colcon.colcon_core.package_identification:_identify(src/mycobot450_isaacsim-6.0.1/USD/mygripper_f100/payloads) by extensions ['colcon_pkg']
[0.333s] Level 1:colcon.colcon_core.package_identification:_identify(src/mycobot450_isaacsim-6.0.1/USD/mygripper_f100/payloads) by extension 'colcon_pkg'
[0.333s] Level 1:colcon.colcon_core.package_identification:_identify(src/mycobot450_isaacsim-6.0.1/USD/mygripper_f100/payloads) by extensions ['colcon_meta']
[0.333s] Level 1:colcon.colcon_core.package_identification:_identify(src/mycobot450_isaacsim-6.0.1/USD/mygripper_f100/payloads) by extension 'colcon_meta'
[0.333s] Level 1:colcon.colcon_core.package_identification:_identify(src/mycobot450_isaacsim-6.0.1/USD/mygripper_f100/payloads) by extensions ['ros']
[0.333s] Level 1:colcon.colcon_core.package_identification:_identify(src/mycobot450_isaacsim-6.0.1/USD/mygripper_f100/payloads) by extension 'ros'
[0.333s] Level 1:colcon.colcon_core.package_identification:_identify(src/mycobot450_isaacsim-6.0.1/USD/mygripper_f100/payloads) by extensions ['cmake', 'python']
[0.333s] Level 1:colcon.colcon_core.package_identification:_identify(src/mycobot450_isaacsim-6.0.1/USD/mygripper_f100/payloads) by extension 'cmake'
[0.333s] Level 1:colcon.colcon_core.package_identification:_identify(src/mycobot450_isaacsim-6.0.1/USD/mygripper_f100/payloads) by extension 'python'
[0.334s] Level 1:colcon.colcon_core.package_identification:_identify(src/mycobot450_isaacsim-6.0.1/USD/mygripper_f100/payloads) by extensions ['python_setup_py']
[0.334s] Level 1:colcon.colcon_core.package_identification:_identify(src/mycobot450_isaacsim-6.0.1/USD/mygripper_f100/payloads) by extension 'python_setup_py'
[0.334s] Level 1:colcon.colcon_core.package_identification:_identify(src/mycobot450_isaacsim-6.0.1/USD/mygripper_f100/payloads/Physics) by extensions ['ignore', 'ignore_ament_install']
[0.334s] Level 1:colcon.colcon_core.package_identification:_identify(src/mycobot450_isaacsim-6.0.1/USD/mygripper_f100/payloads/Physics) by extension 'ignore'
[0.334s] Level 1:colcon.colcon_core.package_identification:_identify(src/mycobot450_isaacsim-6.0.1/USD/mygripper_f100/payloads/Physics) by extension 'ignore_ament_install'
[0.334s] Level 1:colcon.colcon_core.package_identification:_identify(src/mycobot450_isaacsim-6.0.1/USD/mygripper_f100/payloads/Physics) by extensions ['colcon_pkg']
[0.334s] Level 1:colcon.colcon_core.package_identification:_identify(src/mycobot450_isaacsim-6.0.1/USD/mygripper_f100/payloads/Physics) by extension 'colcon_pkg'
[0.334s] Level 1:colcon.colcon_core.package_identification:_identify(src/mycobot450_isaacsim-6.0.1/USD/mygripper_f100/payloads/Physics) by extensions ['colcon_meta']
[0.335s] Level 1:colcon.colcon_core.package_identification:_identify(src/mycobot450_isaacsim-6.0.1/USD/mygripper_f100/payloads/Physics) by extension 'colcon_meta'
[0.335s] Level 1:colcon.colcon_core.package_identification:_identify(src/mycobot450_isaacsim-6.0.1/USD/mygripper_f100/payloads/Physics) by extensions ['ros']
[0.335s] Level 1:colcon.colcon_core.package_identification:_identify(src/mycobot450_isaacsim-6.0.1/USD/mygripper_f100/payloads/Physics) by extension 'ros'
[0.335s] Level 1:colcon.colcon_core.package_identification:_identify(src/mycobot450_isaacsim-6.0.1/USD/mygripper_f100/payloads/Physics) by extensions ['cmake', 'python']
[0.335s] Level 1:colcon.colcon_core.package_identification:_identify(src/mycobot450_isaacsim-6.0.1/USD/mygripper_f100/payloads/Physics) by extension 'cmake'
[0.335s] Level 1:colcon.colcon_core.package_identification:_identify(src/mycobot450_isaacsim-6.0.1/USD/mygripper_f100/payloads/Physics) by extension 'python'
[0.335s] Level 1:colcon.colcon_core.package_identification:_identify(src/mycobot450_isaacsim-6.0.1/USD/mygripper_f100/payloads/Physics) by extensions ['python_setup_py']
[0.335s] Level 1:colcon.colcon_core.package_identification:_identify(src/mycobot450_isaacsim-6.0.1/USD/mygripper_f100/payloads/Physics) by extension 'python_setup_py'
[0.336s] Level 1:colcon.colcon_core.package_identification:_identify(src/mycobot450_isaacsim-6.0.1/USD/sim_450_f100) by extensions ['ignore', 'ignore_ament_install']
[0.337s] Level 1:colcon.colcon_core.package_identification:_identify(src/mycobot450_isaacsim-6.0.1/USD/sim_450_f100) by extension 'ignore'
[0.337s] Level 1:colcon.colcon_core.package_identification:_identify(src/mycobot450_isaacsim-6.0.1/USD/sim_450_f100) by extension 'ignore_ament_install'
[0.337s] Level 1:colcon.colcon_core.package_identification:_identify(src/mycobot450_isaacsim-6.0.1/USD/sim_450_f100) by extensions ['colcon_pkg']
[0.337s] Level 1:colcon.colcon_core.package_identification:_identify(src/mycobot450_isaacsim-6.0.1/USD/sim_450_f100) by extension 'colcon_pkg'
[0.337s] Level 1:colcon.colcon_core.package_identification:_identify(src/mycobot450_isaacsim-6.0.1/USD/sim_450_f100) by extensions ['colcon_meta']
[0.337s] Level 1:colcon.colcon_core.package_identification:_identify(src/mycobot450_isaacsim-6.0.1/USD/sim_450_f100) by extension 'colcon_meta'
[0.337s] Level 1:colcon.colcon_core.package_identification:_identify(src/mycobot450_isaacsim-6.0.1/USD/sim_450_f100) by extensions ['ros']
[0.337s] Level 1:colcon.colcon_core.package_identification:_identify(src/mycobot450_isaacsim-6.0.1/USD/sim_450_f100) by extension 'ros'
[0.338s] Level 1:colcon.colcon_core.package_identification:_identify(src/mycobot450_isaacsim-6.0.1/USD/sim_450_f100) by extensions ['cmake', 'python']
[0.338s] Level 1:colcon.colcon_core.package_identification:_identify(src/mycobot450_isaacsim-6.0.1/USD/sim_450_f100) by extension 'cmake'
[0.338s] Level 1:colcon.colcon_core.package_identification:_identify(src/mycobot450_isaacsim-6.0.1/USD/sim_450_f100) by extension 'python'
[0.338s] Level 1:colcon.colcon_core.package_identification:_identify(src/mycobot450_isaacsim-6.0.1/USD/sim_450_f100) by extensions ['python_setup_py']
[0.338s] Level 1:colcon.colcon_core.package_identification:_identify(src/mycobot450_isaacsim-6.0.1/USD/sim_450_f100) by extension 'python_setup_py'
[0.338s] Level 1:colcon.colcon_core.package_identification:_identify(src/mycobot450_isaacsim-6.0.1/USD/sim_450_f100/payloads) by extensions ['ignore', 'ignore_ament_install']
[0.338s] Level 1:colcon.colcon_core.package_identification:_identify(src/mycobot450_isaacsim-6.0.1/USD/sim_450_f100/payloads) by extension 'ignore'
[0.338s] Level 1:colcon.colcon_core.package_identification:_identify(src/mycobot450_isaacsim-6.0.1/USD/sim_450_f100/payloads) by extension 'ignore_ament_install'
[0.338s] Level 1:colcon.colcon_core.package_identification:_identify(src/mycobot450_isaacsim-6.0.1/USD/sim_450_f100/payloads) by extensions ['colcon_pkg']
[0.339s] Level 1:colcon.colcon_core.package_identification:_identify(src/mycobot450_isaacsim-6.0.1/USD/sim_450_f100/payloads) by extension 'colcon_pkg'
[0.339s] Level 1:colcon.colcon_core.package_identification:_identify(src/mycobot450_isaacsim-6.0.1/USD/sim_450_f100/payloads) by extensions ['colcon_meta']
[0.339s] Level 1:colcon.colcon_core.package_identification:_identify(src/mycobot450_isaacsim-6.0.1/USD/sim_450_f100/payloads) by extension 'colcon_meta'
[0.339s] Level 1:colcon.colcon_core.package_identification:_identify(src/mycobot450_isaacsim-6.0.1/USD/sim_450_f100/payloads) by extensions ['ros']
[0.339s] Level 1:colcon.colcon_core.package_identification:_identify(src/mycobot450_isaacsim-6.0.1/USD/sim_450_f100/payloads) by extension 'ros'
[0.339s] Level 1:colcon.colcon_core.package_identification:_identify(src/mycobot450_isaacsim-6.0.1/USD/sim_450_f100/payloads) by extensions ['cmake', 'python']
[0.339s] Level 1:colcon.colcon_core.package_identification:_identify(src/mycobot450_isaacsim-6.0.1/USD/sim_450_f100/payloads) by extension 'cmake'
[0.340s] Level 1:colcon.colcon_core.package_identification:_identify(src/mycobot450_isaacsim-6.0.1/USD/sim_450_f100/payloads) by extension 'python'
[0.340s] Level 1:colcon.colcon_core.package_identification:_identify(src/mycobot450_isaacsim-6.0.1/USD/sim_450_f100/payloads) by extensions ['python_setup_py']
[0.340s] Level 1:colcon.colcon_core.package_identification:_identify(src/mycobot450_isaacsim-6.0.1/USD/sim_450_f100/payloads) by extension 'python_setup_py'
[0.340s] Level 1:colcon.colcon_core.package_identification:_identify(src/mycobot450_isaacsim-6.0.1/USD/sim_450_f100/payloads/Gripper) by extensions ['ignore', 'ignore_ament_install']
[0.340s] Level 1:colcon.colcon_core.package_identification:_identify(src/mycobot450_isaacsim-6.0.1/USD/sim_450_f100/payloads/Gripper) by extension 'ignore'
[0.341s] Level 1:colcon.colcon_core.package_identification:_identify(src/mycobot450_isaacsim-6.0.1/USD/sim_450_f100/payloads/Gripper) by extension 'ignore_ament_install'
[0.341s] Level 1:colcon.colcon_core.package_identification:_identify(src/mycobot450_isaacsim-6.0.1/USD/sim_450_f100/payloads/Gripper) by extensions ['colcon_pkg']
[0.341s] Level 1:colcon.colcon_core.package_identification:_identify(src/mycobot450_isaacsim-6.0.1/USD/sim_450_f100/payloads/Gripper) by extension 'colcon_pkg'
[0.341s] Level 1:colcon.colcon_core.package_identification:_identify(src/mycobot450_isaacsim-6.0.1/USD/sim_450_f100/payloads/Gripper) by extensions ['colcon_meta']
[0.341s] Level 1:colcon.colcon_core.package_identification:_identify(src/mycobot450_isaacsim-6.0.1/USD/sim_450_f100/payloads/Gripper) by extension 'colcon_meta'
[0.341s] Level 1:colcon.colcon_core.package_identification:_identify(src/mycobot450_isaacsim-6.0.1/USD/sim_450_f100/payloads/Gripper) by extensions ['ros']
[0.342s] Level 1:colcon.colcon_core.package_identification:_identify(src/mycobot450_isaacsim-6.0.1/USD/sim_450_f100/payloads/Gripper) by extension 'ros'
[0.342s] Level 1:colcon.colcon_core.package_identification:_identify(src/mycobot450_isaacsim-6.0.1/USD/sim_450_f100/payloads/Gripper) by extensions ['cmake', 'python']
[0.342s] Level 1:colcon.colcon_core.package_identification:_identify(src/mycobot450_isaacsim-6.0.1/USD/sim_450_f100/payloads/Gripper) by extension 'cmake'
[0.343s] Level 1:colcon.colcon_core.package_identification:_identify(src/mycobot450_isaacsim-6.0.1/USD/sim_450_f100/payloads/Gripper) by extension 'python'
[0.343s] Level 1:colcon.colcon_core.package_identification:_identify(src/mycobot450_isaacsim-6.0.1/USD/sim_450_f100/payloads/Gripper) by extensions ['python_setup_py']
[0.343s] Level 1:colcon.colcon_core.package_identification:_identify(src/mycobot450_isaacsim-6.0.1/USD/sim_450_f100/payloads/Gripper) by extension 'python_setup_py'
[0.343s] Level 1:colcon.colcon_core.package_identification:_identify(src/mycobot450_isaacsim-6.0.1/pro450_isaacsim) by extensions ['ignore', 'ignore_ament_install']
[0.344s] Level 1:colcon.colcon_core.package_identification:_identify(src/mycobot450_isaacsim-6.0.1/pro450_isaacsim) by extension 'ignore'
[0.344s] Level 1:colcon.colcon_core.package_identification:_identify(src/mycobot450_isaacsim-6.0.1/pro450_isaacsim) by extension 'ignore_ament_install'
[0.344s] Level 1:colcon.colcon_core.package_identification:_identify(src/mycobot450_isaacsim-6.0.1/pro450_isaacsim) by extensions ['colcon_pkg']
[0.344s] Level 1:colcon.colcon_core.package_identification:_identify(src/mycobot450_isaacsim-6.0.1/pro450_isaacsim) by extension 'colcon_pkg'
[0.344s] Level 1:colcon.colcon_core.package_identification:_identify(src/mycobot450_isaacsim-6.0.1/pro450_isaacsim) by extensions ['colcon_meta']
[0.344s] Level 1:colcon.colcon_core.package_identification:_identify(src/mycobot450_isaacsim-6.0.1/pro450_isaacsim) by extension 'colcon_meta'
[0.344s] Level 1:colcon.colcon_core.package_identification:_identify(src/mycobot450_isaacsim-6.0.1/pro450_isaacsim) by extensions ['ros']
[0.345s] Level 1:colcon.colcon_core.package_identification:_identify(src/mycobot450_isaacsim-6.0.1/pro450_isaacsim) by extension 'ros'
[0.351s] DEBUG:colcon.colcon_core.package_identification:Package 'src/mycobot450_isaacsim-6.0.1/pro450_isaacsim' with type 'ros.ament_python' and name 'pro450_isaacsim'
[0.351s] Level 1:colcon.colcon_core.package_identification:_identify(src/mycobot450_isaacsim-6.0.1/robots_description) by extensions ['ignore', 'ignore_ament_install']
[0.351s] Level 1:colcon.colcon_core.package_identification:_identify(src/mycobot450_isaacsim-6.0.1/robots_description) by extension 'ignore'
[0.351s] Level 1:colcon.colcon_core.package_identification:_identify(src/mycobot450_isaacsim-6.0.1/robots_description) by extension 'ignore_ament_install'
[0.352s] Level 1:colcon.colcon_core.package_identification:_identify(src/mycobot450_isaacsim-6.0.1/robots_description) by extensions ['colcon_pkg']
[0.352s] Level 1:colcon.colcon_core.package_identification:_identify(src/mycobot450_isaacsim-6.0.1/robots_description) by extension 'colcon_pkg'
[0.352s] Level 1:colcon.colcon_core.package_identification:_identify(src/mycobot450_isaacsim-6.0.1/robots_description) by extensions ['colcon_meta']
[0.352s] Level 1:colcon.colcon_core.package_identification:_identify(src/mycobot450_isaacsim-6.0.1/robots_description) by extension 'colcon_meta'
[0.352s] Level 1:colcon.colcon_core.package_identification:_identify(src/mycobot450_isaacsim-6.0.1/robots_description) by extensions ['ros']
[0.352s] Level 1:colcon.colcon_core.package_identification:_identify(src/mycobot450_isaacsim-6.0.1/robots_description) by extension 'ros'
[0.352s] Level 1:colcon.colcon_core.package_identification:_identify(src/mycobot450_isaacsim-6.0.1/robots_description) by extensions ['cmake', 'python']
[0.352s] Level 1:colcon.colcon_core.package_identification:_identify(src/mycobot450_isaacsim-6.0.1/robots_description) by extension 'cmake'
[0.352s] Level 1:colcon.colcon_core.package_identification:_identify(src/mycobot450_isaacsim-6.0.1/robots_description) by extension 'python'
[0.353s] Level 1:colcon.colcon_core.package_identification:_identify(src/mycobot450_isaacsim-6.0.1/robots_description) by extensions ['python_setup_py']
[0.353s] Level 1:colcon.colcon_core.package_identification:_identify(src/mycobot450_isaacsim-6.0.1/robots_description) by extension 'python_setup_py'
[0.353s] Level 1:colcon.colcon_core.package_identification:_identify(src/mycobot450_isaacsim-6.0.1/robots_description/mycobot_pro_450_description) by extensions ['ignore', 'ignore_ament_install']
[0.353s] Level 1:colcon.colcon_core.package_identification:_identify(src/mycobot450_isaacsim-6.0.1/robots_description/mycobot_pro_450_description) by extension 'ignore'
[0.353s] Level 1:colcon.colcon_core.package_identification:_identify(src/mycobot450_isaacsim-6.0.1/robots_description/mycobot_pro_450_description) by extension 'ignore_ament_install'
[0.353s] Level 1:colcon.colcon_core.package_identification:_identify(src/mycobot450_isaacsim-6.0.1/robots_description/mycobot_pro_450_description) by extensions ['colcon_pkg']
[0.354s] Level 1:colcon.colcon_core.package_identification:_identify(src/mycobot450_isaacsim-6.0.1/robots_description/mycobot_pro_450_description) by extension 'colcon_pkg'
[0.354s] Level 1:colcon.colcon_core.package_identification:_identify(src/mycobot450_isaacsim-6.0.1/robots_description/mycobot_pro_450_description) by extensions ['colcon_meta']
[0.354s] Level 1:colcon.colcon_core.package_identification:_identify(src/mycobot450_isaacsim-6.0.1/robots_description/mycobot_pro_450_description) by extension 'colcon_meta'
[0.354s] Level 1:colcon.colcon_core.package_identification:_identify(src/mycobot450_isaacsim-6.0.1/robots_description/mycobot_pro_450_description) by extensions ['ros']
[0.354s] Level 1:colcon.colcon_core.package_identification:_identify(src/mycobot450_isaacsim-6.0.1/robots_description/mycobot_pro_450_description) by extension 'ros'
[0.355s] DEBUG:colcon.colcon_core.package_identification:Package 'src/mycobot450_isaacsim-6.0.1/robots_description/mycobot_pro_450_description' with type 'ros.ament_cmake' and name 'mycobot_pro_450_description'
[0.355s] Level 1:colcon.colcon_core.package_identification:_identify(src/mycobot450_isaacsim-6.0.1/robots_description/mygripper_f100_description) by extensions ['ignore', 'ignore_ament_install']
[0.355s] Level 1:colcon.colcon_core.package_identification:_identify(src/mycobot450_isaacsim-6.0.1/robots_description/mygripper_f100_description) by extension 'ignore'
[0.355s] Level 1:colcon.colcon_core.package_identification:_identify(src/mycobot450_isaacsim-6.0.1/robots_description/mygripper_f100_description) by extension 'ignore_ament_install'
[0.356s] Level 1:colcon.colcon_core.package_identification:_identify(src/mycobot450_isaacsim-6.0.1/robots_description/mygripper_f100_description) by extensions ['colcon_pkg']
[0.356s] Level 1:colcon.colcon_core.package_identification:_identify(src/mycobot450_isaacsim-6.0.1/robots_description/mygripper_f100_description) by extension 'colcon_pkg'
[0.356s] Level 1:colcon.colcon_core.package_identification:_identify(src/mycobot450_isaacsim-6.0.1/robots_description/mygripper_f100_description) by extensions ['colcon_meta']
[0.356s] Level 1:colcon.colcon_core.package_identification:_identify(src/mycobot450_isaacsim-6.0.1/robots_description/mygripper_f100_description) by extension 'colcon_meta'
[0.356s] Level 1:colcon.colcon_core.package_identification:_identify(src/mycobot450_isaacsim-6.0.1/robots_description/mygripper_f100_description) by extensions ['ros']
[0.356s] Level 1:colcon.colcon_core.package_identification:_identify(src/mycobot450_isaacsim-6.0.1/robots_description/mygripper_f100_description) by extension 'ros'
[0.357s] DEBUG:colcon.colcon_core.package_identification:Package 'src/mycobot450_isaacsim-6.0.1/robots_description/mygripper_f100_description' with type 'ros.ament_cmake' and name 'mygripper_f100_description'
[0.357s] Level 1:colcon.colcon_core.package_discovery:discover_packages(recursive) using defaults
[0.357s] Level 1:colcon.colcon_core.package_discovery:discover_packages(ignore) discover
[0.357s] Level 1:colcon.colcon_core.package_discovery:discover_packages(ignore) using defaults
[0.357s] Level 1:colcon.colcon_core.package_discovery:discover_packages(path) discover
[0.357s] Level 1:colcon.colcon_core.package_discovery:discover_packages(path) using defaults
[0.391s] Level 1:colcon.colcon_core.package_discovery:discover_packages(prefix_path) check parameters
[0.391s] Level 1:colcon.colcon_core.package_discovery:discover_packages(prefix_path) discover
[0.394s] DEBUG:colcon.colcon_installed_package_information.package_discovery:Found 3 installed packages in /workspace/dev/IsaacSim/CWJ/pro450_isaacsim_ws_601/install
[0.395s] DEBUG:colcon.colcon_installed_package_information.package_discovery:Found 4 installed packages in /workspace/dev/IsaacSim/CWJ/pro450_isaacsim_ws/install
[0.398s] DEBUG:colcon.colcon_installed_package_information.package_discovery:Found 287 installed packages in /opt/ros/jazzy
[0.399s] Level 1:colcon.colcon_core.package_discovery:discover_packages(prefix_path) using defaults
[0.478s] Level 5:colcon.colcon_core.verb:set package 'mycobot_pro_450_description' build argument 'cmake_args' from command line to 'None'
[0.478s] Level 5:colcon.colcon_core.verb:set package 'mycobot_pro_450_description' build argument 'cmake_target' from command line to 'None'
[0.478s] Level 5:colcon.colcon_core.verb:set package 'mycobot_pro_450_description' build argument 'cmake_target_skip_unavailable' from command line to 'False'
[0.478s] Level 5:colcon.colcon_core.verb:set package 'mycobot_pro_450_description' build argument 'cmake_clean_cache' from command line to 'False'
[0.478s] Level 5:colcon.colcon_core.verb:set package 'mycobot_pro_450_description' build argument 'cmake_clean_first' from command line to 'False'
[0.478s] Level 5:colcon.colcon_core.verb:set package 'mycobot_pro_450_description' build argument 'cmake_force_configure' from command line to 'False'
[0.478s] Level 5:colcon.colcon_core.verb:set package 'mycobot_pro_450_description' build argument 'ament_cmake_args' from command line to 'None'
[0.478s] Level 5:colcon.colcon_core.verb:set package 'mycobot_pro_450_description' build argument 'catkin_cmake_args' from command line to 'None'
[0.478s] Level 5:colcon.colcon_core.verb:set package 'mycobot_pro_450_description' build argument 'catkin_skip_building_tests' from command line to 'False'
[0.478s] DEBUG:colcon.colcon_core.verb:Building package 'mycobot_pro_450_description' with the following arguments: {'ament_cmake_args': None, 'build_base': '/workspace/dev/IsaacSim/CWJ/pro450_isaacsim_ws_601/build/mycobot_pro_450_description', 'catkin_cmake_args': None, 'catkin_skip_building_tests': False, 'cmake_args': None, 'cmake_clean_cache': False, 'cmake_clean_first': False, 'cmake_force_configure': False, 'cmake_target': None, 'cmake_target_skip_unavailable': False, 'install_base': '/workspace/dev/IsaacSim/CWJ/pro450_isaacsim_ws_601/install/mycobot_pro_450_description', 'merge_install': False, 'path': '/workspace/dev/IsaacSim/CWJ/pro450_isaacsim_ws_601/src/mycobot450_isaacsim-6.0.1/robots_description/mycobot_pro_450_description', 'symlink_install': False, 'test_result_base': None}
[0.479s] Level 5:colcon.colcon_core.verb:set package 'mygripper_f100_description' build argument 'cmake_args' from command line to 'None'
[0.479s] Level 5:colcon.colcon_core.verb:set package 'mygripper_f100_description' build argument 'cmake_target' from command line to 'None'
[0.479s] Level 5:colcon.colcon_core.verb:set package 'mygripper_f100_description' build argument 'cmake_target_skip_unavailable' from command line to 'False'
[0.479s] Level 5:colcon.colcon_core.verb:set package 'mygripper_f100_description' build argument 'cmake_clean_cache' from command line to 'False'
[0.479s] Level 5:colcon.colcon_core.verb:set package 'mygripper_f100_description' build argument 'cmake_clean_first' from command line to 'False'
[0.479s] Level 5:colcon.colcon_core.verb:set package 'mygripper_f100_description' build argument 'cmake_force_configure' from command line to 'False'
[0.479s] Level 5:colcon.colcon_core.verb:set package 'mygripper_f100_description' build argument 'ament_cmake_args' from command line to 'None'
[0.479s] Level 5:colcon.colcon_core.verb:set package 'mygripper_f100_description' build argument 'catkin_cmake_args' from command line to 'None'
[0.480s] Level 5:colcon.colcon_core.verb:set package 'mygripper_f100_description' build argument 'catkin_skip_building_tests' from command line to 'False'
[0.480s] DEBUG:colcon.colcon_core.verb:Building package 'mygripper_f100_description' with the following arguments: {'ament_cmake_args': None, 'build_base': '/workspace/dev/IsaacSim/CWJ/pro450_isaacsim_ws_601/build/mygripper_f100_description', 'catkin_cmake_args': None, 'catkin_skip_building_tests': False, 'cmake_args': None, 'cmake_clean_cache': False, 'cmake_clean_first': False, 'cmake_force_configure': False, 'cmake_target': None, 'cmake_target_skip_unavailable': False, 'install_base': '/workspace/dev/IsaacSim/CWJ/pro450_isaacsim_ws_601/install/mygripper_f100_description', 'merge_install': False, 'path': '/workspace/dev/IsaacSim/CWJ/pro450_isaacsim_ws_601/src/mycobot450_isaacsim-6.0.1/robots_description/mygripper_f100_description', 'symlink_install': False, 'test_result_base': None}
[0.480s] Level 5:colcon.colcon_core.verb:set package 'pro450_isaacsim' build argument 'cmake_args' from command line to 'None'
[0.480s] Level 5:colcon.colcon_core.verb:set package 'pro450_isaacsim' build argument 'cmake_target' from command line to 'None'
[0.480s] Level 5:colcon.colcon_core.verb:set package 'pro450_isaacsim' build argument 'cmake_target_skip_unavailable' from command line to 'False'
[0.480s] Level 5:colcon.colcon_core.verb:set package 'pro450_isaacsim' build argument 'cmake_clean_cache' from command line to 'False'
[0.480s] Level 5:colcon.colcon_core.verb:set package 'pro450_isaacsim' build argument 'cmake_clean_first' from command line to 'False'
[0.480s] Level 5:colcon.colcon_core.verb:set package 'pro450_isaacsim' build argument 'cmake_force_configure' from command line to 'False'
[0.480s] Level 5:colcon.colcon_core.verb:set package 'pro450_isaacsim' build argument 'ament_cmake_args' from command line to 'None'
[0.480s] Level 5:colcon.colcon_core.verb:set package 'pro450_isaacsim' build argument 'catkin_cmake_args' from command line to 'None'
[0.480s] Level 5:colcon.colcon_core.verb:set package 'pro450_isaacsim' build argument 'catkin_skip_building_tests' from command line to 'False'
[0.481s] DEBUG:colcon.colcon_core.verb:Building package 'pro450_isaacsim' with the following arguments: {'ament_cmake_args': None, 'build_base': '/workspace/dev/IsaacSim/CWJ/pro450_isaacsim_ws_601/build/pro450_isaacsim', 'catkin_cmake_args': None, 'catkin_skip_building_tests': False, 'cmake_args': None, 'cmake_clean_cache': False, 'cmake_clean_first': False, 'cmake_force_configure': False, 'cmake_target': None, 'cmake_target_skip_unavailable': False, 'install_base': '/workspace/dev/IsaacSim/CWJ/pro450_isaacsim_ws_601/install/pro450_isaacsim', 'merge_install': False, 'path': '/workspace/dev/IsaacSim/CWJ/pro450_isaacsim_ws_601/src/mycobot450_isaacsim-6.0.1/pro450_isaacsim', 'symlink_install': False, 'test_result_base': None}
[0.481s] INFO:colcon.colcon_core.executor:Executing jobs using 'parallel' executor
[0.483s] DEBUG:colcon.colcon_parallel_executor.executor.parallel:run_until_complete
[0.483s] INFO:colcon.colcon_ros.task.ament_cmake.build:Building ROS package in '/workspace/dev/IsaacSim/CWJ/pro450_isaacsim_ws_601/src/mycobot450_isaacsim-6.0.1/robots_description/mycobot_pro_450_description' with build type 'ament_cmake'
[0.484s] INFO:colcon.colcon_cmake.task.cmake.build:Building CMake package in '/workspace/dev/IsaacSim/CWJ/pro450_isaacsim_ws_601/src/mycobot450_isaacsim-6.0.1/robots_description/mycobot_pro_450_description'
[0.487s] INFO:colcon.colcon_core.plugin_system:Skipping extension 'colcon_core.shell.bat': Not used on non-Windows systems
[0.487s] INFO:colcon.colcon_core.shell:Skip shell extension 'powershell' for command environment: Not usable outside of PowerShell
[0.488s] DEBUG:colcon.colcon_core.shell:Skip shell extension 'dsv' for command environment
[0.494s] INFO:colcon.colcon_ros.task.ament_cmake.build:Building ROS package in '/workspace/dev/IsaacSim/CWJ/pro450_isaacsim_ws_601/src/mycobot450_isaacsim-6.0.1/robots_description/mygripper_f100_description' with build type 'ament_cmake'
[0.495s] INFO:colcon.colcon_cmake.task.cmake.build:Building CMake package in '/workspace/dev/IsaacSim/CWJ/pro450_isaacsim_ws_601/src/mycobot450_isaacsim-6.0.1/robots_description/mygripper_f100_description'
[0.495s] INFO:colcon.colcon_core.shell:Skip shell extension 'powershell' for command environment: Not usable outside of PowerShell
[0.496s] DEBUG:colcon.colcon_core.shell:Skip shell extension 'dsv' for command environment
[0.502s] INFO:colcon.colcon_ros.task.ament_python.build:Building ROS package in '/workspace/dev/IsaacSim/CWJ/pro450_isaacsim_ws_601/src/mycobot450_isaacsim-6.0.1/pro450_isaacsim' with build type 'ament_python'
[0.503s] Level 1:colcon.colcon_core.shell:create_environment_hook('pro450_isaacsim', 'ament_prefix_path')
[0.504s] INFO:colcon.colcon_core.shell:Creating environment hook '/workspace/dev/IsaacSim/CWJ/pro450_isaacsim_ws_601/install/pro450_isaacsim/share/pro450_isaacsim/hook/ament_prefix_path.ps1'
[0.505s] INFO:colcon.colcon_core.shell:Creating environment descriptor '/workspace/dev/IsaacSim/CWJ/pro450_isaacsim_ws_601/install/pro450_isaacsim/share/pro450_isaacsim/hook/ament_prefix_path.dsv'
[0.505s] INFO:colcon.colcon_core.shell:Creating environment hook '/workspace/dev/IsaacSim/CWJ/pro450_isaacsim_ws_601/install/pro450_isaacsim/share/pro450_isaacsim/hook/ament_prefix_path.sh'
[0.506s] INFO:colcon.colcon_core.shell:Skip shell extension 'powershell' for command environment: Not usable outside of PowerShell
[0.506s] DEBUG:colcon.colcon_core.shell:Skip shell extension 'dsv' for command environment
[0.520s] DEBUG:colcon.colcon_core.event_handler.log_command:Invoking command in '/workspace/dev/IsaacSim/CWJ/pro450_isaacsim_ws_601/build/mycobot_pro_450_description': CMAKE_PREFIX_PATH=${CMAKE_PREFIX_PATH}:/workspace/dev/IsaacSim/CWJ/pro450_isaacsim_ws_601/install/pro450_isaacsim:/workspace/dev/IsaacSim/CWJ/pro450_isaacsim_ws/install/pro450_isaacsim:/workspace/dev/IsaacSim/CWJ/pro450_isaacsim_ws/install/pro450_isaac_moveit2_control:/workspace/dev/IsaacSim/CWJ/pro450_isaacsim_ws/install/mycobot_description:/opt/ros/jazzy /usr/bin/cmake --build /workspace/dev/IsaacSim/CWJ/pro450_isaacsim_ws_601/build/mycobot_pro_450_description -- -j16 -l16
[0.529s] DEBUG:colcon.colcon_core.event_handler.log_command:Invoking command in '/workspace/dev/IsaacSim/CWJ/pro450_isaacsim_ws_601/build/mygripper_f100_description': CMAKE_PREFIX_PATH=${CMAKE_PREFIX_PATH}:/workspace/dev/IsaacSim/CWJ/pro450_isaacsim_ws_601/install/pro450_isaacsim:/workspace/dev/IsaacSim/CWJ/pro450_isaacsim_ws/install/pro450_isaacsim:/workspace/dev/IsaacSim/CWJ/pro450_isaacsim_ws/install/pro450_isaac_moveit2_control:/workspace/dev/IsaacSim/CWJ/pro450_isaacsim_ws/install/mycobot_description:/opt/ros/jazzy /usr/bin/cmake --build /workspace/dev/IsaacSim/CWJ/pro450_isaacsim_ws_601/build/mygripper_f100_description -- -j16 -l16
[0.905s] INFO:colcon.colcon_core.task.python.build:Building Python package in '/workspace/dev/IsaacSim/CWJ/pro450_isaacsim_ws_601/src/mycobot450_isaacsim-6.0.1/pro450_isaacsim'
[0.907s] INFO:colcon.colcon_core.shell:Skip shell extension 'powershell' for command environment: Not usable outside of PowerShell
[0.908s] DEBUG:colcon.colcon_core.shell:Skip shell extension 'dsv' for command environment
[0.932s] DEBUG:colcon.colcon_core.event_handler.log_command:Invoked command in '/workspace/dev/IsaacSim/CWJ/pro450_isaacsim_ws_601/build/mygripper_f100_description' returned '0': CMAKE_PREFIX_PATH=${CMAKE_PREFIX_PATH}:/workspace/dev/IsaacSim/CWJ/pro450_isaacsim_ws_601/install/pro450_isaacsim:/workspace/dev/IsaacSim/CWJ/pro450_isaacsim_ws/install/pro450_isaacsim:/workspace/dev/IsaacSim/CWJ/pro450_isaacsim_ws/install/pro450_isaac_moveit2_control:/workspace/dev/IsaacSim/CWJ/pro450_isaacsim_ws/install/mycobot_description:/opt/ros/jazzy /usr/bin/cmake --build /workspace/dev/IsaacSim/CWJ/pro450_isaacsim_ws_601/build/mygripper_f100_description -- -j16 -l16
[0.952s] DEBUG:colcon.colcon_core.event_handler.log_command:Invoking command in '/workspace/dev/IsaacSim/CWJ/pro450_isaacsim_ws_601/build/mygripper_f100_description': CMAKE_PREFIX_PATH=${CMAKE_PREFIX_PATH}:/workspace/dev/IsaacSim/CWJ/pro450_isaacsim_ws_601/install/pro450_isaacsim:/workspace/dev/IsaacSim/CWJ/pro450_isaacsim_ws/install/pro450_isaacsim:/workspace/dev/IsaacSim/CWJ/pro450_isaacsim_ws/install/pro450_isaac_moveit2_control:/workspace/dev/IsaacSim/CWJ/pro450_isaacsim_ws/install/mycobot_description:/opt/ros/jazzy /usr/bin/cmake --install /workspace/dev/IsaacSim/CWJ/pro450_isaacsim_ws_601/build/mygripper_f100_description
[0.954s] DEBUG:colcon.colcon_core.event_handler.log_command:Invoked command in '/workspace/dev/IsaacSim/CWJ/pro450_isaacsim_ws_601/build/mycobot_pro_450_description' returned '0': CMAKE_PREFIX_PATH=${CMAKE_PREFIX_PATH}:/workspace/dev/IsaacSim/CWJ/pro450_isaacsim_ws_601/install/pro450_isaacsim:/workspace/dev/IsaacSim/CWJ/pro450_isaacsim_ws/install/pro450_isaacsim:/workspace/dev/IsaacSim/CWJ/pro450_isaacsim_ws/install/pro450_isaac_moveit2_control:/workspace/dev/IsaacSim/CWJ/pro450_isaacsim_ws/install/mycobot_description:/opt/ros/jazzy /usr/bin/cmake --build /workspace/dev/IsaacSim/CWJ/pro450_isaacsim_ws_601/build/mycobot_pro_450_description -- -j16 -l16
[0.957s] DEBUG:colcon.colcon_core.event_handler.log_command:Invoking command in '/workspace/dev/IsaacSim/CWJ/pro450_isaacsim_ws_601/build/mycobot_pro_450_description': CMAKE_PREFIX_PATH=${CMAKE_PREFIX_PATH}:/workspace/dev/IsaacSim/CWJ/pro450_isaacsim_ws_601/install/pro450_isaacsim:/workspace/dev/IsaacSim/CWJ/pro450_isaacsim_ws/install/pro450_isaacsim:/workspace/dev/IsaacSim/CWJ/pro450_isaacsim_ws/install/pro450_isaac_moveit2_control:/workspace/dev/IsaacSim/CWJ/pro450_isaacsim_ws/install/mycobot_description:/opt/ros/jazzy /usr/bin/cmake --install /workspace/dev/IsaacSim/CWJ/pro450_isaacsim_ws_601/build/mycobot_pro_450_description
[0.980s] Level 1:colcon.colcon_core.environment:create_environment_scripts_only(mygripper_f100_description)
[0.988s] Level 1:colcon.colcon_core.environment:checking '/workspace/dev/IsaacSim/CWJ/pro450_isaacsim_ws_601/install/mygripper_f100_description' for CMake module files
[0.991s] Level 1:colcon.colcon_core.environment:checking '/workspace/dev/IsaacSim/CWJ/pro450_isaacsim_ws_601/install/mygripper_f100_description' for CMake config files
[0.997s] Level 1:colcon.colcon_core.shell:create_environment_hook('mygripper_f100_description', 'cmake_prefix_path')
[0.998s] INFO:colcon.colcon_core.shell:Creating environment hook '/workspace/dev/IsaacSim/CWJ/pro450_isaacsim_ws_601/install/mygripper_f100_description/share/mygripper_f100_description/hook/cmake_prefix_path.ps1'
[0.999s] INFO:colcon.colcon_core.shell:Creating environment descriptor '/workspace/dev/IsaacSim/CWJ/pro450_isaacsim_ws_601/install/mygripper_f100_description/share/mygripper_f100_description/hook/cmake_prefix_path.dsv'
[1.003s] INFO:colcon.colcon_core.shell:Creating environment hook '/workspace/dev/IsaacSim/CWJ/pro450_isaacsim_ws_601/install/mygripper_f100_description/share/mygripper_f100_description/hook/cmake_prefix_path.sh'
[1.005s] Level 1:colcon.colcon_core.environment:checking '/workspace/dev/IsaacSim/CWJ/pro450_isaacsim_ws_601/install/mygripper_f100_description/bin'
[1.005s] Level 1:colcon.colcon_core.environment:checking '/workspace/dev/IsaacSim/CWJ/pro450_isaacsim_ws_601/install/mygripper_f100_description/lib/pkgconfig/mygripper_f100_description.pc'
[1.005s] Level 1:colcon.colcon_core.environment:checking '/workspace/dev/IsaacSim/CWJ/pro450_isaacsim_ws_601/install/mygripper_f100_description/lib/python3.12/site-packages'
[1.006s] Level 1:colcon.colcon_core.environment:checking '/workspace/dev/IsaacSim/CWJ/pro450_isaacsim_ws_601/install/mygripper_f100_description/bin'
[1.006s] INFO:colcon.colcon_core.shell:Creating package script '/workspace/dev/IsaacSim/CWJ/pro450_isaacsim_ws_601/install/mygripper_f100_description/share/mygripper_f100_description/package.ps1'
[1.009s] INFO:colcon.colcon_core.shell:Creating package descriptor '/workspace/dev/IsaacSim/CWJ/pro450_isaacsim_ws_601/install/mygripper_f100_description/share/mygripper_f100_description/package.dsv'
[1.011s] INFO:colcon.colcon_core.shell:Creating package script '/workspace/dev/IsaacSim/CWJ/pro450_isaacsim_ws_601/install/mygripper_f100_description/share/mygripper_f100_description/package.sh'
[1.017s] INFO:colcon.colcon_core.shell:Creating package script '/workspace/dev/IsaacSim/CWJ/pro450_isaacsim_ws_601/install/mygripper_f100_description/share/mygripper_f100_description/package.bash'
[1.020s] INFO:colcon.colcon_core.shell:Creating package script '/workspace/dev/IsaacSim/CWJ/pro450_isaacsim_ws_601/install/mygripper_f100_description/share/mygripper_f100_description/package.zsh'
[1.023s] Level 1:colcon.colcon_core.environment:create_file_with_runtime_dependencies(/workspace/dev/IsaacSim/CWJ/pro450_isaacsim_ws_601/install/mygripper_f100_description/share/colcon-core/packages/mygripper_f100_description)
[1.025s] Level 1:colcon.colcon_core.environment:create_environment_scripts_only(mygripper_f100_description)
[1.026s] Level 1:colcon.colcon_core.environment:checking '/workspace/dev/IsaacSim/CWJ/pro450_isaacsim_ws_601/install/mygripper_f100_description' for CMake module files
[1.029s] Level 1:colcon.colcon_core.environment:checking '/workspace/dev/IsaacSim/CWJ/pro450_isaacsim_ws_601/install/mygripper_f100_description' for CMake config files
[1.033s] Level 1:colcon.colcon_core.shell:create_environment_hook('mygripper_f100_description', 'cmake_prefix_path')
[1.033s] INFO:colcon.colcon_core.shell:Creating environment hook '/workspace/dev/IsaacSim/CWJ/pro450_isaacsim_ws_601/install/mygripper_f100_description/share/mygripper_f100_description/hook/cmake_prefix_path.ps1'
[1.036s] INFO:colcon.colcon_core.shell:Creating environment descriptor '/workspace/dev/IsaacSim/CWJ/pro450_isaacsim_ws_601/install/mygripper_f100_description/share/mygripper_f100_description/hook/cmake_prefix_path.dsv'
[1.039s] INFO:colcon.colcon_core.shell:Creating environment hook '/workspace/dev/IsaacSim/CWJ/pro450_isaacsim_ws_601/install/mygripper_f100_description/share/mygripper_f100_description/hook/cmake_prefix_path.sh'
[1.040s] DEBUG:colcon.colcon_core.event_handler.log_command:Invoked command in '/workspace/dev/IsaacSim/CWJ/pro450_isaacsim_ws_601/build/mygripper_f100_description' returned '0': CMAKE_PREFIX_PATH=${CMAKE_PREFIX_PATH}:/workspace/dev/IsaacSim/CWJ/pro450_isaacsim_ws_601/install/pro450_isaacsim:/workspace/dev/IsaacSim/CWJ/pro450_isaacsim_ws/install/pro450_isaacsim:/workspace/dev/IsaacSim/CWJ/pro450_isaacsim_ws/install/pro450_isaac_moveit2_control:/workspace/dev/IsaacSim/CWJ/pro450_isaacsim_ws/install/mycobot_description:/opt/ros/jazzy /usr/bin/cmake --install /workspace/dev/IsaacSim/CWJ/pro450_isaacsim_ws_601/build/mygripper_f100_description
[1.041s] Level 1:colcon.colcon_core.environment:checking '/workspace/dev/IsaacSim/CWJ/pro450_isaacsim_ws_601/install/mygripper_f100_description/bin'
[1.041s] Level 1:colcon.colcon_core.environment:checking '/workspace/dev/IsaacSim/CWJ/pro450_isaacsim_ws_601/install/mygripper_f100_description/lib/pkgconfig/mygripper_f100_description.pc'
[1.042s] Level 1:colcon.colcon_core.environment:checking '/workspace/dev/IsaacSim/CWJ/pro450_isaacsim_ws_601/install/mygripper_f100_description/lib/python3.12/site-packages'
[1.042s] Level 1:colcon.colcon_core.environment:checking '/workspace/dev/IsaacSim/CWJ/pro450_isaacsim_ws_601/install/mygripper_f100_description/bin'
[1.043s] INFO:colcon.colcon_core.shell:Creating package script '/workspace/dev/IsaacSim/CWJ/pro450_isaacsim_ws_601/install/mygripper_f100_description/share/mygripper_f100_description/package.ps1'
[1.044s] INFO:colcon.colcon_core.shell:Creating package descriptor '/workspace/dev/IsaacSim/CWJ/pro450_isaacsim_ws_601/install/mygripper_f100_description/share/mygripper_f100_description/package.dsv'
[1.046s] INFO:colcon.colcon_core.shell:Creating package script '/workspace/dev/IsaacSim/CWJ/pro450_isaacsim_ws_601/install/mygripper_f100_description/share/mygripper_f100_description/package.sh'
[1.047s] INFO:colcon.colcon_core.shell:Creating package script '/workspace/dev/IsaacSim/CWJ/pro450_isaacsim_ws_601/install/mygripper_f100_description/share/mygripper_f100_description/package.bash'
[1.048s] INFO:colcon.colcon_core.shell:Creating package script '/workspace/dev/IsaacSim/CWJ/pro450_isaacsim_ws_601/install/mygripper_f100_description/share/mygripper_f100_description/package.zsh'
[1.049s] Level 1:colcon.colcon_core.environment:create_file_with_runtime_dependencies(/workspace/dev/IsaacSim/CWJ/pro450_isaacsim_ws_601/install/mygripper_f100_description/share/colcon-core/packages/mygripper_f100_description)
[1.052s] Level 1:colcon.colcon_core.environment:create_environment_scripts_only(mycobot_pro_450_description)
[1.052s] Level 1:colcon.colcon_core.environment:checking '/workspace/dev/IsaacSim/CWJ/pro450_isaacsim_ws_601/install/mycobot_pro_450_description' for CMake module files
[1.053s] DEBUG:colcon.colcon_core.event_handler.log_command:Invoked command in '/workspace/dev/IsaacSim/CWJ/pro450_isaacsim_ws_601/build/mycobot_pro_450_description' returned '0': CMAKE_PREFIX_PATH=${CMAKE_PREFIX_PATH}:/workspace/dev/IsaacSim/CWJ/pro450_isaacsim_ws_601/install/pro450_isaacsim:/workspace/dev/IsaacSim/CWJ/pro450_isaacsim_ws/install/pro450_isaacsim:/workspace/dev/IsaacSim/CWJ/pro450_isaacsim_ws/install/pro450_isaac_moveit2_control:/workspace/dev/IsaacSim/CWJ/pro450_isaacsim_ws/install/mycobot_description:/opt/ros/jazzy /usr/bin/cmake --install /workspace/dev/IsaacSim/CWJ/pro450_isaacsim_ws_601/build/mycobot_pro_450_description
[1.054s] Level 1:colcon.colcon_core.environment:checking '/workspace/dev/IsaacSim/CWJ/pro450_isaacsim_ws_601/install/mycobot_pro_450_description' for CMake config files
[1.054s] Level 1:colcon.colcon_core.shell:create_environment_hook('mycobot_pro_450_description', 'cmake_prefix_path')
[1.055s] INFO:colcon.colcon_core.shell:Creating environment hook '/workspace/dev/IsaacSim/CWJ/pro450_isaacsim_ws_601/install/mycobot_pro_450_description/share/mycobot_pro_450_description/hook/cmake_prefix_path.ps1'
[1.056s] INFO:colcon.colcon_core.shell:Creating environment descriptor '/workspace/dev/IsaacSim/CWJ/pro450_isaacsim_ws_601/install/mycobot_pro_450_description/share/mycobot_pro_450_description/hook/cmake_prefix_path.dsv'
[1.058s] INFO:colcon.colcon_core.shell:Creating environment hook '/workspace/dev/IsaacSim/CWJ/pro450_isaacsim_ws_601/install/mycobot_pro_450_description/share/mycobot_pro_450_description/hook/cmake_prefix_path.sh'
[1.059s] Level 1:colcon.colcon_core.environment:checking '/workspace/dev/IsaacSim/CWJ/pro450_isaacsim_ws_601/install/mycobot_pro_450_description/bin'
[1.059s] Level 1:colcon.colcon_core.environment:checking '/workspace/dev/IsaacSim/CWJ/pro450_isaacsim_ws_601/install/mycobot_pro_450_description/lib/pkgconfig/mycobot_pro_450_description.pc'
[1.060s] Level 1:colcon.colcon_core.environment:checking '/workspace/dev/IsaacSim/CWJ/pro450_isaacsim_ws_601/install/mycobot_pro_450_description/lib/python3.12/site-packages'
[1.062s] Level 1:colcon.colcon_core.environment:checking '/workspace/dev/IsaacSim/CWJ/pro450_isaacsim_ws_601/install/mycobot_pro_450_description/bin'
[1.062s] INFO:colcon.colcon_core.shell:Creating package script '/workspace/dev/IsaacSim/CWJ/pro450_isaacsim_ws_601/install/mycobot_pro_450_description/share/mycobot_pro_450_description/package.ps1'
[1.064s] INFO:colcon.colcon_core.shell:Creating package descriptor '/workspace/dev/IsaacSim/CWJ/pro450_isaacsim_ws_601/install/mycobot_pro_450_description/share/mycobot_pro_450_description/package.dsv'
[1.065s] INFO:colcon.colcon_core.shell:Creating package script '/workspace/dev/IsaacSim/CWJ/pro450_isaacsim_ws_601/install/mycobot_pro_450_description/share/mycobot_pro_450_description/package.sh'
[1.066s] INFO:colcon.colcon_core.shell:Creating package script '/workspace/dev/IsaacSim/CWJ/pro450_isaacsim_ws_601/install/mycobot_pro_450_description/share/mycobot_pro_450_description/package.bash'
[1.066s] INFO:colcon.colcon_core.shell:Creating package script '/workspace/dev/IsaacSim/CWJ/pro450_isaacsim_ws_601/install/mycobot_pro_450_description/share/mycobot_pro_450_description/package.zsh'
[1.067s] Level 1:colcon.colcon_core.environment:create_file_with_runtime_dependencies(/workspace/dev/IsaacSim/CWJ/pro450_isaacsim_ws_601/install/mycobot_pro_450_description/share/colcon-core/packages/mycobot_pro_450_description)
[1.068s] Level 1:colcon.colcon_core.environment:create_environment_scripts_only(mycobot_pro_450_description)
[1.068s] Level 1:colcon.colcon_core.environment:checking '/workspace/dev/IsaacSim/CWJ/pro450_isaacsim_ws_601/install/mycobot_pro_450_description' for CMake module files
[1.069s] Level 1:colcon.colcon_core.environment:checking '/workspace/dev/IsaacSim/CWJ/pro450_isaacsim_ws_601/install/mycobot_pro_450_description' for CMake config files
[1.070s] Level 1:colcon.colcon_core.shell:create_environment_hook('mycobot_pro_450_description', 'cmake_prefix_path')
[1.070s] INFO:colcon.colcon_core.shell:Creating environment hook '/workspace/dev/IsaacSim/CWJ/pro450_isaacsim_ws_601/install/mycobot_pro_450_description/share/mycobot_pro_450_description/hook/cmake_prefix_path.ps1'
[1.071s] INFO:colcon.colcon_core.shell:Creating environment descriptor '/workspace/dev/IsaacSim/CWJ/pro450_isaacsim_ws_601/install/mycobot_pro_450_description/share/mycobot_pro_450_description/hook/cmake_prefix_path.dsv'
[1.072s] INFO:colcon.colcon_core.shell:Creating environment hook '/workspace/dev/IsaacSim/CWJ/pro450_isaacsim_ws_601/install/mycobot_pro_450_description/share/mycobot_pro_450_description/hook/cmake_prefix_path.sh'
[1.073s] Level 1:colcon.colcon_core.environment:checking '/workspace/dev/IsaacSim/CWJ/pro450_isaacsim_ws_601/install/mycobot_pro_450_description/bin'
[1.073s] Level 1:colcon.colcon_core.environment:checking '/workspace/dev/IsaacSim/CWJ/pro450_isaacsim_ws_601/install/mycobot_pro_450_description/lib/pkgconfig/mycobot_pro_450_description.pc'
[1.073s] Level 1:colcon.colcon_core.environment:checking '/workspace/dev/IsaacSim/CWJ/pro450_isaacsim_ws_601/install/mycobot_pro_450_description/lib/python3.12/site-packages'
[1.074s] Level 1:colcon.colcon_core.environment:checking '/workspace/dev/IsaacSim/CWJ/pro450_isaacsim_ws_601/install/mycobot_pro_450_description/bin'
[1.074s] INFO:colcon.colcon_core.shell:Creating package script '/workspace/dev/IsaacSim/CWJ/pro450_isaacsim_ws_601/install/mycobot_pro_450_description/share/mycobot_pro_450_description/package.ps1'
[1.075s] INFO:colcon.colcon_core.shell:Creating package descriptor '/workspace/dev/IsaacSim/CWJ/pro450_isaacsim_ws_601/install/mycobot_pro_450_description/share/mycobot_pro_450_description/package.dsv'
[1.076s] INFO:colcon.colcon_core.shell:Creating package script '/workspace/dev/IsaacSim/CWJ/pro450_isaacsim_ws_601/install/mycobot_pro_450_description/share/mycobot_pro_450_description/package.sh'
[1.077s] INFO:colcon.colcon_core.shell:Creating package script '/workspace/dev/IsaacSim/CWJ/pro450_isaacsim_ws_601/install/mycobot_pro_450_description/share/mycobot_pro_450_description/package.bash'
[1.077s] INFO:colcon.colcon_core.shell:Creating package script '/workspace/dev/IsaacSim/CWJ/pro450_isaacsim_ws_601/install/mycobot_pro_450_description/share/mycobot_pro_450_description/package.zsh'
[1.078s] Level 1:colcon.colcon_core.environment:create_file_with_runtime_dependencies(/workspace/dev/IsaacSim/CWJ/pro450_isaacsim_ws_601/install/mycobot_pro_450_description/share/colcon-core/packages/mycobot_pro_450_description)
[1.967s] DEBUG:colcon.colcon_core.task.python.build:Available setuptools commands: saveopts, init_catalog, build, build_py, install_egg_info, clean, bdist_wheel, install_scripts, bdist_rpm, install_lib, register, egg_info, install_headers, install, update_catalog, build_ext, easy_install, bdist, setopt, develop, editable_wheel, check, alias, test, upload_docs, extract_messages, rotate, upload, build_scripts, bdist_dumb, symlink_data, compile_catalog, install_data, dist_info, build_clib, bdist_egg, sdist
[1.973s] DEBUG:colcon.colcon_core.event_handler.log_command:Invoking command in '/workspace/dev/IsaacSim/CWJ/pro450_isaacsim_ws_601/src/mycobot450_isaacsim-6.0.1/pro450_isaacsim': PYTHONPATH=/workspace/dev/IsaacSim/CWJ/pro450_isaacsim_ws_601/build/pro450_isaacsim/prefix_override:/usr/lib/python3/dist-packages/colcon_core/task/python/colcon_distutils_commands:/workspace/dev/IsaacSim/CWJ/pro450_isaacsim_ws_601/install/pro450_isaacsim/lib/python3.12/site-packages:${PYTHONPATH} /usr/bin/python3 -W ignore:setup.py install is deprecated -W ignore:easy_install command is deprecated setup.py egg_info --egg-base ../../../build/pro450_isaacsim build --build-base /workspace/dev/IsaacSim/CWJ/pro450_isaacsim_ws_601/build/pro450_isaacsim/build install --record /workspace/dev/IsaacSim/CWJ/pro450_isaacsim_ws_601/build/pro450_isaacsim/install.log --install-scripts $base/lib/pro450_isaacsim --single-version-externally-managed install_data
[2.964s] Level 1:colcon.colcon_core.environment:checking '/workspace/dev/IsaacSim/CWJ/pro450_isaacsim_ws_601/install/pro450_isaacsim' for CMake module files
[2.966s] DEBUG:colcon.colcon_core.event_handler.log_command:Invoked command in '/workspace/dev/IsaacSim/CWJ/pro450_isaacsim_ws_601/src/mycobot450_isaacsim-6.0.1/pro450_isaacsim' returned '0': PYTHONPATH=/workspace/dev/IsaacSim/CWJ/pro450_isaacsim_ws_601/build/pro450_isaacsim/prefix_override:/usr/lib/python3/dist-packages/colcon_core/task/python/colcon_distutils_commands:/workspace/dev/IsaacSim/CWJ/pro450_isaacsim_ws_601/install/pro450_isaacsim/lib/python3.12/site-packages:${PYTHONPATH} /usr/bin/python3 -W ignore:setup.py install is deprecated -W ignore:easy_install command is deprecated setup.py egg_info --egg-base ../../../build/pro450_isaacsim build --build-base /workspace/dev/IsaacSim/CWJ/pro450_isaacsim_ws_601/build/pro450_isaacsim/build install --record /workspace/dev/IsaacSim/CWJ/pro450_isaacsim_ws_601/build/pro450_isaacsim/install.log --install-scripts $base/lib/pro450_isaacsim --single-version-externally-managed install_data
[2.968s] Level 1:colcon.colcon_core.environment:checking '/workspace/dev/IsaacSim/CWJ/pro450_isaacsim_ws_601/install/pro450_isaacsim' for CMake config files
[2.969s] Level 1:colcon.colcon_core.environment:checking '/workspace/dev/IsaacSim/CWJ/pro450_isaacsim_ws_601/install/pro450_isaacsim/lib'
[2.970s] Level 1:colcon.colcon_core.environment:checking '/workspace/dev/IsaacSim/CWJ/pro450_isaacsim_ws_601/install/pro450_isaacsim/bin'
[2.970s] Level 1:colcon.colcon_core.environment:checking '/workspace/dev/IsaacSim/CWJ/pro450_isaacsim_ws_601/install/pro450_isaacsim/lib/pkgconfig/pro450_isaacsim.pc'
[2.970s] Level 1:colcon.colcon_core.environment:checking '/workspace/dev/IsaacSim/CWJ/pro450_isaacsim_ws_601/install/pro450_isaacsim/lib/python3.12/site-packages'
[2.971s] Level 1:colcon.colcon_core.shell:create_environment_hook('pro450_isaacsim', 'pythonpath')
[2.971s] INFO:colcon.colcon_core.shell:Creating environment hook '/workspace/dev/IsaacSim/CWJ/pro450_isaacsim_ws_601/install/pro450_isaacsim/share/pro450_isaacsim/hook/pythonpath.ps1'
[2.973s] INFO:colcon.colcon_core.shell:Creating environment descriptor '/workspace/dev/IsaacSim/CWJ/pro450_isaacsim_ws_601/install/pro450_isaacsim/share/pro450_isaacsim/hook/pythonpath.dsv'
[2.974s] INFO:colcon.colcon_core.shell:Creating environment hook '/workspace/dev/IsaacSim/CWJ/pro450_isaacsim_ws_601/install/pro450_isaacsim/share/pro450_isaacsim/hook/pythonpath.sh'
[2.977s] Level 1:colcon.colcon_core.environment:checking '/workspace/dev/IsaacSim/CWJ/pro450_isaacsim_ws_601/install/pro450_isaacsim/bin'
[2.977s] Level 1:colcon.colcon_core.environment:create_environment_scripts_only(pro450_isaacsim)
[2.978s] INFO:colcon.colcon_core.shell:Creating package script '/workspace/dev/IsaacSim/CWJ/pro450_isaacsim_ws_601/install/pro450_isaacsim/share/pro450_isaacsim/package.ps1'
[2.979s] INFO:colcon.colcon_core.shell:Creating package descriptor '/workspace/dev/IsaacSim/CWJ/pro450_isaacsim_ws_601/install/pro450_isaacsim/share/pro450_isaacsim/package.dsv'
[2.980s] INFO:colcon.colcon_core.shell:Creating package script '/workspace/dev/IsaacSim/CWJ/pro450_isaacsim_ws_601/install/pro450_isaacsim/share/pro450_isaacsim/package.sh'
[2.981s] INFO:colcon.colcon_core.shell:Creating package script '/workspace/dev/IsaacSim/CWJ/pro450_isaacsim_ws_601/install/pro450_isaacsim/share/pro450_isaacsim/package.bash'
[2.983s] INFO:colcon.colcon_core.shell:Creating package script '/workspace/dev/IsaacSim/CWJ/pro450_isaacsim_ws_601/install/pro450_isaacsim/share/pro450_isaacsim/package.zsh'
[2.983s] Level 1:colcon.colcon_core.environment:create_file_with_runtime_dependencies(/workspace/dev/IsaacSim/CWJ/pro450_isaacsim_ws_601/install/pro450_isaacsim/share/colcon-core/packages/pro450_isaacsim)
[2.984s] DEBUG:colcon.colcon_parallel_executor.executor.parallel:closing loop
[2.988s] DEBUG:colcon.colcon_parallel_executor.executor.parallel:loop closed
[2.988s] DEBUG:colcon.colcon_parallel_executor.executor.parallel:run_until_complete finished with '0'
[2.989s] DEBUG:colcon.colcon_core.event_reactor:joining thread
[3.002s] INFO:colcon.colcon_core.plugin_system:Skipping extension 'colcon_notification.desktop_notification.notify_send': Could not find 'notify-send'
[3.002s] INFO:colcon.colcon_core.plugin_system:Skipping extension 'colcon_notification.desktop_notification.terminal_notifier': Not used on non-Darwin systems
[3.002s] INFO:colcon.colcon_core.plugin_system:Skipping extension 'colcon_notification.desktop_notification.win32': Not used on non-Windows systems
[3.002s] INFO:colcon.colcon_notification.desktop_notification:Sending desktop notification using 'notify2'
[3.003s] DEBUG:colcon.colcon_notification.desktop_notification.notify2:Failed to initialize notify2: org.freedesktop.DBus.Error.NotSupported: Unable to autolaunch a dbus-daemon without a $DISPLAY for X11
[3.003s] DEBUG:colcon.colcon_core.event_reactor:joined thread
[3.004s] INFO:colcon.colcon_core.shell:Creating prefix script '/workspace/dev/IsaacSim/CWJ/pro450_isaacsim_ws_601/install/local_setup.ps1'
[3.025s] INFO:colcon.colcon_core.shell:Creating prefix util module '/workspace/dev/IsaacSim/CWJ/pro450_isaacsim_ws_601/install/_local_setup_util_ps1.py'
[3.029s] INFO:colcon.colcon_core.shell:Creating prefix chain script '/workspace/dev/IsaacSim/CWJ/pro450_isaacsim_ws_601/install/setup.ps1'
[3.034s] INFO:colcon.colcon_core.shell:Creating prefix script '/workspace/dev/IsaacSim/CWJ/pro450_isaacsim_ws_601/install/local_setup.sh'
[3.036s] INFO:colcon.colcon_core.shell:Creating prefix util module '/workspace/dev/IsaacSim/CWJ/pro450_isaacsim_ws_601/install/_local_setup_util_sh.py'
[3.038s] INFO:colcon.colcon_core.shell:Creating prefix chain script '/workspace/dev/IsaacSim/CWJ/pro450_isaacsim_ws_601/install/setup.sh'
[3.041s] INFO:colcon.colcon_core.shell:Creating prefix script '/workspace/dev/IsaacSim/CWJ/pro450_isaacsim_ws_601/install/local_setup.bash'
[3.043s] INFO:colcon.colcon_core.shell:Creating prefix chain script '/workspace/dev/IsaacSim/CWJ/pro450_isaacsim_ws_601/install/setup.bash'
[3.046s] INFO:colcon.colcon_core.shell:Creating prefix script '/workspace/dev/IsaacSim/CWJ/pro450_isaacsim_ws_601/install/local_setup.zsh'
[3.046s] INFO:colcon.colcon_core.shell:Creating prefix chain script '/workspace/dev/IsaacSim/CWJ/pro450_isaacsim_ws_601/install/setup.zsh'
