[0.033s] Invoking command in '/workspace/dev/IsaacSim/CWJ/pro450_isaacsim_ws_601/build/mygripper_f100_description': CMAKE_PREFIX_PATH=${CMAKE_PREFIX_PATH}:/workspace/dev/IsaacSim/CWJ/pro450_isaacsim_ws_601/install/pro450_isaacsim:/workspace/dev/IsaacSim/CWJ/pro450_isaacsim_ws/install/pro450_isaacsim:/workspace/dev/IsaacSim/CWJ/pro450_isaacsim_ws/install/pro450_isaac_moveit2_control:/workspace/dev/IsaacSim/CWJ/pro450_isaacsim_ws/install/mycobot_description:/opt/ros/jazzy /usr/bin/cmake --build /workspace/dev/IsaacSim/CWJ/pro450_isaacsim_ws_601/build/mygripper_f100_description -- -j16 -l16
[0.436s] Invoked command in '/workspace/dev/IsaacSim/CWJ/pro450_isaacsim_ws_601/build/mygripper_f100_description' returned '0': CMAKE_PREFIX_PATH=${CMAKE_PREFIX_PATH}:/workspace/dev/IsaacSim/CWJ/pro450_isaacsim_ws_601/install/pro450_isaacsim:/workspace/dev/IsaacSim/CWJ/pro450_isaacsim_ws/install/pro450_isaacsim:/workspace/dev/IsaacSim/CWJ/pro450_isaacsim_ws/install/pro450_isaac_moveit2_control:/workspace/dev/IsaacSim/CWJ/pro450_isaacsim_ws/install/mycobot_description:/opt/ros/jazzy /usr/bin/cmake --build /workspace/dev/IsaacSim/CWJ/pro450_isaacsim_ws_601/build/mygripper_f100_description -- -j16 -l16
[0.455s] Invoking command in '/workspace/dev/IsaacSim/CWJ/pro450_isaacsim_ws_601/build/mygripper_f100_description': CMAKE_PREFIX_PATH=${CMAKE_PREFIX_PATH}:/workspace/dev/IsaacSim/CWJ/pro450_isaacsim_ws_601/install/pro450_isaacsim:/workspace/dev/IsaacSim/CWJ/pro450_isaacsim_ws/install/pro450_isaacsim:/workspace/dev/IsaacSim/CWJ/pro450_isaacsim_ws/install/pro450_isaac_moveit2_control:/workspace/dev/IsaacSim/CWJ/pro450_isaacsim_ws/install/mycobot_description:/opt/ros/jazzy /usr/bin/cmake --install /workspace/dev/IsaacSim/CWJ/pro450_isaacsim_ws_601/build/mygripper_f100_description
[0.472s] -- Install configuration: ""
[0.473s] -- Up-to-date: /workspace/dev/IsaacSim/CWJ/pro450_isaacsim_ws_601/install/mygripper_f100_description/share/mygripper_f100_description/meshes
[0.474s] -- Up-to-date: /workspace/dev/IsaacSim/CWJ/pro450_isaacsim_ws_601/install/mygripper_f100_description/share/mygripper_f100_description/meshes/J1_L_Link.STL
[0.474s] -- Up-to-date: /workspace/dev/IsaacSim/CWJ/pro450_isaacsim_ws_601/install/mygripper_f100_description/share/mygripper_f100_description/meshes/J3_L_Link.STL
[0.475s] -- Up-to-date: /workspace/dev/IsaacSim/CWJ/pro450_isaacsim_ws_601/install/mygripper_f100_description/share/mygripper_f100_description/meshes/J1_R_Link.STL
[0.475s] -- Up-to-date: /workspace/dev/IsaacSim/CWJ/pro450_isaacsim_ws_601/install/mygripper_f100_description/share/mygripper_f100_description/meshes/J2_R_Link.STL
[0.476s] -- Up-to-date: /workspace/dev/IsaacSim/CWJ/pro450_isaacsim_ws_601/install/mygripper_f100_description/share/mygripper_f100_description/meshes/J2_L_Link.STL
[0.477s] -- Up-to-date: /workspace/dev/IsaacSim/CWJ/pro450_isaacsim_ws_601/install/mygripper_f100_description/share/mygripper_f100_description/meshes/f100_base_link.STL
[0.477s] -- Up-to-date: /workspace/dev/IsaacSim/CWJ/pro450_isaacsim_ws_601/install/mygripper_f100_description/share/mygripper_f100_description/meshes/J3_R_Link.STL
[0.478s] -- Up-to-date: /workspace/dev/IsaacSim/CWJ/pro450_isaacsim_ws_601/install/mygripper_f100_description/share/mygripper_f100_description/urdf
[0.478s] -- Up-to-date: /workspace/dev/IsaacSim/CWJ/pro450_isaacsim_ws_601/install/mygripper_f100_description/share/mygripper_f100_description/urdf/mygripper_f100.urdf
[0.478s] -- Up-to-date: /workspace/dev/IsaacSim/CWJ/pro450_isaacsim_ws_601/install/mygripper_f100_description/share/mygripper_f100_description/launch
[0.479s] -- Up-to-date: /workspace/dev/IsaacSim/CWJ/pro450_isaacsim_ws_601/install/mygripper_f100_description/share/mygripper_f100_description/launch/mygripper_f100_display.launch.py
[0.480s] -- Up-to-date: /workspace/dev/IsaacSim/CWJ/pro450_isaacsim_ws_601/install/mygripper_f100_description/share/mygripper_f100_description/rviz
[0.483s] -- Up-to-date: /workspace/dev/IsaacSim/CWJ/pro450_isaacsim_ws_601/install/mygripper_f100_description/share/mygripper_f100_description/rviz/mygripper_f100_display.rviz
[0.484s] -- Up-to-date: /workspace/dev/IsaacSim/CWJ/pro450_isaacsim_ws_601/install/mygripper_f100_description/share/ament_index/resource_index/package_run_dependencies/mygripper_f100_description
[0.487s] -- Up-to-date: /workspace/dev/IsaacSim/CWJ/pro450_isaacsim_ws_601/install/mygripper_f100_description/share/ament_index/resource_index/parent_prefix_path/mygripper_f100_description
[0.487s] -- Up-to-date: /workspace/dev/IsaacSim/CWJ/pro450_isaacsim_ws_601/install/mygripper_f100_description/share/mygripper_f100_description/environment/ament_prefix_path.sh
[0.488s] -- Up-to-date: /workspace/dev/IsaacSim/CWJ/pro450_isaacsim_ws_601/install/mygripper_f100_description/share/mygripper_f100_description/environment/ament_prefix_path.dsv
[0.489s] -- Up-to-date: /workspace/dev/IsaacSim/CWJ/pro450_isaacsim_ws_601/install/mygripper_f100_description/share/mygripper_f100_description/environment/path.sh
[0.491s] -- Up-to-date: /workspace/dev/IsaacSim/CWJ/pro450_isaacsim_ws_601/install/mygripper_f100_description/share/mygripper_f100_description/environment/path.dsv
[0.492s] -- Up-to-date: /workspace/dev/IsaacSim/CWJ/pro450_isaacsim_ws_601/install/mygripper_f100_description/share/mygripper_f100_description/local_setup.bash
[0.493s] -- Up-to-date: /workspace/dev/IsaacSim/CWJ/pro450_isaacsim_ws_601/install/mygripper_f100_description/share/mygripper_f100_description/local_setup.sh
[0.494s] -- Up-to-date: /workspace/dev/IsaacSim/CWJ/pro450_isaacsim_ws_601/install/mygripper_f100_description/share/mygripper_f100_description/local_setup.zsh
[0.496s] -- Up-to-date: /workspace/dev/IsaacSim/CWJ/pro450_isaacsim_ws_601/install/mygripper_f100_description/share/mygripper_f100_description/local_setup.dsv
[0.499s] -- Installing: /workspace/dev/IsaacSim/CWJ/pro450_isaacsim_ws_601/install/mygripper_f100_description/share/mygripper_f100_description/package.dsv
[0.500s] -- Up-to-date: /workspace/dev/IsaacSim/CWJ/pro450_isaacsim_ws_601/install/mygripper_f100_description/share/ament_index/resource_index/packages/mygripper_f100_description
[0.501s] -- Up-to-date: /workspace/dev/IsaacSim/CWJ/pro450_isaacsim_ws_601/install/mygripper_f100_description/share/mygripper_f100_description/cmake/mygripper_f100_descriptionConfig.cmake
[0.501s] -- Up-to-date: /workspace/dev/IsaacSim/CWJ/pro450_isaacsim_ws_601/install/mygripper_f100_description/share/mygripper_f100_description/cmake/mygripper_f100_descriptionConfig-version.cmake
[0.508s] -- Up-to-date: /workspace/dev/IsaacSim/CWJ/pro450_isaacsim_ws_601/install/mygripper_f100_description/share/mygripper_f100_description/package.xml
[0.545s] Invoked command in '/workspace/dev/IsaacSim/CWJ/pro450_isaacsim_ws_601/build/mygripper_f100_description' returned '0': CMAKE_PREFIX_PATH=${CMAKE_PREFIX_PATH}:/workspace/dev/IsaacSim/CWJ/pro450_isaacsim_ws_601/install/pro450_isaacsim:/workspace/dev/IsaacSim/CWJ/pro450_isaacsim_ws/install/pro450_isaacsim:/workspace/dev/IsaacSim/CWJ/pro450_isaacsim_ws/install/pro450_isaac_moveit2_control:/workspace/dev/IsaacSim/CWJ/pro450_isaacsim_ws/install/mycobot_description:/opt/ros/jazzy /usr/bin/cmake --install /workspace/dev/IsaacSim/CWJ/pro450_isaacsim_ws_601/build/mygripper_f100_description
