[0.049s] Invoking command in '/workspace/dev/IsaacSim/CWJ/pro450_isaacsim_ws_601/build/mygripper_f100_description': CMAKE_PREFIX_PATH=${CMAKE_PREFIX_PATH}:/workspace/dev/IsaacSim/CWJ/pro450_isaacsim_ws_601/install/pro450_isaacsim:/workspace/dev/IsaacSim/CWJ/pro450_isaacsim_ws/install/pro450_isaacsim:/workspace/dev/IsaacSim/CWJ/pro450_isaacsim_ws/install/pro450_isaac_moveit2_control:/workspace/dev/IsaacSim/CWJ/pro450_isaacsim_ws/install/mycobot_description:/opt/ros/jazzy /usr/bin/cmake --build /workspace/dev/IsaacSim/CWJ/pro450_isaacsim_ws_601/build/mygripper_f100_description -- -j16 -l16
[0.522s] Invoked command in '/workspace/dev/IsaacSim/CWJ/pro450_isaacsim_ws_601/build/mygripper_f100_description' returned '0': CMAKE_PREFIX_PATH=${CMAKE_PREFIX_PATH}:/workspace/dev/IsaacSim/CWJ/pro450_isaacsim_ws_601/install/pro450_isaacsim:/workspace/dev/IsaacSim/CWJ/pro450_isaacsim_ws/install/pro450_isaacsim:/workspace/dev/IsaacSim/CWJ/pro450_isaacsim_ws/install/pro450_isaac_moveit2_control:/workspace/dev/IsaacSim/CWJ/pro450_isaacsim_ws/install/mycobot_description:/opt/ros/jazzy /usr/bin/cmake --build /workspace/dev/IsaacSim/CWJ/pro450_isaacsim_ws_601/build/mygripper_f100_description -- -j16 -l16
[0.524s] Invoking command in '/workspace/dev/IsaacSim/CWJ/pro450_isaacsim_ws_601/build/mygripper_f100_description': CMAKE_PREFIX_PATH=${CMAKE_PREFIX_PATH}:/workspace/dev/IsaacSim/CWJ/pro450_isaacsim_ws_601/install/pro450_isaacsim:/workspace/dev/IsaacSim/CWJ/pro450_isaacsim_ws/install/pro450_isaacsim:/workspace/dev/IsaacSim/CWJ/pro450_isaacsim_ws/install/pro450_isaac_moveit2_control:/workspace/dev/IsaacSim/CWJ/pro450_isaacsim_ws/install/mycobot_description:/opt/ros/jazzy /usr/bin/cmake --install /workspace/dev/IsaacSim/CWJ/pro450_isaacsim_ws_601/build/mygripper_f100_description
[0.543s] -- Install configuration: ""
[0.544s] -- Up-to-date: /workspace/dev/IsaacSim/CWJ/pro450_isaacsim_ws_601/install/mygripper_f100_description/share/mygripper_f100_description/meshes
[0.545s] -- Up-to-date: /workspace/dev/IsaacSim/CWJ/pro450_isaacsim_ws_601/install/mygripper_f100_description/share/mygripper_f100_description/meshes/J1_L_Link.STL
[0.547s] -- Up-to-date: /workspace/dev/IsaacSim/CWJ/pro450_isaacsim_ws_601/install/mygripper_f100_description/share/mygripper_f100_description/meshes/J3_L_Link.STL
[0.549s] -- Up-to-date: /workspace/dev/IsaacSim/CWJ/pro450_isaacsim_ws_601/install/mygripper_f100_description/share/mygripper_f100_description/meshes/J1_R_Link.STL
[0.551s] -- Up-to-date: /workspace/dev/IsaacSim/CWJ/pro450_isaacsim_ws_601/install/mygripper_f100_description/share/mygripper_f100_description/meshes/J2_R_Link.STL
[0.552s] -- Up-to-date: /workspace/dev/IsaacSim/CWJ/pro450_isaacsim_ws_601/install/mygripper_f100_description/share/mygripper_f100_description/meshes/J2_L_Link.STL
[0.553s] -- Up-to-date: /workspace/dev/IsaacSim/CWJ/pro450_isaacsim_ws_601/install/mygripper_f100_description/share/mygripper_f100_description/meshes/f100_base_link.STL
[0.555s] -- Up-to-date: /workspace/dev/IsaacSim/CWJ/pro450_isaacsim_ws_601/install/mygripper_f100_description/share/mygripper_f100_description/meshes/J3_R_Link.STL
[0.555s] -- Up-to-date: /workspace/dev/IsaacSim/CWJ/pro450_isaacsim_ws_601/install/mygripper_f100_description/share/mygripper_f100_description/urdf
[0.557s] -- Up-to-date: /workspace/dev/IsaacSim/CWJ/pro450_isaacsim_ws_601/install/mygripper_f100_description/share/mygripper_f100_description/urdf/mygripper_f100.urdf
[0.557s] -- Up-to-date: /workspace/dev/IsaacSim/CWJ/pro450_isaacsim_ws_601/install/mygripper_f100_description/share/mygripper_f100_description/launch
[0.558s] -- Up-to-date: /workspace/dev/IsaacSim/CWJ/pro450_isaacsim_ws_601/install/mygripper_f100_description/share/mygripper_f100_description/launch/mygripper_f100_display.launch.py
[0.561s] -- Up-to-date: /workspace/dev/IsaacSim/CWJ/pro450_isaacsim_ws_601/install/mygripper_f100_description/share/mygripper_f100_description/rviz
[0.562s] -- Up-to-date: /workspace/dev/IsaacSim/CWJ/pro450_isaacsim_ws_601/install/mygripper_f100_description/share/mygripper_f100_description/rviz/mygripper_f100_display.rviz
[0.563s] -- Up-to-date: /workspace/dev/IsaacSim/CWJ/pro450_isaacsim_ws_601/install/mygripper_f100_description/share/ament_index/resource_index/package_run_dependencies/mygripper_f100_description
[0.564s] -- Up-to-date: /workspace/dev/IsaacSim/CWJ/pro450_isaacsim_ws_601/install/mygripper_f100_description/share/ament_index/resource_index/parent_prefix_path/mygripper_f100_description
[0.566s] -- Up-to-date: /workspace/dev/IsaacSim/CWJ/pro450_isaacsim_ws_601/install/mygripper_f100_description/share/mygripper_f100_description/environment/ament_prefix_path.sh
[0.567s] -- Up-to-date: /workspace/dev/IsaacSim/CWJ/pro450_isaacsim_ws_601/install/mygripper_f100_description/share/mygripper_f100_description/environment/ament_prefix_path.dsv
[0.569s] -- Up-to-date: /workspace/dev/IsaacSim/CWJ/pro450_isaacsim_ws_601/install/mygripper_f100_description/share/mygripper_f100_description/environment/path.sh
[0.571s] -- Up-to-date: /workspace/dev/IsaacSim/CWJ/pro450_isaacsim_ws_601/install/mygripper_f100_description/share/mygripper_f100_description/environment/path.dsv
[0.572s] -- Up-to-date: /workspace/dev/IsaacSim/CWJ/pro450_isaacsim_ws_601/install/mygripper_f100_description/share/mygripper_f100_description/local_setup.bash
[0.573s] -- Up-to-date: /workspace/dev/IsaacSim/CWJ/pro450_isaacsim_ws_601/install/mygripper_f100_description/share/mygripper_f100_description/local_setup.sh
[0.578s] -- Up-to-date: /workspace/dev/IsaacSim/CWJ/pro450_isaacsim_ws_601/install/mygripper_f100_description/share/mygripper_f100_description/local_setup.zsh
[0.579s] -- Up-to-date: /workspace/dev/IsaacSim/CWJ/pro450_isaacsim_ws_601/install/mygripper_f100_description/share/mygripper_f100_description/local_setup.dsv
[0.580s] -- Up-to-date: /workspace/dev/IsaacSim/CWJ/pro450_isaacsim_ws_601/install/mygripper_f100_description/share/mygripper_f100_description/package.dsv
[0.582s] -- Up-to-date: /workspace/dev/IsaacSim/CWJ/pro450_isaacsim_ws_601/install/mygripper_f100_description/share/ament_index/resource_index/packages/mygripper_f100_description
[0.584s] -- Up-to-date: /workspace/dev/IsaacSim/CWJ/pro450_isaacsim_ws_601/install/mygripper_f100_description/share/mygripper_f100_description/cmake/mygripper_f100_descriptionConfig.cmake
[0.588s] -- Up-to-date: /workspace/dev/IsaacSim/CWJ/pro450_isaacsim_ws_601/install/mygripper_f100_description/share/mygripper_f100_description/cmake/mygripper_f100_descriptionConfig-version.cmake
[0.589s] -- Up-to-date: /workspace/dev/IsaacSim/CWJ/pro450_isaacsim_ws_601/install/mygripper_f100_description/share/mygripper_f100_description/package.xml
[0.608s] Invoked command in '/workspace/dev/IsaacSim/CWJ/pro450_isaacsim_ws_601/build/mygripper_f100_description' returned '0': CMAKE_PREFIX_PATH=${CMAKE_PREFIX_PATH}:/workspace/dev/IsaacSim/CWJ/pro450_isaacsim_ws_601/install/pro450_isaacsim:/workspace/dev/IsaacSim/CWJ/pro450_isaacsim_ws/install/pro450_isaacsim:/workspace/dev/IsaacSim/CWJ/pro450_isaacsim_ws/install/pro450_isaac_moveit2_control:/workspace/dev/IsaacSim/CWJ/pro450_isaacsim_ws/install/mycobot_description:/opt/ros/jazzy /usr/bin/cmake --install /workspace/dev/IsaacSim/CWJ/pro450_isaacsim_ws_601/build/mygripper_f100_description
