[0.036s] Invoking command in '/workspace/dev/IsaacSim/CWJ/pro450_isaacsim_ws_601/build/mycobot_pro_450_description': CMAKE_PREFIX_PATH=${CMAKE_PREFIX_PATH}:/workspace/dev/IsaacSim/CWJ/pro450_isaacsim_ws_601/install/pro450_isaacsim:/workspace/dev/IsaacSim/CWJ/pro450_isaacsim_ws/install/pro450_isaacsim:/workspace/dev/IsaacSim/CWJ/pro450_isaacsim_ws/install/pro450_isaac_moveit2_control:/workspace/dev/IsaacSim/CWJ/pro450_isaacsim_ws/install/mycobot_description:/opt/ros/jazzy /usr/bin/cmake --build /workspace/dev/IsaacSim/CWJ/pro450_isaacsim_ws_601/build/mycobot_pro_450_description -- -j16 -l16
[0.470s] Invoked command in '/workspace/dev/IsaacSim/CWJ/pro450_isaacsim_ws_601/build/mycobot_pro_450_description' returned '0': CMAKE_PREFIX_PATH=${CMAKE_PREFIX_PATH}:/workspace/dev/IsaacSim/CWJ/pro450_isaacsim_ws_601/install/pro450_isaacsim:/workspace/dev/IsaacSim/CWJ/pro450_isaacsim_ws/install/pro450_isaacsim:/workspace/dev/IsaacSim/CWJ/pro450_isaacsim_ws/install/pro450_isaac_moveit2_control:/workspace/dev/IsaacSim/CWJ/pro450_isaacsim_ws/install/mycobot_description:/opt/ros/jazzy /usr/bin/cmake --build /workspace/dev/IsaacSim/CWJ/pro450_isaacsim_ws_601/build/mycobot_pro_450_description -- -j16 -l16
[0.473s] Invoking command in '/workspace/dev/IsaacSim/CWJ/pro450_isaacsim_ws_601/build/mycobot_pro_450_description': CMAKE_PREFIX_PATH=${CMAKE_PREFIX_PATH}:/workspace/dev/IsaacSim/CWJ/pro450_isaacsim_ws_601/install/pro450_isaacsim:/workspace/dev/IsaacSim/CWJ/pro450_isaacsim_ws/install/pro450_isaacsim:/workspace/dev/IsaacSim/CWJ/pro450_isaacsim_ws/install/pro450_isaac_moveit2_control:/workspace/dev/IsaacSim/CWJ/pro450_isaacsim_ws/install/mycobot_description:/opt/ros/jazzy /usr/bin/cmake --install /workspace/dev/IsaacSim/CWJ/pro450_isaacsim_ws_601/build/mycobot_pro_450_description
[0.514s] -- Install configuration: ""
[0.518s] -- Up-to-date: /workspace/dev/IsaacSim/CWJ/pro450_isaacsim_ws_601/install/mycobot_pro_450_description/share/mycobot_pro_450_description/meshes
[0.521s] -- Up-to-date: /workspace/dev/IsaacSim/CWJ/pro450_isaacsim_ws_601/install/mycobot_pro_450_description/share/mycobot_pro_450_description/meshes/Link3.STL
[0.522s] -- Up-to-date: /workspace/dev/IsaacSim/CWJ/pro450_isaacsim_ws_601/install/mycobot_pro_450_description/share/mycobot_pro_450_description/meshes/Link4.STL
[0.524s] -- Up-to-date: /workspace/dev/IsaacSim/CWJ/pro450_isaacsim_ws_601/install/mycobot_pro_450_description/share/mycobot_pro_450_description/meshes/Link2.STL
[0.526s] -- Up-to-date: /workspace/dev/IsaacSim/CWJ/pro450_isaacsim_ws_601/install/mycobot_pro_450_description/share/mycobot_pro_450_description/meshes/Link5.STL
[0.530s] -- Up-to-date: /workspace/dev/IsaacSim/CWJ/pro450_isaacsim_ws_601/install/mycobot_pro_450_description/share/mycobot_pro_450_description/meshes/base_link.STL
[0.531s] -- Up-to-date: /workspace/dev/IsaacSim/CWJ/pro450_isaacsim_ws_601/install/mycobot_pro_450_description/share/mycobot_pro_450_description/meshes/Link1.STL
[0.531s] -- Up-to-date: /workspace/dev/IsaacSim/CWJ/pro450_isaacsim_ws_601/install/mycobot_pro_450_description/share/mycobot_pro_450_description/meshes/Link6.STL
[0.531s] -- Up-to-date: /workspace/dev/IsaacSim/CWJ/pro450_isaacsim_ws_601/install/mycobot_pro_450_description/share/mycobot_pro_450_description/urdf
[0.532s] -- Up-to-date: /workspace/dev/IsaacSim/CWJ/pro450_isaacsim_ws_601/install/mycobot_pro_450_description/share/mycobot_pro_450_description/urdf/mycobot_pro_450.urdf
[0.533s] -- Up-to-date: /workspace/dev/IsaacSim/CWJ/pro450_isaacsim_ws_601/install/mycobot_pro_450_description/share/mycobot_pro_450_description/launch
[0.535s] -- Up-to-date: /workspace/dev/IsaacSim/CWJ/pro450_isaacsim_ws_601/install/mycobot_pro_450_description/share/mycobot_pro_450_description/launch/mycobot_450_display.launch.py
[0.535s] -- Up-to-date: /workspace/dev/IsaacSim/CWJ/pro450_isaacsim_ws_601/install/mycobot_pro_450_description/share/mycobot_pro_450_description/rviz
[0.539s] -- Up-to-date: /workspace/dev/IsaacSim/CWJ/pro450_isaacsim_ws_601/install/mycobot_pro_450_description/share/mycobot_pro_450_description/rviz/mycobot_pro_450_display.rviz
[0.540s] -- Up-to-date: /workspace/dev/IsaacSim/CWJ/pro450_isaacsim_ws_601/install/mycobot_pro_450_description/share/ament_index/resource_index/package_run_dependencies/mycobot_pro_450_description
[0.544s] -- Up-to-date: /workspace/dev/IsaacSim/CWJ/pro450_isaacsim_ws_601/install/mycobot_pro_450_description/share/ament_index/resource_index/parent_prefix_path/mycobot_pro_450_description
[0.548s] -- Up-to-date: /workspace/dev/IsaacSim/CWJ/pro450_isaacsim_ws_601/install/mycobot_pro_450_description/share/mycobot_pro_450_description/environment/ament_prefix_path.sh
[0.548s] -- Up-to-date: /workspace/dev/IsaacSim/CWJ/pro450_isaacsim_ws_601/install/mycobot_pro_450_description/share/mycobot_pro_450_description/environment/ament_prefix_path.dsv
[0.549s] -- Up-to-date: /workspace/dev/IsaacSim/CWJ/pro450_isaacsim_ws_601/install/mycobot_pro_450_description/share/mycobot_pro_450_description/environment/path.sh
[0.551s] -- Up-to-date: /workspace/dev/IsaacSim/CWJ/pro450_isaacsim_ws_601/install/mycobot_pro_450_description/share/mycobot_pro_450_description/environment/path.dsv
[0.552s] -- Up-to-date: /workspace/dev/IsaacSim/CWJ/pro450_isaacsim_ws_601/install/mycobot_pro_450_description/share/mycobot_pro_450_description/local_setup.bash
[0.553s] -- Up-to-date: /workspace/dev/IsaacSim/CWJ/pro450_isaacsim_ws_601/install/mycobot_pro_450_description/share/mycobot_pro_450_description/local_setup.sh
[0.553s] -- Up-to-date: /workspace/dev/IsaacSim/CWJ/pro450_isaacsim_ws_601/install/mycobot_pro_450_description/share/mycobot_pro_450_description/local_setup.zsh
[0.554s] -- Up-to-date: /workspace/dev/IsaacSim/CWJ/pro450_isaacsim_ws_601/install/mycobot_pro_450_description/share/mycobot_pro_450_description/local_setup.dsv
[0.554s] -- Installing: /workspace/dev/IsaacSim/CWJ/pro450_isaacsim_ws_601/install/mycobot_pro_450_description/share/mycobot_pro_450_description/package.dsv
[0.554s] -- Up-to-date: /workspace/dev/IsaacSim/CWJ/pro450_isaacsim_ws_601/install/mycobot_pro_450_description/share/ament_index/resource_index/packages/mycobot_pro_450_description
[0.554s] -- Up-to-date: /workspace/dev/IsaacSim/CWJ/pro450_isaacsim_ws_601/install/mycobot_pro_450_description/share/mycobot_pro_450_description/cmake/mycobot_pro_450_descriptionConfig.cmake
[0.554s] -- Up-to-date: /workspace/dev/IsaacSim/CWJ/pro450_isaacsim_ws_601/install/mycobot_pro_450_description/share/mycobot_pro_450_description/cmake/mycobot_pro_450_descriptionConfig-version.cmake
[0.555s] -- Up-to-date: /workspace/dev/IsaacSim/CWJ/pro450_isaacsim_ws_601/install/mycobot_pro_450_description/share/mycobot_pro_450_description/package.xml
[0.569s] Invoked command in '/workspace/dev/IsaacSim/CWJ/pro450_isaacsim_ws_601/build/mycobot_pro_450_description' returned '0': CMAKE_PREFIX_PATH=${CMAKE_PREFIX_PATH}:/workspace/dev/IsaacSim/CWJ/pro450_isaacsim_ws_601/install/pro450_isaacsim:/workspace/dev/IsaacSim/CWJ/pro450_isaacsim_ws/install/pro450_isaacsim:/workspace/dev/IsaacSim/CWJ/pro450_isaacsim_ws/install/pro450_isaac_moveit2_control:/workspace/dev/IsaacSim/CWJ/pro450_isaacsim_ws/install/mycobot_description:/opt/ros/jazzy /usr/bin/cmake --install /workspace/dev/IsaacSim/CWJ/pro450_isaacsim_ws_601/build/mycobot_pro_450_description
