[0.180s] DEBUG:colcon:Command line arguments: ['/usr/bin/colcon', 'build']
[0.181s] DEBUG:colcon:Parsed command line arguments: Namespace(log_base=None, log_level=None, verb_name='build', build_base='build', install_base='install', merge_install=False, symlink_install=False, test_result_base=None, continue_on_error=False, executor='parallel', parallel_workers=16, event_handlers=None, ignore_user_meta=False, metas=['./colcon.meta'], base_paths=['.'], packages_ignore=None, packages_ignore_regex=None, paths=None, packages_up_to=None, packages_up_to_regex=None, packages_above=None, packages_above_and_dependencies=None, packages_above_depth=None, packages_select_by_dep=None, packages_skip_by_dep=None, packages_skip_up_to=None, packages_select_build_failed=False, packages_skip_build_finished=False, packages_select_test_failures=False, packages_skip_test_passed=False, packages_select=None, packages_skip=None, packages_select_regex=None, packages_skip_regex=None, packages_start=None, packages_end=None, allow_overriding=[], cmake_args=None, cmake_target=None, cmake_target_skip_unavailable=False, cmake_clean_cache=False, cmake_clean_first=False, cmake_force_configure=False, ament_cmake_args=None, catkin_cmake_args=None, catkin_skip_building_tests=False, verb_parser=<colcon_defaults.argument_parser.defaults.DefaultArgumentsDecorator object at 0x751313accad0>, verb_extension=<colcon_core.verb.build.BuildVerb object at 0x751313acc860>, main=<bound method BuildVerb.main of <colcon_core.verb.build.BuildVerb object at 0x751313acc860>>)
[0.258s] Level 1:colcon.colcon_core.package_discovery:discover_packages(colcon_meta) check parameters
[0.259s] Level 1:colcon.colcon_core.package_discovery:discover_packages(recursive) check parameters
[0.259s] Level 1:colcon.colcon_core.package_discovery:discover_packages(ignore) check parameters
[0.259s] Level 1:colcon.colcon_core.package_discovery:discover_packages(path) check parameters
[0.259s] Level 1:colcon.colcon_core.package_discovery:discover_packages(colcon_meta) discover
[0.259s] Level 1:colcon.colcon_core.package_discovery:discover_packages(recursive) discover
[0.259s] INFO:colcon.colcon_core.package_discovery:Crawling recursively for packages in '/workspace/dev/IsaacSim/CWJ/pro450_isaacsim_ws_601'
[0.259s] Level 1:colcon.colcon_core.package_identification:_identify(.) by extensions ['ignore', 'ignore_ament_install']
[0.260s] Level 1:colcon.colcon_core.package_identification:_identify(.) by extension 'ignore'
[0.260s] Level 1:colcon.colcon_core.package_identification:_identify(.) by extension 'ignore_ament_install'
[0.260s] Level 1:colcon.colcon_core.package_identification:_identify(.) by extensions ['colcon_pkg']
[0.260s] Level 1:colcon.colcon_core.package_identification:_identify(.) by extension 'colcon_pkg'
[0.260s] Level 1:colcon.colcon_core.package_identification:_identify(.) by extensions ['colcon_meta']
[0.260s] Level 1:colcon.colcon_core.package_identification:_identify(.) by extension 'colcon_meta'
[0.260s] Level 1:colcon.colcon_core.package_identification:_identify(.) by extensions ['ros']
[0.260s] Level 1:colcon.colcon_core.package_identification:_identify(.) by extension 'ros'
[0.298s] Level 1:colcon.colcon_core.package_identification:_identify(.) by extensions ['cmake', 'python']
[0.298s] Level 1:colcon.colcon_core.package_identification:_identify(.) by extension 'cmake'
[0.298s] Level 1:colcon.colcon_core.package_identification:_identify(.) by extension 'python'
[0.299s] Level 1:colcon.colcon_core.package_identification:_identify(.) by extensions ['python_setup_py']
[0.299s] Level 1:colcon.colcon_core.package_identification:_identify(.) by extension 'python_setup_py'
[0.299s] Level 1:colcon.colcon_core.package_identification:_identify(build) by extensions ['ignore', 'ignore_ament_install']
[0.299s] Level 1:colcon.colcon_core.package_identification:_identify(build) by extension 'ignore'
[0.299s] Level 1:colcon.colcon_core.package_identification:_identify(build) ignored
[0.299s] Level 1:colcon.colcon_core.package_identification:_identify(install) by extensions ['ignore', 'ignore_ament_install']
[0.300s] Level 1:colcon.colcon_core.package_identification:_identify(install) by extension 'ignore'
[0.300s] Level 1:colcon.colcon_core.package_identification:_identify(install) ignored
[0.300s] Level 1:colcon.colcon_core.package_identification:_identify(log) by extensions ['ignore', 'ignore_ament_install']
[0.300s] Level 1:colcon.colcon_core.package_identification:_identify(log) by extension 'ignore'
[0.300s] Level 1:colcon.colcon_core.package_identification:_identify(log) ignored
[0.300s] Level 1:colcon.colcon_core.package_identification:_identify(src) by extensions ['ignore', 'ignore_ament_install']
[0.301s] Level 1:colcon.colcon_core.package_identification:_identify(src) by extension 'ignore'
[0.301s] Level 1:colcon.colcon_core.package_identification:_identify(src) by extension 'ignore_ament_install'
[0.301s] Level 1:colcon.colcon_core.package_identification:_identify(src) by extensions ['colcon_pkg']
[0.301s] Level 1:colcon.colcon_core.package_identification:_identify(src) by extension 'colcon_pkg'
[0.301s] Level 1:colcon.colcon_core.package_identification:_identify(src) by extensions ['colcon_meta']
[0.301s] Level 1:colcon.colcon_core.package_identification:_identify(src) by extension 'colcon_meta'
[0.301s] Level 1:colcon.colcon_core.package_identification:_identify(src) by extensions ['ros']
[0.301s] Level 1:colcon.colcon_core.package_identification:_identify(src) by extension 'ros'
[0.302s] Level 1:colcon.colcon_core.package_identification:_identify(src) by extensions ['cmake', 'python']
[0.302s] Level 1:colcon.colcon_core.package_identification:_identify(src) by extension 'cmake'
[0.302s] Level 1:colcon.colcon_core.package_identification:_identify(src) by extension 'python'
[0.302s] Level 1:colcon.colcon_core.package_identification:_identify(src) by extensions ['python_setup_py']
[0.302s] Level 1:colcon.colcon_core.package_identification:_identify(src) by extension 'python_setup_py'
[0.302s] Level 1:colcon.colcon_core.package_identification:_identify(src/mycobot450_isaacsim-6.0.1) by extensions ['ignore', 'ignore_ament_install']
[0.302s] Level 1:colcon.colcon_core.package_identification:_identify(src/mycobot450_isaacsim-6.0.1) by extension 'ignore'
[0.303s] Level 1:colcon.colcon_core.package_identification:_identify(src/mycobot450_isaacsim-6.0.1) by extension 'ignore_ament_install'
[0.303s] Level 1:colcon.colcon_core.package_identification:_identify(src/mycobot450_isaacsim-6.0.1) by extensions ['colcon_pkg']
[0.303s] Level 1:colcon.colcon_core.package_identification:_identify(src/mycobot450_isaacsim-6.0.1) by extension 'colcon_pkg'
[0.303s] Level 1:colcon.colcon_core.package_identification:_identify(src/mycobot450_isaacsim-6.0.1) by extensions ['colcon_meta']
[0.303s] Level 1:colcon.colcon_core.package_identification:_identify(src/mycobot450_isaacsim-6.0.1) by extension 'colcon_meta'
[0.303s] Level 1:colcon.colcon_core.package_identification:_identify(src/mycobot450_isaacsim-6.0.1) by extensions ['ros']
[0.303s] Level 1:colcon.colcon_core.package_identification:_identify(src/mycobot450_isaacsim-6.0.1) by extension 'ros'
[0.304s] Level 1:colcon.colcon_core.package_identification:_identify(src/mycobot450_isaacsim-6.0.1) by extensions ['cmake', 'python']
[0.304s] Level 1:colcon.colcon_core.package_identification:_identify(src/mycobot450_isaacsim-6.0.1) by extension 'cmake'
[0.304s] Level 1:colcon.colcon_core.package_identification:_identify(src/mycobot450_isaacsim-6.0.1) by extension 'python'
[0.304s] Level 1:colcon.colcon_core.package_identification:_identify(src/mycobot450_isaacsim-6.0.1) by extensions ['python_setup_py']
[0.304s] Level 1:colcon.colcon_core.package_identification:_identify(src/mycobot450_isaacsim-6.0.1) by extension 'python_setup_py'
[0.304s] Level 1:colcon.colcon_core.package_identification:_identify(src/mycobot450_isaacsim-6.0.1/USD) by extensions ['ignore', 'ignore_ament_install']
[0.305s] Level 1:colcon.colcon_core.package_identification:_identify(src/mycobot450_isaacsim-6.0.1/USD) by extension 'ignore'
[0.305s] Level 1:colcon.colcon_core.package_identification:_identify(src/mycobot450_isaacsim-6.0.1/USD) by extension 'ignore_ament_install'
[0.305s] Level 1:colcon.colcon_core.package_identification:_identify(src/mycobot450_isaacsim-6.0.1/USD) by extensions ['colcon_pkg']
[0.305s] Level 1:colcon.colcon_core.package_identification:_identify(src/mycobot450_isaacsim-6.0.1/USD) by extension 'colcon_pkg'
[0.305s] Level 1:colcon.colcon_core.package_identification:_identify(src/mycobot450_isaacsim-6.0.1/USD) by extensions ['colcon_meta']
[0.305s] Level 1:colcon.colcon_core.package_identification:_identify(src/mycobot450_isaacsim-6.0.1/USD) by extension 'colcon_meta'
[0.305s] Level 1:colcon.colcon_core.package_identification:_identify(src/mycobot450_isaacsim-6.0.1/USD) by extensions ['ros']
[0.305s] Level 1:colcon.colcon_core.package_identification:_identify(src/mycobot450_isaacsim-6.0.1/USD) by extension 'ros'
[0.305s] Level 1:colcon.colcon_core.package_identification:_identify(src/mycobot450_isaacsim-6.0.1/USD) by extensions ['cmake', 'python']
[0.306s] Level 1:colcon.colcon_core.package_identification:_identify(src/mycobot450_isaacsim-6.0.1/USD) by extension 'cmake'
[0.306s] Level 1:colcon.colcon_core.package_identification:_identify(src/mycobot450_isaacsim-6.0.1/USD) by extension 'python'
[0.306s] Level 1:colcon.colcon_core.package_identification:_identify(src/mycobot450_isaacsim-6.0.1/USD) by extensions ['python_setup_py']
[0.306s] Level 1:colcon.colcon_core.package_identification:_identify(src/mycobot450_isaacsim-6.0.1/USD) by extension 'python_setup_py'
[0.306s] Level 1:colcon.colcon_core.package_identification:_identify(src/mycobot450_isaacsim-6.0.1/USD/mycobot_pro_450) by extensions ['ignore', 'ignore_ament_install']
[0.306s] Level 1:colcon.colcon_core.package_identification:_identify(src/mycobot450_isaacsim-6.0.1/USD/mycobot_pro_450) by extension 'ignore'
[0.306s] Level 1:colcon.colcon_core.package_identification:_identify(src/mycobot450_isaacsim-6.0.1/USD/mycobot_pro_450) by extension 'ignore_ament_install'
[0.306s] Level 1:colcon.colcon_core.package_identification:_identify(src/mycobot450_isaacsim-6.0.1/USD/mycobot_pro_450) by extensions ['colcon_pkg']
[0.307s] Level 1:colcon.colcon_core.package_identification:_identify(src/mycobot450_isaacsim-6.0.1/USD/mycobot_pro_450) by extension 'colcon_pkg'
[0.307s] Level 1:colcon.colcon_core.package_identification:_identify(src/mycobot450_isaacsim-6.0.1/USD/mycobot_pro_450) by extensions ['colcon_meta']
[0.307s] Level 1:colcon.colcon_core.package_identification:_identify(src/mycobot450_isaacsim-6.0.1/USD/mycobot_pro_450) by extension 'colcon_meta'
[0.307s] Level 1:colcon.colcon_core.package_identification:_identify(src/mycobot450_isaacsim-6.0.1/USD/mycobot_pro_450) by extensions ['ros']
[0.307s] Level 1:colcon.colcon_core.package_identification:_identify(src/mycobot450_isaacsim-6.0.1/USD/mycobot_pro_450) by extension 'ros'
[0.307s] Level 1:colcon.colcon_core.package_identification:_identify(src/mycobot450_isaacsim-6.0.1/USD/mycobot_pro_450) by extensions ['cmake', 'python']
[0.307s] Level 1:colcon.colcon_core.package_identification:_identify(src/mycobot450_isaacsim-6.0.1/USD/mycobot_pro_450) by extension 'cmake'
[0.307s] Level 1:colcon.colcon_core.package_identification:_identify(src/mycobot450_isaacsim-6.0.1/USD/mycobot_pro_450) by extension 'python'
[0.307s] Level 1:colcon.colcon_core.package_identification:_identify(src/mycobot450_isaacsim-6.0.1/USD/mycobot_pro_450) by extensions ['python_setup_py']
[0.307s] Level 1:colcon.colcon_core.package_identification:_identify(src/mycobot450_isaacsim-6.0.1/USD/mycobot_pro_450) by extension 'python_setup_py'
[0.308s] Level 1:colcon.colcon_core.package_identification:_identify(src/mycobot450_isaacsim-6.0.1/USD/mycobot_pro_450/payloads) by extensions ['ignore', 'ignore_ament_install']
[0.308s] Level 1:colcon.colcon_core.package_identification:_identify(src/mycobot450_isaacsim-6.0.1/USD/mycobot_pro_450/payloads) by extension 'ignore'
[0.308s] Level 1:colcon.colcon_core.package_identification:_identify(src/mycobot450_isaacsim-6.0.1/USD/mycobot_pro_450/payloads) by extension 'ignore_ament_install'
[0.308s] Level 1:colcon.colcon_core.package_identification:_identify(src/mycobot450_isaacsim-6.0.1/USD/mycobot_pro_450/payloads) by extensions ['colcon_pkg']
[0.308s] Level 1:colcon.colcon_core.package_identification:_identify(src/mycobot450_isaacsim-6.0.1/USD/mycobot_pro_450/payloads) by extension 'colcon_pkg'
[0.308s] Level 1:colcon.colcon_core.package_identification:_identify(src/mycobot450_isaacsim-6.0.1/USD/mycobot_pro_450/payloads) by extensions ['colcon_meta']
[0.308s] Level 1:colcon.colcon_core.package_identification:_identify(src/mycobot450_isaacsim-6.0.1/USD/mycobot_pro_450/payloads) by extension 'colcon_meta'
[0.308s] Level 1:colcon.colcon_core.package_identification:_identify(src/mycobot450_isaacsim-6.0.1/USD/mycobot_pro_450/payloads) by extensions ['ros']
[0.308s] Level 1:colcon.colcon_core.package_identification:_identify(src/mycobot450_isaacsim-6.0.1/USD/mycobot_pro_450/payloads) by extension 'ros'
[0.309s] Level 1:colcon.colcon_core.package_identification:_identify(src/mycobot450_isaacsim-6.0.1/USD/mycobot_pro_450/payloads) by extensions ['cmake', 'python']
[0.309s] Level 1:colcon.colcon_core.package_identification:_identify(src/mycobot450_isaacsim-6.0.1/USD/mycobot_pro_450/payloads) by extension 'cmake'
[0.309s] Level 1:colcon.colcon_core.package_identification:_identify(src/mycobot450_isaacsim-6.0.1/USD/mycobot_pro_450/payloads) by extension 'python'
[0.309s] Level 1:colcon.colcon_core.package_identification:_identify(src/mycobot450_isaacsim-6.0.1/USD/mycobot_pro_450/payloads) by extensions ['python_setup_py']
[0.309s] Level 1:colcon.colcon_core.package_identification:_identify(src/mycobot450_isaacsim-6.0.1/USD/mycobot_pro_450/payloads) by extension 'python_setup_py'
[0.309s] Level 1:colcon.colcon_core.package_identification:_identify(src/mycobot450_isaacsim-6.0.1/USD/mycobot_pro_450/payloads/Physics) by extensions ['ignore', 'ignore_ament_install']
[0.309s] Level 1:colcon.colcon_core.package_identification:_identify(src/mycobot450_isaacsim-6.0.1/USD/mycobot_pro_450/payloads/Physics) by extension 'ignore'
[0.309s] Level 1:colcon.colcon_core.package_identification:_identify(src/mycobot450_isaacsim-6.0.1/USD/mycobot_pro_450/payloads/Physics) by extension 'ignore_ament_install'
[0.310s] Level 1:colcon.colcon_core.package_identification:_identify(src/mycobot450_isaacsim-6.0.1/USD/mycobot_pro_450/payloads/Physics) by extensions ['colcon_pkg']
[0.310s] Level 1:colcon.colcon_core.package_identification:_identify(src/mycobot450_isaacsim-6.0.1/USD/mycobot_pro_450/payloads/Physics) by extension 'colcon_pkg'
[0.310s] Level 1:colcon.colcon_core.package_identification:_identify(src/mycobot450_isaacsim-6.0.1/USD/mycobot_pro_450/payloads/Physics) by extensions ['colcon_meta']
[0.310s] Level 1:colcon.colcon_core.package_identification:_identify(src/mycobot450_isaacsim-6.0.1/USD/mycobot_pro_450/payloads/Physics) by extension 'colcon_meta'
[0.310s] Level 1:colcon.colcon_core.package_identification:_identify(src/mycobot450_isaacsim-6.0.1/USD/mycobot_pro_450/payloads/Physics) by extensions ['ros']
[0.310s] Level 1:colcon.colcon_core.package_identification:_identify(src/mycobot450_isaacsim-6.0.1/USD/mycobot_pro_450/payloads/Physics) by extension 'ros'
[0.310s] Level 1:colcon.colcon_core.package_identification:_identify(src/mycobot450_isaacsim-6.0.1/USD/mycobot_pro_450/payloads/Physics) by extensions ['cmake', 'python']
[0.310s] Level 1:colcon.colcon_core.package_identification:_identify(src/mycobot450_isaacsim-6.0.1/USD/mycobot_pro_450/payloads/Physics) by extension 'cmake'
[0.310s] Level 1:colcon.colcon_core.package_identification:_identify(src/mycobot450_isaacsim-6.0.1/USD/mycobot_pro_450/payloads/Physics) by extension 'python'
[0.310s] Level 1:colcon.colcon_core.package_identification:_identify(src/mycobot450_isaacsim-6.0.1/USD/mycobot_pro_450/payloads/Physics) by extensions ['python_setup_py']
[0.310s] Level 1:colcon.colcon_core.package_identification:_identify(src/mycobot450_isaacsim-6.0.1/USD/mycobot_pro_450/payloads/Physics) by extension 'python_setup_py'
[0.310s] Level 1:colcon.colcon_core.package_identification:_identify(src/mycobot450_isaacsim-6.0.1/USD/mygripper_f100) by extensions ['ignore', 'ignore_ament_install']
[0.310s] Level 1:colcon.colcon_core.package_identification:_identify(src/mycobot450_isaacsim-6.0.1/USD/mygripper_f100) by extension 'ignore'
[0.311s] Level 1:colcon.colcon_core.package_identification:_identify(src/mycobot450_isaacsim-6.0.1/USD/mygripper_f100) by extension 'ignore_ament_install'
[0.311s] Level 1:colcon.colcon_core.package_identification:_identify(src/mycobot450_isaacsim-6.0.1/USD/mygripper_f100) by extensions ['colcon_pkg']
[0.311s] Level 1:colcon.colcon_core.package_identification:_identify(src/mycobot450_isaacsim-6.0.1/USD/mygripper_f100) by extension 'colcon_pkg'
[0.311s] Level 1:colcon.colcon_core.package_identification:_identify(src/mycobot450_isaacsim-6.0.1/USD/mygripper_f100) by extensions ['colcon_meta']
[0.311s] Level 1:colcon.colcon_core.package_identification:_identify(src/mycobot450_isaacsim-6.0.1/USD/mygripper_f100) by extension 'colcon_meta'
[0.311s] Level 1:colcon.colcon_core.package_identification:_identify(src/mycobot450_isaacsim-6.0.1/USD/mygripper_f100) by extensions ['ros']
[0.311s] Level 1:colcon.colcon_core.package_identification:_identify(src/mycobot450_isaacsim-6.0.1/USD/mygripper_f100) by extension 'ros'
[0.311s] Level 1:colcon.colcon_core.package_identification:_identify(src/mycobot450_isaacsim-6.0.1/USD/mygripper_f100) by extensions ['cmake', 'python']
[0.311s] Level 1:colcon.colcon_core.package_identification:_identify(src/mycobot450_isaacsim-6.0.1/USD/mygripper_f100) by extension 'cmake'
[0.311s] Level 1:colcon.colcon_core.package_identification:_identify(src/mycobot450_isaacsim-6.0.1/USD/mygripper_f100) by extension 'python'
[0.311s] Level 1:colcon.colcon_core.package_identification:_identify(src/mycobot450_isaacsim-6.0.1/USD/mygripper_f100) by extensions ['python_setup_py']
[0.311s] Level 1:colcon.colcon_core.package_identification:_identify(src/mycobot450_isaacsim-6.0.1/USD/mygripper_f100) by extension 'python_setup_py'
[0.311s] Level 1:colcon.colcon_core.package_identification:_identify(src/mycobot450_isaacsim-6.0.1/USD/mygripper_f100/payloads) by extensions ['ignore', 'ignore_ament_install']
[0.311s] Level 1:colcon.colcon_core.package_identification:_identify(src/mycobot450_isaacsim-6.0.1/USD/mygripper_f100/payloads) by extension 'ignore'
[0.312s] Level 1:colcon.colcon_core.package_identification:_identify(src/mycobot450_isaacsim-6.0.1/USD/mygripper_f100/payloads) by extension 'ignore_ament_install'
[0.312s] Level 1:colcon.colcon_core.package_identification:_identify(src/mycobot450_isaacsim-6.0.1/USD/mygripper_f100/payloads) by extensions ['colcon_pkg']
[0.312s] Level 1:colcon.colcon_core.package_identification:_identify(src/mycobot450_isaacsim-6.0.1/USD/mygripper_f100/payloads) by extension 'colcon_pkg'
[0.312s] Level 1:colcon.colcon_core.package_identification:_identify(src/mycobot450_isaacsim-6.0.1/USD/mygripper_f100/payloads) by extensions ['colcon_meta']
[0.312s] Level 1:colcon.colcon_core.package_identification:_identify(src/mycobot450_isaacsim-6.0.1/USD/mygripper_f100/payloads) by extension 'colcon_meta'
[0.312s] Level 1:colcon.colcon_core.package_identification:_identify(src/mycobot450_isaacsim-6.0.1/USD/mygripper_f100/payloads) by extensions ['ros']
[0.312s] Level 1:colcon.colcon_core.package_identification:_identify(src/mycobot450_isaacsim-6.0.1/USD/mygripper_f100/payloads) by extension 'ros'
[0.312s] Level 1:colcon.colcon_core.package_identification:_identify(src/mycobot450_isaacsim-6.0.1/USD/mygripper_f100/payloads) by extensions ['cmake', 'python']
[0.312s] Level 1:colcon.colcon_core.package_identification:_identify(src/mycobot450_isaacsim-6.0.1/USD/mygripper_f100/payloads) by extension 'cmake'
[0.312s] Level 1:colcon.colcon_core.package_identification:_identify(src/mycobot450_isaacsim-6.0.1/USD/mygripper_f100/payloads) by extension 'python'
[0.312s] Level 1:colcon.colcon_core.package_identification:_identify(src/mycobot450_isaacsim-6.0.1/USD/mygripper_f100/payloads) by extensions ['python_setup_py']
[0.312s] Level 1:colcon.colcon_core.package_identification:_identify(src/mycobot450_isaacsim-6.0.1/USD/mygripper_f100/payloads) by extension 'python_setup_py'
[0.312s] Level 1:colcon.colcon_core.package_identification:_identify(src/mycobot450_isaacsim-6.0.1/USD/mygripper_f100/payloads/Physics) by extensions ['ignore', 'ignore_ament_install']
[0.313s] Level 1:colcon.colcon_core.package_identification:_identify(src/mycobot450_isaacsim-6.0.1/USD/mygripper_f100/payloads/Physics) by extension 'ignore'
[0.313s] Level 1:colcon.colcon_core.package_identification:_identify(src/mycobot450_isaacsim-6.0.1/USD/mygripper_f100/payloads/Physics) by extension 'ignore_ament_install'
[0.313s] Level 1:colcon.colcon_core.package_identification:_identify(src/mycobot450_isaacsim-6.0.1/USD/mygripper_f100/payloads/Physics) by extensions ['colcon_pkg']
[0.313s] Level 1:colcon.colcon_core.package_identification:_identify(src/mycobot450_isaacsim-6.0.1/USD/mygripper_f100/payloads/Physics) by extension 'colcon_pkg'
[0.313s] Level 1:colcon.colcon_core.package_identification:_identify(src/mycobot450_isaacsim-6.0.1/USD/mygripper_f100/payloads/Physics) by extensions ['colcon_meta']
[0.313s] Level 1:colcon.colcon_core.package_identification:_identify(src/mycobot450_isaacsim-6.0.1/USD/mygripper_f100/payloads/Physics) by extension 'colcon_meta'
[0.313s] Level 1:colcon.colcon_core.package_identification:_identify(src/mycobot450_isaacsim-6.0.1/USD/mygripper_f100/payloads/Physics) by extensions ['ros']
[0.313s] Level 1:colcon.colcon_core.package_identification:_identify(src/mycobot450_isaacsim-6.0.1/USD/mygripper_f100/payloads/Physics) by extension 'ros'
[0.313s] Level 1:colcon.colcon_core.package_identification:_identify(src/mycobot450_isaacsim-6.0.1/USD/mygripper_f100/payloads/Physics) by extensions ['cmake', 'python']
[0.313s] Level 1:colcon.colcon_core.package_identification:_identify(src/mycobot450_isaacsim-6.0.1/USD/mygripper_f100/payloads/Physics) by extension 'cmake'
[0.313s] Level 1:colcon.colcon_core.package_identification:_identify(src/mycobot450_isaacsim-6.0.1/USD/mygripper_f100/payloads/Physics) by extension 'python'
[0.313s] Level 1:colcon.colcon_core.package_identification:_identify(src/mycobot450_isaacsim-6.0.1/USD/mygripper_f100/payloads/Physics) by extensions ['python_setup_py']
[0.313s] Level 1:colcon.colcon_core.package_identification:_identify(src/mycobot450_isaacsim-6.0.1/USD/mygripper_f100/payloads/Physics) by extension 'python_setup_py'
[0.313s] Level 1:colcon.colcon_core.package_identification:_identify(src/mycobot450_isaacsim-6.0.1/USD/sim_450_f100) by extensions ['ignore', 'ignore_ament_install']
[0.313s] Level 1:colcon.colcon_core.package_identification:_identify(src/mycobot450_isaacsim-6.0.1/USD/sim_450_f100) by extension 'ignore'
[0.314s] Level 1:colcon.colcon_core.package_identification:_identify(src/mycobot450_isaacsim-6.0.1/USD/sim_450_f100) by extension 'ignore_ament_install'
[0.314s] Level 1:colcon.colcon_core.package_identification:_identify(src/mycobot450_isaacsim-6.0.1/USD/sim_450_f100) by extensions ['colcon_pkg']
[0.314s] Level 1:colcon.colcon_core.package_identification:_identify(src/mycobot450_isaacsim-6.0.1/USD/sim_450_f100) by extension 'colcon_pkg'
[0.314s] Level 1:colcon.colcon_core.package_identification:_identify(src/mycobot450_isaacsim-6.0.1/USD/sim_450_f100) by extensions ['colcon_meta']
[0.314s] Level 1:colcon.colcon_core.package_identification:_identify(src/mycobot450_isaacsim-6.0.1/USD/sim_450_f100) by extension 'colcon_meta'
[0.314s] Level 1:colcon.colcon_core.package_identification:_identify(src/mycobot450_isaacsim-6.0.1/USD/sim_450_f100) by extensions ['ros']
[0.314s] Level 1:colcon.colcon_core.package_identification:_identify(src/mycobot450_isaacsim-6.0.1/USD/sim_450_f100) by extension 'ros'
[0.314s] Level 1:colcon.colcon_core.package_identification:_identify(src/mycobot450_isaacsim-6.0.1/USD/sim_450_f100) by extensions ['cmake', 'python']
[0.314s] Level 1:colcon.colcon_core.package_identification:_identify(src/mycobot450_isaacsim-6.0.1/USD/sim_450_f100) by extension 'cmake'
[0.314s] Level 1:colcon.colcon_core.package_identification:_identify(src/mycobot450_isaacsim-6.0.1/USD/sim_450_f100) by extension 'python'
[0.314s] Level 1:colcon.colcon_core.package_identification:_identify(src/mycobot450_isaacsim-6.0.1/USD/sim_450_f100) by extensions ['python_setup_py']
[0.314s] Level 1:colcon.colcon_core.package_identification:_identify(src/mycobot450_isaacsim-6.0.1/USD/sim_450_f100) by extension 'python_setup_py'
[0.314s] Level 1:colcon.colcon_core.package_identification:_identify(src/mycobot450_isaacsim-6.0.1/USD/sim_450_f100/payloads) by extensions ['ignore', 'ignore_ament_install']
[0.314s] Level 1:colcon.colcon_core.package_identification:_identify(src/mycobot450_isaacsim-6.0.1/USD/sim_450_f100/payloads) by extension 'ignore'
[0.315s] Level 1:colcon.colcon_core.package_identification:_identify(src/mycobot450_isaacsim-6.0.1/USD/sim_450_f100/payloads) by extension 'ignore_ament_install'
[0.315s] Level 1:colcon.colcon_core.package_identification:_identify(src/mycobot450_isaacsim-6.0.1/USD/sim_450_f100/payloads) by extensions ['colcon_pkg']
[0.315s] Level 1:colcon.colcon_core.package_identification:_identify(src/mycobot450_isaacsim-6.0.1/USD/sim_450_f100/payloads) by extension 'colcon_pkg'
[0.315s] Level 1:colcon.colcon_core.package_identification:_identify(src/mycobot450_isaacsim-6.0.1/USD/sim_450_f100/payloads) by extensions ['colcon_meta']
[0.315s] Level 1:colcon.colcon_core.package_identification:_identify(src/mycobot450_isaacsim-6.0.1/USD/sim_450_f100/payloads) by extension 'colcon_meta'
[0.315s] Level 1:colcon.colcon_core.package_identification:_identify(src/mycobot450_isaacsim-6.0.1/USD/sim_450_f100/payloads) by extensions ['ros']
[0.315s] Level 1:colcon.colcon_core.package_identification:_identify(src/mycobot450_isaacsim-6.0.1/USD/sim_450_f100/payloads) by extension 'ros'
[0.315s] Level 1:colcon.colcon_core.package_identification:_identify(src/mycobot450_isaacsim-6.0.1/USD/sim_450_f100/payloads) by extensions ['cmake', 'python']
[0.315s] Level 1:colcon.colcon_core.package_identification:_identify(src/mycobot450_isaacsim-6.0.1/USD/sim_450_f100/payloads) by extension 'cmake'
[0.315s] Level 1:colcon.colcon_core.package_identification:_identify(src/mycobot450_isaacsim-6.0.1/USD/sim_450_f100/payloads) by extension 'python'
[0.315s] Level 1:colcon.colcon_core.package_identification:_identify(src/mycobot450_isaacsim-6.0.1/USD/sim_450_f100/payloads) by extensions ['python_setup_py']
[0.315s] Level 1:colcon.colcon_core.package_identification:_identify(src/mycobot450_isaacsim-6.0.1/USD/sim_450_f100/payloads) by extension 'python_setup_py'
[0.315s] Level 1:colcon.colcon_core.package_identification:_identify(src/mycobot450_isaacsim-6.0.1/USD/sim_450_f100/payloads/Gripper) by extensions ['ignore', 'ignore_ament_install']
[0.315s] Level 1:colcon.colcon_core.package_identification:_identify(src/mycobot450_isaacsim-6.0.1/USD/sim_450_f100/payloads/Gripper) by extension 'ignore'
[0.316s] Level 1:colcon.colcon_core.package_identification:_identify(src/mycobot450_isaacsim-6.0.1/USD/sim_450_f100/payloads/Gripper) by extension 'ignore_ament_install'
[0.316s] Level 1:colcon.colcon_core.package_identification:_identify(src/mycobot450_isaacsim-6.0.1/USD/sim_450_f100/payloads/Gripper) by extensions ['colcon_pkg']
[0.316s] Level 1:colcon.colcon_core.package_identification:_identify(src/mycobot450_isaacsim-6.0.1/USD/sim_450_f100/payloads/Gripper) by extension 'colcon_pkg'
[0.316s] Level 1:colcon.colcon_core.package_identification:_identify(src/mycobot450_isaacsim-6.0.1/USD/sim_450_f100/payloads/Gripper) by extensions ['colcon_meta']
[0.316s] Level 1:colcon.colcon_core.package_identification:_identify(src/mycobot450_isaacsim-6.0.1/USD/sim_450_f100/payloads/Gripper) by extension 'colcon_meta'
[0.316s] Level 1:colcon.colcon_core.package_identification:_identify(src/mycobot450_isaacsim-6.0.1/USD/sim_450_f100/payloads/Gripper) by extensions ['ros']
[0.316s] Level 1:colcon.colcon_core.package_identification:_identify(src/mycobot450_isaacsim-6.0.1/USD/sim_450_f100/payloads/Gripper) by extension 'ros'
[0.316s] Level 1:colcon.colcon_core.package_identification:_identify(src/mycobot450_isaacsim-6.0.1/USD/sim_450_f100/payloads/Gripper) by extensions ['cmake', 'python']
[0.317s] Level 1:colcon.colcon_core.package_identification:_identify(src/mycobot450_isaacsim-6.0.1/USD/sim_450_f100/payloads/Gripper) by extension 'cmake'
[0.317s] Level 1:colcon.colcon_core.package_identification:_identify(src/mycobot450_isaacsim-6.0.1/USD/sim_450_f100/payloads/Gripper) by extension 'python'
[0.317s] Level 1:colcon.colcon_core.package_identification:_identify(src/mycobot450_isaacsim-6.0.1/USD/sim_450_f100/payloads/Gripper) by extensions ['python_setup_py']
[0.317s] Level 1:colcon.colcon_core.package_identification:_identify(src/mycobot450_isaacsim-6.0.1/USD/sim_450_f100/payloads/Gripper) by extension 'python_setup_py'
[0.317s] Level 1:colcon.colcon_core.package_identification:_identify(src/mycobot450_isaacsim-6.0.1/pro450_isaacsim) by extensions ['ignore', 'ignore_ament_install']
[0.317s] Level 1:colcon.colcon_core.package_identification:_identify(src/mycobot450_isaacsim-6.0.1/pro450_isaacsim) by extension 'ignore'
[0.317s] Level 1:colcon.colcon_core.package_identification:_identify(src/mycobot450_isaacsim-6.0.1/pro450_isaacsim) by extension 'ignore_ament_install'
[0.317s] Level 1:colcon.colcon_core.package_identification:_identify(src/mycobot450_isaacsim-6.0.1/pro450_isaacsim) by extensions ['colcon_pkg']
[0.317s] Level 1:colcon.colcon_core.package_identification:_identify(src/mycobot450_isaacsim-6.0.1/pro450_isaacsim) by extension 'colcon_pkg'
[0.317s] Level 1:colcon.colcon_core.package_identification:_identify(src/mycobot450_isaacsim-6.0.1/pro450_isaacsim) by extensions ['colcon_meta']
[0.317s] Level 1:colcon.colcon_core.package_identification:_identify(src/mycobot450_isaacsim-6.0.1/pro450_isaacsim) by extension 'colcon_meta'
[0.317s] Level 1:colcon.colcon_core.package_identification:_identify(src/mycobot450_isaacsim-6.0.1/pro450_isaacsim) by extensions ['ros']
[0.317s] Level 1:colcon.colcon_core.package_identification:_identify(src/mycobot450_isaacsim-6.0.1/pro450_isaacsim) by extension 'ros'
[0.322s] DEBUG:colcon.colcon_core.package_identification:Package 'src/mycobot450_isaacsim-6.0.1/pro450_isaacsim' with type 'ros.ament_python' and name 'pro450_isaacsim'
[0.322s] Level 1:colcon.colcon_core.package_identification:_identify(src/mycobot450_isaacsim-6.0.1/robots_description) by extensions ['ignore', 'ignore_ament_install']
[0.322s] Level 1:colcon.colcon_core.package_identification:_identify(src/mycobot450_isaacsim-6.0.1/robots_description) by extension 'ignore'
[0.322s] Level 1:colcon.colcon_core.package_identification:_identify(src/mycobot450_isaacsim-6.0.1/robots_description) by extension 'ignore_ament_install'
[0.322s] Level 1:colcon.colcon_core.package_identification:_identify(src/mycobot450_isaacsim-6.0.1/robots_description) by extensions ['colcon_pkg']
[0.322s] Level 1:colcon.colcon_core.package_identification:_identify(src/mycobot450_isaacsim-6.0.1/robots_description) by extension 'colcon_pkg'
[0.322s] Level 1:colcon.colcon_core.package_identification:_identify(src/mycobot450_isaacsim-6.0.1/robots_description) by extensions ['colcon_meta']
[0.322s] Level 1:colcon.colcon_core.package_identification:_identify(src/mycobot450_isaacsim-6.0.1/robots_description) by extension 'colcon_meta'
[0.322s] Level 1:colcon.colcon_core.package_identification:_identify(src/mycobot450_isaacsim-6.0.1/robots_description) by extensions ['ros']
[0.322s] Level 1:colcon.colcon_core.package_identification:_identify(src/mycobot450_isaacsim-6.0.1/robots_description) by extension 'ros'
[0.323s] Level 1:colcon.colcon_core.package_identification:_identify(src/mycobot450_isaacsim-6.0.1/robots_description) by extensions ['cmake', 'python']
[0.323s] Level 1:colcon.colcon_core.package_identification:_identify(src/mycobot450_isaacsim-6.0.1/robots_description) by extension 'cmake'
[0.323s] Level 1:colcon.colcon_core.package_identification:_identify(src/mycobot450_isaacsim-6.0.1/robots_description) by extension 'python'
[0.323s] Level 1:colcon.colcon_core.package_identification:_identify(src/mycobot450_isaacsim-6.0.1/robots_description) by extensions ['python_setup_py']
[0.323s] Level 1:colcon.colcon_core.package_identification:_identify(src/mycobot450_isaacsim-6.0.1/robots_description) by extension 'python_setup_py'
[0.323s] Level 1:colcon.colcon_core.package_identification:_identify(src/mycobot450_isaacsim-6.0.1/robots_description/mycobot_pro_450_description) by extensions ['ignore', 'ignore_ament_install']
[0.323s] Level 1:colcon.colcon_core.package_identification:_identify(src/mycobot450_isaacsim-6.0.1/robots_description/mycobot_pro_450_description) by extension 'ignore'
[0.323s] Level 1:colcon.colcon_core.package_identification:_identify(src/mycobot450_isaacsim-6.0.1/robots_description/mycobot_pro_450_description) by extension 'ignore_ament_install'
[0.323s] Level 1:colcon.colcon_core.package_identification:_identify(src/mycobot450_isaacsim-6.0.1/robots_description/mycobot_pro_450_description) by extensions ['colcon_pkg']
[0.323s] Level 1:colcon.colcon_core.package_identification:_identify(src/mycobot450_isaacsim-6.0.1/robots_description/mycobot_pro_450_description) by extension 'colcon_pkg'
[0.323s] Level 1:colcon.colcon_core.package_identification:_identify(src/mycobot450_isaacsim-6.0.1/robots_description/mycobot_pro_450_description) by extensions ['colcon_meta']
[0.323s] Level 1:colcon.colcon_core.package_identification:_identify(src/mycobot450_isaacsim-6.0.1/robots_description/mycobot_pro_450_description) by extension 'colcon_meta'
[0.323s] Level 1:colcon.colcon_core.package_identification:_identify(src/mycobot450_isaacsim-6.0.1/robots_description/mycobot_pro_450_description) by extensions ['ros']
[0.323s] Level 1:colcon.colcon_core.package_identification:_identify(src/mycobot450_isaacsim-6.0.1/robots_description/mycobot_pro_450_description) by extension 'ros'
[0.324s] DEBUG:colcon.colcon_core.package_identification:Package 'src/mycobot450_isaacsim-6.0.1/robots_description/mycobot_pro_450_description' with type 'ros.ament_cmake' and name 'mycobot_pro_450_description'
[0.324s] Level 1:colcon.colcon_core.package_identification:_identify(src/mycobot450_isaacsim-6.0.1/robots_description/mygripper_f100_description) by extensions ['ignore', 'ignore_ament_install']
[0.324s] Level 1:colcon.colcon_core.package_identification:_identify(src/mycobot450_isaacsim-6.0.1/robots_description/mygripper_f100_description) by extension 'ignore'
[0.324s] Level 1:colcon.colcon_core.package_identification:_identify(src/mycobot450_isaacsim-6.0.1/robots_description/mygripper_f100_description) by extension 'ignore_ament_install'
[0.325s] Level 1:colcon.colcon_core.package_identification:_identify(src/mycobot450_isaacsim-6.0.1/robots_description/mygripper_f100_description) by extensions ['colcon_pkg']
[0.325s] Level 1:colcon.colcon_core.package_identification:_identify(src/mycobot450_isaacsim-6.0.1/robots_description/mygripper_f100_description) by extension 'colcon_pkg'
[0.325s] Level 1:colcon.colcon_core.package_identification:_identify(src/mycobot450_isaacsim-6.0.1/robots_description/mygripper_f100_description) by extensions ['colcon_meta']
[0.325s] Level 1:colcon.colcon_core.package_identification:_identify(src/mycobot450_isaacsim-6.0.1/robots_description/mygripper_f100_description) by extension 'colcon_meta'
[0.325s] Level 1:colcon.colcon_core.package_identification:_identify(src/mycobot450_isaacsim-6.0.1/robots_description/mygripper_f100_description) by extensions ['ros']
[0.325s] Level 1:colcon.colcon_core.package_identification:_identify(src/mycobot450_isaacsim-6.0.1/robots_description/mygripper_f100_description) by extension 'ros'
[0.326s] DEBUG:colcon.colcon_core.package_identification:Package 'src/mycobot450_isaacsim-6.0.1/robots_description/mygripper_f100_description' with type 'ros.ament_cmake' and name 'mygripper_f100_description'
[0.326s] Level 1:colcon.colcon_core.package_discovery:discover_packages(recursive) using defaults
[0.326s] Level 1:colcon.colcon_core.package_discovery:discover_packages(ignore) discover
[0.326s] Level 1:colcon.colcon_core.package_discovery:discover_packages(ignore) using defaults
[0.326s] Level 1:colcon.colcon_core.package_discovery:discover_packages(path) discover
[0.326s] Level 1:colcon.colcon_core.package_discovery:discover_packages(path) using defaults
[0.359s] Level 1:colcon.colcon_core.package_discovery:discover_packages(prefix_path) check parameters
[0.359s] Level 1:colcon.colcon_core.package_discovery:discover_packages(prefix_path) discover
[0.363s] DEBUG:colcon.colcon_installed_package_information.package_discovery:Found 3 installed packages in /workspace/dev/IsaacSim/CWJ/pro450_isaacsim_ws_601/install
[0.363s] DEBUG:colcon.colcon_installed_package_information.package_discovery:Found 4 installed packages in /workspace/dev/IsaacSim/CWJ/pro450_isaacsim_ws/install
[0.366s] DEBUG:colcon.colcon_installed_package_information.package_discovery:Found 287 installed packages in /opt/ros/jazzy
[0.367s] Level 1:colcon.colcon_core.package_discovery:discover_packages(prefix_path) using defaults
[0.452s] Level 5:colcon.colcon_core.verb:set package 'mycobot_pro_450_description' build argument 'cmake_args' from command line to 'None'
[0.453s] Level 5:colcon.colcon_core.verb:set package 'mycobot_pro_450_description' build argument 'cmake_target' from command line to 'None'
[0.453s] Level 5:colcon.colcon_core.verb:set package 'mycobot_pro_450_description' build argument 'cmake_target_skip_unavailable' from command line to 'False'
[0.453s] Level 5:colcon.colcon_core.verb:set package 'mycobot_pro_450_description' build argument 'cmake_clean_cache' from command line to 'False'
[0.453s] Level 5:colcon.colcon_core.verb:set package 'mycobot_pro_450_description' build argument 'cmake_clean_first' from command line to 'False'
[0.453s] Level 5:colcon.colcon_core.verb:set package 'mycobot_pro_450_description' build argument 'cmake_force_configure' from command line to 'False'
[0.453s] Level 5:colcon.colcon_core.verb:set package 'mycobot_pro_450_description' build argument 'ament_cmake_args' from command line to 'None'
[0.453s] Level 5:colcon.colcon_core.verb:set package 'mycobot_pro_450_description' build argument 'catkin_cmake_args' from command line to 'None'
[0.453s] Level 5:colcon.colcon_core.verb:set package 'mycobot_pro_450_description' build argument 'catkin_skip_building_tests' from command line to 'False'
[0.453s] DEBUG:colcon.colcon_core.verb:Building package 'mycobot_pro_450_description' with the following arguments: {'ament_cmake_args': None, 'build_base': '/workspace/dev/IsaacSim/CWJ/pro450_isaacsim_ws_601/build/mycobot_pro_450_description', 'catkin_cmake_args': None, 'catkin_skip_building_tests': False, 'cmake_args': None, 'cmake_clean_cache': False, 'cmake_clean_first': False, 'cmake_force_configure': False, 'cmake_target': None, 'cmake_target_skip_unavailable': False, 'install_base': '/workspace/dev/IsaacSim/CWJ/pro450_isaacsim_ws_601/install/mycobot_pro_450_description', 'merge_install': False, 'path': '/workspace/dev/IsaacSim/CWJ/pro450_isaacsim_ws_601/src/mycobot450_isaacsim-6.0.1/robots_description/mycobot_pro_450_description', 'symlink_install': False, 'test_result_base': None}
[0.454s] Level 5:colcon.colcon_core.verb:set package 'mygripper_f100_description' build argument 'cmake_args' from command line to 'None'
[0.454s] Level 5:colcon.colcon_core.verb:set package 'mygripper_f100_description' build argument 'cmake_target' from command line to 'None'
[0.454s] Level 5:colcon.colcon_core.verb:set package 'mygripper_f100_description' build argument 'cmake_target_skip_unavailable' from command line to 'False'
[0.454s] Level 5:colcon.colcon_core.verb:set package 'mygripper_f100_description' build argument 'cmake_clean_cache' from command line to 'False'
[0.454s] Level 5:colcon.colcon_core.verb:set package 'mygripper_f100_description' build argument 'cmake_clean_first' from command line to 'False'
[0.454s] Level 5:colcon.colcon_core.verb:set package 'mygripper_f100_description' build argument 'cmake_force_configure' from command line to 'False'
[0.454s] Level 5:colcon.colcon_core.verb:set package 'mygripper_f100_description' build argument 'ament_cmake_args' from command line to 'None'
[0.454s] Level 5:colcon.colcon_core.verb:set package 'mygripper_f100_description' build argument 'catkin_cmake_args' from command line to 'None'
[0.454s] Level 5:colcon.colcon_core.verb:set package 'mygripper_f100_description' build argument 'catkin_skip_building_tests' from command line to 'False'
[0.454s] DEBUG:colcon.colcon_core.verb:Building package 'mygripper_f100_description' with the following arguments: {'ament_cmake_args': None, 'build_base': '/workspace/dev/IsaacSim/CWJ/pro450_isaacsim_ws_601/build/mygripper_f100_description', 'catkin_cmake_args': None, 'catkin_skip_building_tests': False, 'cmake_args': None, 'cmake_clean_cache': False, 'cmake_clean_first': False, 'cmake_force_configure': False, 'cmake_target': None, 'cmake_target_skip_unavailable': False, 'install_base': '/workspace/dev/IsaacSim/CWJ/pro450_isaacsim_ws_601/install/mygripper_f100_description', 'merge_install': False, 'path': '/workspace/dev/IsaacSim/CWJ/pro450_isaacsim_ws_601/src/mycobot450_isaacsim-6.0.1/robots_description/mygripper_f100_description', 'symlink_install': False, 'test_result_base': None}
[0.455s] Level 5:colcon.colcon_core.verb:set package 'pro450_isaacsim' build argument 'cmake_args' from command line to 'None'
[0.455s] Level 5:colcon.colcon_core.verb:set package 'pro450_isaacsim' build argument 'cmake_target' from command line to 'None'
[0.455s] Level 5:colcon.colcon_core.verb:set package 'pro450_isaacsim' build argument 'cmake_target_skip_unavailable' from command line to 'False'
[0.455s] Level 5:colcon.colcon_core.verb:set package 'pro450_isaacsim' build argument 'cmake_clean_cache' from command line to 'False'
[0.455s] Level 5:colcon.colcon_core.verb:set package 'pro450_isaacsim' build argument 'cmake_clean_first' from command line to 'False'
[0.455s] Level 5:colcon.colcon_core.verb:set package 'pro450_isaacsim' build argument 'cmake_force_configure' from command line to 'False'
[0.455s] Level 5:colcon.colcon_core.verb:set package 'pro450_isaacsim' build argument 'ament_cmake_args' from command line to 'None'
[0.455s] Level 5:colcon.colcon_core.verb:set package 'pro450_isaacsim' build argument 'catkin_cmake_args' from command line to 'None'
[0.455s] Level 5:colcon.colcon_core.verb:set package 'pro450_isaacsim' build argument 'catkin_skip_building_tests' from command line to 'False'
[0.455s] DEBUG:colcon.colcon_core.verb:Building package 'pro450_isaacsim' with the following arguments: {'ament_cmake_args': None, 'build_base': '/workspace/dev/IsaacSim/CWJ/pro450_isaacsim_ws_601/build/pro450_isaacsim', 'catkin_cmake_args': None, 'catkin_skip_building_tests': False, 'cmake_args': None, 'cmake_clean_cache': False, 'cmake_clean_first': False, 'cmake_force_configure': False, 'cmake_target': None, 'cmake_target_skip_unavailable': False, 'install_base': '/workspace/dev/IsaacSim/CWJ/pro450_isaacsim_ws_601/install/pro450_isaacsim', 'merge_install': False, 'path': '/workspace/dev/IsaacSim/CWJ/pro450_isaacsim_ws_601/src/mycobot450_isaacsim-6.0.1/pro450_isaacsim', 'symlink_install': False, 'test_result_base': None}
[0.455s] INFO:colcon.colcon_core.executor:Executing jobs using 'parallel' executor
[0.457s] DEBUG:colcon.colcon_parallel_executor.executor.parallel:run_until_complete
[0.458s] INFO:colcon.colcon_ros.task.ament_cmake.build:Building ROS package in '/workspace/dev/IsaacSim/CWJ/pro450_isaacsim_ws_601/src/mycobot450_isaacsim-6.0.1/robots_description/mycobot_pro_450_description' with build type 'ament_cmake'
[0.458s] INFO:colcon.colcon_cmake.task.cmake.build:Building CMake package in '/workspace/dev/IsaacSim/CWJ/pro450_isaacsim_ws_601/src/mycobot450_isaacsim-6.0.1/robots_description/mycobot_pro_450_description'
[0.462s] INFO:colcon.colcon_core.plugin_system:Skipping extension 'colcon_core.shell.bat': Not used on non-Windows systems
[0.462s] INFO:colcon.colcon_core.shell:Skip shell extension 'powershell' for command environment: Not usable outside of PowerShell
[0.462s] DEBUG:colcon.colcon_core.shell:Skip shell extension 'dsv' for command environment
[0.469s] INFO:colcon.colcon_ros.task.ament_cmake.build:Building ROS package in '/workspace/dev/IsaacSim/CWJ/pro450_isaacsim_ws_601/src/mycobot450_isaacsim-6.0.1/robots_description/mygripper_f100_description' with build type 'ament_cmake'
[0.470s] INFO:colcon.colcon_cmake.task.cmake.build:Building CMake package in '/workspace/dev/IsaacSim/CWJ/pro450_isaacsim_ws_601/src/mycobot450_isaacsim-6.0.1/robots_description/mygripper_f100_description'
[0.470s] INFO:colcon.colcon_core.shell:Skip shell extension 'powershell' for command environment: Not usable outside of PowerShell
[0.470s] DEBUG:colcon.colcon_core.shell:Skip shell extension 'dsv' for command environment
[0.478s] INFO:colcon.colcon_ros.task.ament_python.build:Building ROS package in '/workspace/dev/IsaacSim/CWJ/pro450_isaacsim_ws_601/src/mycobot450_isaacsim-6.0.1/pro450_isaacsim' with build type 'ament_python'
[0.479s] Level 1:colcon.colcon_core.shell:create_environment_hook('pro450_isaacsim', 'ament_prefix_path')
[0.479s] INFO:colcon.colcon_core.shell:Creating environment hook '/workspace/dev/IsaacSim/CWJ/pro450_isaacsim_ws_601/install/pro450_isaacsim/share/pro450_isaacsim/hook/ament_prefix_path.ps1'
[0.480s] INFO:colcon.colcon_core.shell:Creating environment descriptor '/workspace/dev/IsaacSim/CWJ/pro450_isaacsim_ws_601/install/pro450_isaacsim/share/pro450_isaacsim/hook/ament_prefix_path.dsv'
[0.481s] INFO:colcon.colcon_core.shell:Creating environment hook '/workspace/dev/IsaacSim/CWJ/pro450_isaacsim_ws_601/install/pro450_isaacsim/share/pro450_isaacsim/hook/ament_prefix_path.sh'
[0.482s] INFO:colcon.colcon_core.shell:Skip shell extension 'powershell' for command environment: Not usable outside of PowerShell
[0.482s] DEBUG:colcon.colcon_core.shell:Skip shell extension 'dsv' for command environment
[0.496s] DEBUG:colcon.colcon_core.event_handler.log_command:Invoking command in '/workspace/dev/IsaacSim/CWJ/pro450_isaacsim_ws_601/build/mycobot_pro_450_description': CMAKE_PREFIX_PATH=${CMAKE_PREFIX_PATH}:/workspace/dev/IsaacSim/CWJ/pro450_isaacsim_ws_601/install/pro450_isaacsim:/workspace/dev/IsaacSim/CWJ/pro450_isaacsim_ws/install/pro450_isaacsim:/workspace/dev/IsaacSim/CWJ/pro450_isaacsim_ws/install/pro450_isaac_moveit2_control:/workspace/dev/IsaacSim/CWJ/pro450_isaacsim_ws/install/mycobot_description:/opt/ros/jazzy /usr/bin/cmake --build /workspace/dev/IsaacSim/CWJ/pro450_isaacsim_ws_601/build/mycobot_pro_450_description -- -j16 -l16
[0.506s] DEBUG:colcon.colcon_core.event_handler.log_command:Invoking command in '/workspace/dev/IsaacSim/CWJ/pro450_isaacsim_ws_601/build/mygripper_f100_description': CMAKE_PREFIX_PATH=${CMAKE_PREFIX_PATH}:/workspace/dev/IsaacSim/CWJ/pro450_isaacsim_ws_601/install/pro450_isaacsim:/workspace/dev/IsaacSim/CWJ/pro450_isaacsim_ws/install/pro450_isaacsim:/workspace/dev/IsaacSim/CWJ/pro450_isaacsim_ws/install/pro450_isaac_moveit2_control:/workspace/dev/IsaacSim/CWJ/pro450_isaacsim_ws/install/mycobot_description:/opt/ros/jazzy /usr/bin/cmake --build /workspace/dev/IsaacSim/CWJ/pro450_isaacsim_ws_601/build/mygripper_f100_description -- -j16 -l16
[0.882s] INFO:colcon.colcon_core.task.python.build:Building Python package in '/workspace/dev/IsaacSim/CWJ/pro450_isaacsim_ws_601/src/mycobot450_isaacsim-6.0.1/pro450_isaacsim'
[0.882s] INFO:colcon.colcon_core.shell:Skip shell extension 'powershell' for command environment: Not usable outside of PowerShell
[0.882s] DEBUG:colcon.colcon_core.shell:Skip shell extension 'dsv' for command environment
[0.893s] DEBUG:colcon.colcon_core.event_handler.log_command:Invoked command in '/workspace/dev/IsaacSim/CWJ/pro450_isaacsim_ws_601/build/mycobot_pro_450_description' returned '0': CMAKE_PREFIX_PATH=${CMAKE_PREFIX_PATH}:/workspace/dev/IsaacSim/CWJ/pro450_isaacsim_ws_601/install/pro450_isaacsim:/workspace/dev/IsaacSim/CWJ/pro450_isaacsim_ws/install/pro450_isaacsim:/workspace/dev/IsaacSim/CWJ/pro450_isaacsim_ws/install/pro450_isaac_moveit2_control:/workspace/dev/IsaacSim/CWJ/pro450_isaacsim_ws/install/mycobot_description:/opt/ros/jazzy /usr/bin/cmake --build /workspace/dev/IsaacSim/CWJ/pro450_isaacsim_ws_601/build/mycobot_pro_450_description -- -j16 -l16
[0.914s] DEBUG:colcon.colcon_core.event_handler.log_command:Invoking command in '/workspace/dev/IsaacSim/CWJ/pro450_isaacsim_ws_601/build/mycobot_pro_450_description': CMAKE_PREFIX_PATH=${CMAKE_PREFIX_PATH}:/workspace/dev/IsaacSim/CWJ/pro450_isaacsim_ws_601/install/pro450_isaacsim:/workspace/dev/IsaacSim/CWJ/pro450_isaacsim_ws/install/pro450_isaacsim:/workspace/dev/IsaacSim/CWJ/pro450_isaacsim_ws/install/pro450_isaac_moveit2_control:/workspace/dev/IsaacSim/CWJ/pro450_isaacsim_ws/install/mycobot_description:/opt/ros/jazzy /usr/bin/cmake --install /workspace/dev/IsaacSim/CWJ/pro450_isaacsim_ws_601/build/mycobot_pro_450_description
[0.916s] DEBUG:colcon.colcon_core.event_handler.log_command:Invoked command in '/workspace/dev/IsaacSim/CWJ/pro450_isaacsim_ws_601/build/mygripper_f100_description' returned '0': CMAKE_PREFIX_PATH=${CMAKE_PREFIX_PATH}:/workspace/dev/IsaacSim/CWJ/pro450_isaacsim_ws_601/install/pro450_isaacsim:/workspace/dev/IsaacSim/CWJ/pro450_isaacsim_ws/install/pro450_isaacsim:/workspace/dev/IsaacSim/CWJ/pro450_isaacsim_ws/install/pro450_isaac_moveit2_control:/workspace/dev/IsaacSim/CWJ/pro450_isaacsim_ws/install/mycobot_description:/opt/ros/jazzy /usr/bin/cmake --build /workspace/dev/IsaacSim/CWJ/pro450_isaacsim_ws_601/build/mygripper_f100_description -- -j16 -l16
[0.917s] DEBUG:colcon.colcon_core.event_handler.log_command:Invoking command in '/workspace/dev/IsaacSim/CWJ/pro450_isaacsim_ws_601/build/mygripper_f100_description': CMAKE_PREFIX_PATH=${CMAKE_PREFIX_PATH}:/workspace/dev/IsaacSim/CWJ/pro450_isaacsim_ws_601/install/pro450_isaacsim:/workspace/dev/IsaacSim/CWJ/pro450_isaacsim_ws/install/pro450_isaacsim:/workspace/dev/IsaacSim/CWJ/pro450_isaacsim_ws/install/pro450_isaac_moveit2_control:/workspace/dev/IsaacSim/CWJ/pro450_isaacsim_ws/install/mycobot_description:/opt/ros/jazzy /usr/bin/cmake --install /workspace/dev/IsaacSim/CWJ/pro450_isaacsim_ws_601/build/mygripper_f100_description
[0.940s] Level 1:colcon.colcon_core.environment:create_environment_scripts_only(mygripper_f100_description)
[0.955s] Level 1:colcon.colcon_core.environment:checking '/workspace/dev/IsaacSim/CWJ/pro450_isaacsim_ws_601/install/mygripper_f100_description' for CMake module files
[0.957s] Level 1:colcon.colcon_core.environment:checking '/workspace/dev/IsaacSim/CWJ/pro450_isaacsim_ws_601/install/mygripper_f100_description' for CMake config files
[0.959s] Level 1:colcon.colcon_core.shell:create_environment_hook('mygripper_f100_description', 'cmake_prefix_path')
[0.960s] INFO:colcon.colcon_core.shell:Creating environment hook '/workspace/dev/IsaacSim/CWJ/pro450_isaacsim_ws_601/install/mygripper_f100_description/share/mygripper_f100_description/hook/cmake_prefix_path.ps1'
[0.962s] INFO:colcon.colcon_core.shell:Creating environment descriptor '/workspace/dev/IsaacSim/CWJ/pro450_isaacsim_ws_601/install/mygripper_f100_description/share/mygripper_f100_description/hook/cmake_prefix_path.dsv'
[0.965s] INFO:colcon.colcon_core.shell:Creating environment hook '/workspace/dev/IsaacSim/CWJ/pro450_isaacsim_ws_601/install/mygripper_f100_description/share/mygripper_f100_description/hook/cmake_prefix_path.sh'
[0.968s] Level 1:colcon.colcon_core.environment:checking '/workspace/dev/IsaacSim/CWJ/pro450_isaacsim_ws_601/install/mygripper_f100_description/bin'
[0.969s] Level 1:colcon.colcon_core.environment:checking '/workspace/dev/IsaacSim/CWJ/pro450_isaacsim_ws_601/install/mygripper_f100_description/lib/pkgconfig/mygripper_f100_description.pc'
[0.969s] Level 1:colcon.colcon_core.environment:checking '/workspace/dev/IsaacSim/CWJ/pro450_isaacsim_ws_601/install/mygripper_f100_description/lib/python3.12/site-packages'
[0.970s] Level 1:colcon.colcon_core.environment:checking '/workspace/dev/IsaacSim/CWJ/pro450_isaacsim_ws_601/install/mygripper_f100_description/bin'
[0.971s] INFO:colcon.colcon_core.shell:Creating package script '/workspace/dev/IsaacSim/CWJ/pro450_isaacsim_ws_601/install/mygripper_f100_description/share/mygripper_f100_description/package.ps1'
[0.974s] INFO:colcon.colcon_core.shell:Creating package descriptor '/workspace/dev/IsaacSim/CWJ/pro450_isaacsim_ws_601/install/mygripper_f100_description/share/mygripper_f100_description/package.dsv'
[0.975s] INFO:colcon.colcon_core.shell:Creating package script '/workspace/dev/IsaacSim/CWJ/pro450_isaacsim_ws_601/install/mygripper_f100_description/share/mygripper_f100_description/package.sh'
[0.978s] INFO:colcon.colcon_core.shell:Creating package script '/workspace/dev/IsaacSim/CWJ/pro450_isaacsim_ws_601/install/mygripper_f100_description/share/mygripper_f100_description/package.bash'
[0.981s] INFO:colcon.colcon_core.shell:Creating package script '/workspace/dev/IsaacSim/CWJ/pro450_isaacsim_ws_601/install/mygripper_f100_description/share/mygripper_f100_description/package.zsh'
[0.985s] Level 1:colcon.colcon_core.environment:create_file_with_runtime_dependencies(/workspace/dev/IsaacSim/CWJ/pro450_isaacsim_ws_601/install/mygripper_f100_description/share/colcon-core/packages/mygripper_f100_description)
[0.988s] Level 1:colcon.colcon_core.environment:create_environment_scripts_only(mygripper_f100_description)
[0.989s] DEBUG:colcon.colcon_core.event_handler.log_command:Invoked command in '/workspace/dev/IsaacSim/CWJ/pro450_isaacsim_ws_601/build/mygripper_f100_description' returned '0': CMAKE_PREFIX_PATH=${CMAKE_PREFIX_PATH}:/workspace/dev/IsaacSim/CWJ/pro450_isaacsim_ws_601/install/pro450_isaacsim:/workspace/dev/IsaacSim/CWJ/pro450_isaacsim_ws/install/pro450_isaacsim:/workspace/dev/IsaacSim/CWJ/pro450_isaacsim_ws/install/pro450_isaac_moveit2_control:/workspace/dev/IsaacSim/CWJ/pro450_isaacsim_ws/install/mycobot_description:/opt/ros/jazzy /usr/bin/cmake --install /workspace/dev/IsaacSim/CWJ/pro450_isaacsim_ws_601/build/mygripper_f100_description
[0.989s] Level 1:colcon.colcon_core.environment:checking '/workspace/dev/IsaacSim/CWJ/pro450_isaacsim_ws_601/install/mygripper_f100_description' for CMake module files
[0.990s] Level 1:colcon.colcon_core.environment:checking '/workspace/dev/IsaacSim/CWJ/pro450_isaacsim_ws_601/install/mygripper_f100_description' for CMake config files
[0.991s] Level 1:colcon.colcon_core.shell:create_environment_hook('mygripper_f100_description', 'cmake_prefix_path')
[0.991s] INFO:colcon.colcon_core.shell:Creating environment hook '/workspace/dev/IsaacSim/CWJ/pro450_isaacsim_ws_601/install/mygripper_f100_description/share/mygripper_f100_description/hook/cmake_prefix_path.ps1'
[0.992s] INFO:colcon.colcon_core.shell:Creating environment descriptor '/workspace/dev/IsaacSim/CWJ/pro450_isaacsim_ws_601/install/mygripper_f100_description/share/mygripper_f100_description/hook/cmake_prefix_path.dsv'
[0.993s] INFO:colcon.colcon_core.shell:Creating environment hook '/workspace/dev/IsaacSim/CWJ/pro450_isaacsim_ws_601/install/mygripper_f100_description/share/mygripper_f100_description/hook/cmake_prefix_path.sh'
[0.994s] Level 1:colcon.colcon_core.environment:checking '/workspace/dev/IsaacSim/CWJ/pro450_isaacsim_ws_601/install/mygripper_f100_description/bin'
[0.994s] Level 1:colcon.colcon_core.environment:checking '/workspace/dev/IsaacSim/CWJ/pro450_isaacsim_ws_601/install/mygripper_f100_description/lib/pkgconfig/mygripper_f100_description.pc'
[0.994s] Level 1:colcon.colcon_core.environment:checking '/workspace/dev/IsaacSim/CWJ/pro450_isaacsim_ws_601/install/mygripper_f100_description/lib/python3.12/site-packages'
[0.995s] Level 1:colcon.colcon_core.environment:checking '/workspace/dev/IsaacSim/CWJ/pro450_isaacsim_ws_601/install/mygripper_f100_description/bin'
[0.996s] INFO:colcon.colcon_core.shell:Creating package script '/workspace/dev/IsaacSim/CWJ/pro450_isaacsim_ws_601/install/mygripper_f100_description/share/mygripper_f100_description/package.ps1'
[0.997s] INFO:colcon.colcon_core.shell:Creating package descriptor '/workspace/dev/IsaacSim/CWJ/pro450_isaacsim_ws_601/install/mygripper_f100_description/share/mygripper_f100_description/package.dsv'
[0.997s] INFO:colcon.colcon_core.shell:Creating package script '/workspace/dev/IsaacSim/CWJ/pro450_isaacsim_ws_601/install/mygripper_f100_description/share/mygripper_f100_description/package.sh'
[0.999s] INFO:colcon.colcon_core.shell:Creating package script '/workspace/dev/IsaacSim/CWJ/pro450_isaacsim_ws_601/install/mygripper_f100_description/share/mygripper_f100_description/package.bash'
[1.000s] INFO:colcon.colcon_core.shell:Creating package script '/workspace/dev/IsaacSim/CWJ/pro450_isaacsim_ws_601/install/mygripper_f100_description/share/mygripper_f100_description/package.zsh'
[1.000s] Level 1:colcon.colcon_core.environment:create_file_with_runtime_dependencies(/workspace/dev/IsaacSim/CWJ/pro450_isaacsim_ws_601/install/mygripper_f100_description/share/colcon-core/packages/mygripper_f100_description)
[1.002s] Level 1:colcon.colcon_core.environment:create_environment_scripts_only(mycobot_pro_450_description)
[1.002s] Level 1:colcon.colcon_core.environment:checking '/workspace/dev/IsaacSim/CWJ/pro450_isaacsim_ws_601/install/mycobot_pro_450_description' for CMake module files
[1.004s] Level 1:colcon.colcon_core.environment:checking '/workspace/dev/IsaacSim/CWJ/pro450_isaacsim_ws_601/install/mycobot_pro_450_description' for CMake config files
[1.004s] DEBUG:colcon.colcon_core.event_handler.log_command:Invoked command in '/workspace/dev/IsaacSim/CWJ/pro450_isaacsim_ws_601/build/mycobot_pro_450_description' returned '0': CMAKE_PREFIX_PATH=${CMAKE_PREFIX_PATH}:/workspace/dev/IsaacSim/CWJ/pro450_isaacsim_ws_601/install/pro450_isaacsim:/workspace/dev/IsaacSim/CWJ/pro450_isaacsim_ws/install/pro450_isaacsim:/workspace/dev/IsaacSim/CWJ/pro450_isaacsim_ws/install/pro450_isaac_moveit2_control:/workspace/dev/IsaacSim/CWJ/pro450_isaacsim_ws/install/mycobot_description:/opt/ros/jazzy /usr/bin/cmake --install /workspace/dev/IsaacSim/CWJ/pro450_isaacsim_ws_601/build/mycobot_pro_450_description
[1.005s] Level 1:colcon.colcon_core.shell:create_environment_hook('mycobot_pro_450_description', 'cmake_prefix_path')
[1.005s] INFO:colcon.colcon_core.shell:Creating environment hook '/workspace/dev/IsaacSim/CWJ/pro450_isaacsim_ws_601/install/mycobot_pro_450_description/share/mycobot_pro_450_description/hook/cmake_prefix_path.ps1'
[1.006s] INFO:colcon.colcon_core.shell:Creating environment descriptor '/workspace/dev/IsaacSim/CWJ/pro450_isaacsim_ws_601/install/mycobot_pro_450_description/share/mycobot_pro_450_description/hook/cmake_prefix_path.dsv'
[1.007s] INFO:colcon.colcon_core.shell:Creating environment hook '/workspace/dev/IsaacSim/CWJ/pro450_isaacsim_ws_601/install/mycobot_pro_450_description/share/mycobot_pro_450_description/hook/cmake_prefix_path.sh'
[1.008s] Level 1:colcon.colcon_core.environment:checking '/workspace/dev/IsaacSim/CWJ/pro450_isaacsim_ws_601/install/mycobot_pro_450_description/bin'
[1.008s] Level 1:colcon.colcon_core.environment:checking '/workspace/dev/IsaacSim/CWJ/pro450_isaacsim_ws_601/install/mycobot_pro_450_description/lib/pkgconfig/mycobot_pro_450_description.pc'
[1.009s] Level 1:colcon.colcon_core.environment:checking '/workspace/dev/IsaacSim/CWJ/pro450_isaacsim_ws_601/install/mycobot_pro_450_description/lib/python3.12/site-packages'
[1.010s] Level 1:colcon.colcon_core.environment:checking '/workspace/dev/IsaacSim/CWJ/pro450_isaacsim_ws_601/install/mycobot_pro_450_description/bin'
[1.011s] INFO:colcon.colcon_core.shell:Creating package script '/workspace/dev/IsaacSim/CWJ/pro450_isaacsim_ws_601/install/mycobot_pro_450_description/share/mycobot_pro_450_description/package.ps1'
[1.014s] INFO:colcon.colcon_core.shell:Creating package descriptor '/workspace/dev/IsaacSim/CWJ/pro450_isaacsim_ws_601/install/mycobot_pro_450_description/share/mycobot_pro_450_description/package.dsv'
[1.015s] INFO:colcon.colcon_core.shell:Creating package script '/workspace/dev/IsaacSim/CWJ/pro450_isaacsim_ws_601/install/mycobot_pro_450_description/share/mycobot_pro_450_description/package.sh'
[1.016s] INFO:colcon.colcon_core.shell:Creating package script '/workspace/dev/IsaacSim/CWJ/pro450_isaacsim_ws_601/install/mycobot_pro_450_description/share/mycobot_pro_450_description/package.bash'
[1.017s] INFO:colcon.colcon_core.shell:Creating package script '/workspace/dev/IsaacSim/CWJ/pro450_isaacsim_ws_601/install/mycobot_pro_450_description/share/mycobot_pro_450_description/package.zsh'
[1.018s] Level 1:colcon.colcon_core.environment:create_file_with_runtime_dependencies(/workspace/dev/IsaacSim/CWJ/pro450_isaacsim_ws_601/install/mycobot_pro_450_description/share/colcon-core/packages/mycobot_pro_450_description)
[1.020s] Level 1:colcon.colcon_core.environment:create_environment_scripts_only(mycobot_pro_450_description)
[1.021s] Level 1:colcon.colcon_core.environment:checking '/workspace/dev/IsaacSim/CWJ/pro450_isaacsim_ws_601/install/mycobot_pro_450_description' for CMake module files
[1.022s] Level 1:colcon.colcon_core.environment:checking '/workspace/dev/IsaacSim/CWJ/pro450_isaacsim_ws_601/install/mycobot_pro_450_description' for CMake config files
[1.023s] Level 1:colcon.colcon_core.shell:create_environment_hook('mycobot_pro_450_description', 'cmake_prefix_path')
[1.023s] INFO:colcon.colcon_core.shell:Creating environment hook '/workspace/dev/IsaacSim/CWJ/pro450_isaacsim_ws_601/install/mycobot_pro_450_description/share/mycobot_pro_450_description/hook/cmake_prefix_path.ps1'
[1.024s] INFO:colcon.colcon_core.shell:Creating environment descriptor '/workspace/dev/IsaacSim/CWJ/pro450_isaacsim_ws_601/install/mycobot_pro_450_description/share/mycobot_pro_450_description/hook/cmake_prefix_path.dsv'
[1.025s] INFO:colcon.colcon_core.shell:Creating environment hook '/workspace/dev/IsaacSim/CWJ/pro450_isaacsim_ws_601/install/mycobot_pro_450_description/share/mycobot_pro_450_description/hook/cmake_prefix_path.sh'
[1.027s] Level 1:colcon.colcon_core.environment:checking '/workspace/dev/IsaacSim/CWJ/pro450_isaacsim_ws_601/install/mycobot_pro_450_description/bin'
[1.027s] Level 1:colcon.colcon_core.environment:checking '/workspace/dev/IsaacSim/CWJ/pro450_isaacsim_ws_601/install/mycobot_pro_450_description/lib/pkgconfig/mycobot_pro_450_description.pc'
[1.028s] Level 1:colcon.colcon_core.environment:checking '/workspace/dev/IsaacSim/CWJ/pro450_isaacsim_ws_601/install/mycobot_pro_450_description/lib/python3.12/site-packages'
[1.029s] Level 1:colcon.colcon_core.environment:checking '/workspace/dev/IsaacSim/CWJ/pro450_isaacsim_ws_601/install/mycobot_pro_450_description/bin'
[1.029s] INFO:colcon.colcon_core.shell:Creating package script '/workspace/dev/IsaacSim/CWJ/pro450_isaacsim_ws_601/install/mycobot_pro_450_description/share/mycobot_pro_450_description/package.ps1'
[1.031s] INFO:colcon.colcon_core.shell:Creating package descriptor '/workspace/dev/IsaacSim/CWJ/pro450_isaacsim_ws_601/install/mycobot_pro_450_description/share/mycobot_pro_450_description/package.dsv'
[1.033s] INFO:colcon.colcon_core.shell:Creating package script '/workspace/dev/IsaacSim/CWJ/pro450_isaacsim_ws_601/install/mycobot_pro_450_description/share/mycobot_pro_450_description/package.sh'
[1.034s] INFO:colcon.colcon_core.shell:Creating package script '/workspace/dev/IsaacSim/CWJ/pro450_isaacsim_ws_601/install/mycobot_pro_450_description/share/mycobot_pro_450_description/package.bash'
[1.038s] INFO:colcon.colcon_core.shell:Creating package script '/workspace/dev/IsaacSim/CWJ/pro450_isaacsim_ws_601/install/mycobot_pro_450_description/share/mycobot_pro_450_description/package.zsh'
[1.041s] Level 1:colcon.colcon_core.environment:create_file_with_runtime_dependencies(/workspace/dev/IsaacSim/CWJ/pro450_isaacsim_ws_601/install/mycobot_pro_450_description/share/colcon-core/packages/mycobot_pro_450_description)
[2.013s] DEBUG:colcon.colcon_core.task.python.build:Available setuptools commands: compile_catalog, install_scripts, build_py, register, upload, extract_messages, bdist_dumb, easy_install, dist_info, install_data, clean, build_clib, init_catalog, install, symlink_data, check, test, bdist, bdist_rpm, install_headers, editable_wheel, alias, update_catalog, develop, rotate, install_egg_info, build_scripts, upload_docs, build_ext, sdist, setopt, bdist_egg, bdist_wheel, saveopts, build, egg_info, install_lib
[2.019s] DEBUG:colcon.colcon_core.event_handler.log_command:Invoking command in '/workspace/dev/IsaacSim/CWJ/pro450_isaacsim_ws_601/src/mycobot450_isaacsim-6.0.1/pro450_isaacsim': PYTHONPATH=/workspace/dev/IsaacSim/CWJ/pro450_isaacsim_ws_601/build/pro450_isaacsim/prefix_override:/usr/lib/python3/dist-packages/colcon_core/task/python/colcon_distutils_commands:/workspace/dev/IsaacSim/CWJ/pro450_isaacsim_ws_601/install/pro450_isaacsim/lib/python3.12/site-packages:${PYTHONPATH} /usr/bin/python3 -W ignore:setup.py install is deprecated -W ignore:easy_install command is deprecated setup.py egg_info --egg-base ../../../build/pro450_isaacsim build --build-base /workspace/dev/IsaacSim/CWJ/pro450_isaacsim_ws_601/build/pro450_isaacsim/build install --record /workspace/dev/IsaacSim/CWJ/pro450_isaacsim_ws_601/build/pro450_isaacsim/install.log --install-scripts $base/lib/pro450_isaacsim --single-version-externally-managed install_data
[3.039s] Level 1:colcon.colcon_core.environment:checking '/workspace/dev/IsaacSim/CWJ/pro450_isaacsim_ws_601/install/pro450_isaacsim' for CMake module files
[3.040s] DEBUG:colcon.colcon_core.event_handler.log_command:Invoked command in '/workspace/dev/IsaacSim/CWJ/pro450_isaacsim_ws_601/src/mycobot450_isaacsim-6.0.1/pro450_isaacsim' returned '0': PYTHONPATH=/workspace/dev/IsaacSim/CWJ/pro450_isaacsim_ws_601/build/pro450_isaacsim/prefix_override:/usr/lib/python3/dist-packages/colcon_core/task/python/colcon_distutils_commands:/workspace/dev/IsaacSim/CWJ/pro450_isaacsim_ws_601/install/pro450_isaacsim/lib/python3.12/site-packages:${PYTHONPATH} /usr/bin/python3 -W ignore:setup.py install is deprecated -W ignore:easy_install command is deprecated setup.py egg_info --egg-base ../../../build/pro450_isaacsim build --build-base /workspace/dev/IsaacSim/CWJ/pro450_isaacsim_ws_601/build/pro450_isaacsim/build install --record /workspace/dev/IsaacSim/CWJ/pro450_isaacsim_ws_601/build/pro450_isaacsim/install.log --install-scripts $base/lib/pro450_isaacsim --single-version-externally-managed install_data
[3.041s] Level 1:colcon.colcon_core.environment:checking '/workspace/dev/IsaacSim/CWJ/pro450_isaacsim_ws_601/install/pro450_isaacsim' for CMake config files
[3.042s] Level 1:colcon.colcon_core.environment:checking '/workspace/dev/IsaacSim/CWJ/pro450_isaacsim_ws_601/install/pro450_isaacsim/lib'
[3.043s] Level 1:colcon.colcon_core.environment:checking '/workspace/dev/IsaacSim/CWJ/pro450_isaacsim_ws_601/install/pro450_isaacsim/bin'
[3.043s] Level 1:colcon.colcon_core.environment:checking '/workspace/dev/IsaacSim/CWJ/pro450_isaacsim_ws_601/install/pro450_isaacsim/lib/pkgconfig/pro450_isaacsim.pc'
[3.044s] Level 1:colcon.colcon_core.environment:checking '/workspace/dev/IsaacSim/CWJ/pro450_isaacsim_ws_601/install/pro450_isaacsim/lib/python3.12/site-packages'
[3.044s] Level 1:colcon.colcon_core.shell:create_environment_hook('pro450_isaacsim', 'pythonpath')
[3.045s] INFO:colcon.colcon_core.shell:Creating environment hook '/workspace/dev/IsaacSim/CWJ/pro450_isaacsim_ws_601/install/pro450_isaacsim/share/pro450_isaacsim/hook/pythonpath.ps1'
[3.045s] INFO:colcon.colcon_core.shell:Creating environment descriptor '/workspace/dev/IsaacSim/CWJ/pro450_isaacsim_ws_601/install/pro450_isaacsim/share/pro450_isaacsim/hook/pythonpath.dsv'
[3.046s] INFO:colcon.colcon_core.shell:Creating environment hook '/workspace/dev/IsaacSim/CWJ/pro450_isaacsim_ws_601/install/pro450_isaacsim/share/pro450_isaacsim/hook/pythonpath.sh'
[3.048s] Level 1:colcon.colcon_core.environment:checking '/workspace/dev/IsaacSim/CWJ/pro450_isaacsim_ws_601/install/pro450_isaacsim/bin'
[3.048s] Level 1:colcon.colcon_core.environment:create_environment_scripts_only(pro450_isaacsim)
[3.049s] INFO:colcon.colcon_core.shell:Creating package script '/workspace/dev/IsaacSim/CWJ/pro450_isaacsim_ws_601/install/pro450_isaacsim/share/pro450_isaacsim/package.ps1'
[3.050s] INFO:colcon.colcon_core.shell:Creating package descriptor '/workspace/dev/IsaacSim/CWJ/pro450_isaacsim_ws_601/install/pro450_isaacsim/share/pro450_isaacsim/package.dsv'
[3.051s] INFO:colcon.colcon_core.shell:Creating package script '/workspace/dev/IsaacSim/CWJ/pro450_isaacsim_ws_601/install/pro450_isaacsim/share/pro450_isaacsim/package.sh'
[3.052s] INFO:colcon.colcon_core.shell:Creating package script '/workspace/dev/IsaacSim/CWJ/pro450_isaacsim_ws_601/install/pro450_isaacsim/share/pro450_isaacsim/package.bash'
[3.053s] INFO:colcon.colcon_core.shell:Creating package script '/workspace/dev/IsaacSim/CWJ/pro450_isaacsim_ws_601/install/pro450_isaacsim/share/pro450_isaacsim/package.zsh'
[3.054s] Level 1:colcon.colcon_core.environment:create_file_with_runtime_dependencies(/workspace/dev/IsaacSim/CWJ/pro450_isaacsim_ws_601/install/pro450_isaacsim/share/colcon-core/packages/pro450_isaacsim)
[3.054s] DEBUG:colcon.colcon_parallel_executor.executor.parallel:closing loop
[3.055s] DEBUG:colcon.colcon_parallel_executor.executor.parallel:loop closed
[3.056s] DEBUG:colcon.colcon_parallel_executor.executor.parallel:run_until_complete finished with '0'
[3.056s] DEBUG:colcon.colcon_core.event_reactor:joining thread
[3.067s] INFO:colcon.colcon_core.plugin_system:Skipping extension 'colcon_notification.desktop_notification.notify_send': Could not find 'notify-send'
[3.068s] INFO:colcon.colcon_core.plugin_system:Skipping extension 'colcon_notification.desktop_notification.terminal_notifier': Not used on non-Darwin systems
[3.068s] INFO:colcon.colcon_core.plugin_system:Skipping extension 'colcon_notification.desktop_notification.win32': Not used on non-Windows systems
[3.068s] INFO:colcon.colcon_notification.desktop_notification:Sending desktop notification using 'notify2'
[3.068s] DEBUG:colcon.colcon_notification.desktop_notification.notify2:Failed to initialize notify2: org.freedesktop.DBus.Error.NotSupported: Unable to autolaunch a dbus-daemon without a $DISPLAY for X11
[3.069s] DEBUG:colcon.colcon_core.event_reactor:joined thread
[3.069s] INFO:colcon.colcon_core.shell:Creating prefix script '/workspace/dev/IsaacSim/CWJ/pro450_isaacsim_ws_601/install/local_setup.ps1'
[3.072s] INFO:colcon.colcon_core.shell:Creating prefix util module '/workspace/dev/IsaacSim/CWJ/pro450_isaacsim_ws_601/install/_local_setup_util_ps1.py'
[3.074s] INFO:colcon.colcon_core.shell:Creating prefix chain script '/workspace/dev/IsaacSim/CWJ/pro450_isaacsim_ws_601/install/setup.ps1'
[3.076s] INFO:colcon.colcon_core.shell:Creating prefix script '/workspace/dev/IsaacSim/CWJ/pro450_isaacsim_ws_601/install/local_setup.sh'
[3.077s] INFO:colcon.colcon_core.shell:Creating prefix util module '/workspace/dev/IsaacSim/CWJ/pro450_isaacsim_ws_601/install/_local_setup_util_sh.py'
[3.079s] INFO:colcon.colcon_core.shell:Creating prefix chain script '/workspace/dev/IsaacSim/CWJ/pro450_isaacsim_ws_601/install/setup.sh'
[3.081s] INFO:colcon.colcon_core.shell:Creating prefix script '/workspace/dev/IsaacSim/CWJ/pro450_isaacsim_ws_601/install/local_setup.bash'
[3.082s] INFO:colcon.colcon_core.shell:Creating prefix chain script '/workspace/dev/IsaacSim/CWJ/pro450_isaacsim_ws_601/install/setup.bash'
[3.084s] INFO:colcon.colcon_core.shell:Creating prefix script '/workspace/dev/IsaacSim/CWJ/pro450_isaacsim_ws_601/install/local_setup.zsh'
[3.086s] INFO:colcon.colcon_core.shell:Creating prefix chain script '/workspace/dev/IsaacSim/CWJ/pro450_isaacsim_ws_601/install/setup.zsh'
