/workspace/dev/IsaacSim/CWJ/pro450_isaacsim_ws_601/install/pro450_isaacsim/lib/python3.12/site-packages/pro450_isaacsim/follow_display.py
/workspace/dev/IsaacSim/CWJ/pro450_isaacsim_ws_601/install/pro450_isaacsim/lib/python3.12/site-packages/pro450_isaacsim/pick_and_place_maduo.py
/workspace/dev/IsaacSim/CWJ/pro450_isaacsim_ws_601/install/pro450_isaacsim/lib/python3.12/site-packages/pro450_isaacsim/pick_and_place_fenjian.py
/workspace/dev/IsaacSim/CWJ/pro450_isaacsim_ws_601/install/pro450_isaacsim/lib/python3.12/site-packages/pro450_isaacsim/slider_control.py
/workspace/dev/IsaacSim/CWJ/pro450_isaacsim_ws_601/install/pro450_isaacsim/lib/python3.12/site-packages/pro450_isaacsim/__init__.py
/workspace/dev/IsaacSim/CWJ/pro450_isaacsim_ws_601/install/pro450_isaacsim/lib/python3.12/site-packages/pro450_isaacsim/slider_control1.py
/workspace/dev/IsaacSim/CWJ/pro450_isaacsim_ws_601/install/pro450_isaacsim/lib/python3.12/site-packages/pro450_isaacsim/__pycache__/follow_display.cpython-312.pyc
/workspace/dev/IsaacSim/CWJ/pro450_isaacsim_ws_601/install/pro450_isaacsim/lib/python3.12/site-packages/pro450_isaacsim/__pycache__/pick_and_place_maduo.cpython-312.pyc
/workspace/dev/IsaacSim/CWJ/pro450_isaacsim_ws_601/install/pro450_isaacsim/lib/python3.12/site-packages/pro450_isaacsim/__pycache__/pick_and_place_fenjian.cpython-312.pyc
/workspace/dev/IsaacSim/CWJ/pro450_isaacsim_ws_601/install/pro450_isaacsim/lib/python3.12/site-packages/pro450_isaacsim/__pycache__/slider_control.cpython-312.pyc
/workspace/dev/IsaacSim/CWJ/pro450_isaacsim_ws_601/install/pro450_isaacsim/lib/python3.12/site-packages/pro450_isaacsim/__pycache__/__init__.cpython-312.pyc
/workspace/dev/IsaacSim/CWJ/pro450_isaacsim_ws_601/install/pro450_isaacsim/lib/python3.12/site-packages/pro450_isaacsim/__pycache__/slider_control1.cpython-312.pyc
/workspace/dev/IsaacSim/CWJ/pro450_isaacsim_ws_601/install/pro450_isaacsim/share/ament_index/resource_index/packages/pro450_isaacsim
/workspace/dev/IsaacSim/CWJ/pro450_isaacsim_ws_601/install/pro450_isaacsim/share/pro450_isaacsim/package.xml
/workspace/dev/IsaacSim/CWJ/pro450_isaacsim_ws_601/install/pro450_isaacsim/lib/python3.12/site-packages/pro450_isaacsim-0.0.0-py3.12.egg-info/top_level.txt
/workspace/dev/IsaacSim/CWJ/pro450_isaacsim_ws_601/install/pro450_isaacsim/lib/python3.12/site-packages/pro450_isaacsim-0.0.0-py3.12.egg-info/PKG-INFO
/workspace/dev/IsaacSim/CWJ/pro450_isaacsim_ws_601/install/pro450_isaacsim/lib/python3.12/site-packages/pro450_isaacsim-0.0.0-py3.12.egg-info/entry_points.txt
/workspace/dev/IsaacSim/CWJ/pro450_isaacsim_ws_601/install/pro450_isaacsim/lib/python3.12/site-packages/pro450_isaacsim-0.0.0-py3.12.egg-info/zip-safe
/workspace/dev/IsaacSim/CWJ/pro450_isaacsim_ws_601/install/pro450_isaacsim/lib/python3.12/site-packages/pro450_isaacsim-0.0.0-py3.12.egg-info/requires.txt
/workspace/dev/IsaacSim/CWJ/pro450_isaacsim_ws_601/install/pro450_isaacsim/lib/python3.12/site-packages/pro450_isaacsim-0.0.0-py3.12.egg-info/SOURCES.txt
/workspace/dev/IsaacSim/CWJ/pro450_isaacsim_ws_601/install/pro450_isaacsim/lib/python3.12/site-packages/pro450_isaacsim-0.0.0-py3.12.egg-info/dependency_links.txt
/workspace/dev/IsaacSim/CWJ/pro450_isaacsim_ws_601/install/pro450_isaacsim/lib/pro450_isaacsim/follow_display
/workspace/dev/IsaacSim/CWJ/pro450_isaacsim_ws_601/install/pro450_isaacsim/lib/pro450_isaacsim/pick_and_place_fenjian
/workspace/dev/IsaacSim/CWJ/pro450_isaacsim_ws_601/install/pro450_isaacsim/lib/pro450_isaacsim/pick_and_place_maduo
/workspace/dev/IsaacSim/CWJ/pro450_isaacsim_ws_601/install/pro450_isaacsim/lib/pro450_isaacsim/pick_and_place_menu
/workspace/dev/IsaacSim/CWJ/pro450_isaacsim_ws_601/install/pro450_isaacsim/lib/pro450_isaacsim/slider_control
/workspace/dev/IsaacSim/CWJ/pro450_isaacsim_ws_601/install/pro450_isaacsim/lib/pro450_isaacsim/slider_control1
